C:\ST\STM32CubeIDE_1.19.0\STM32CubeIDE\plugins\com.st.stm32cube.ide.mcu.externaltools.gnu-tools-for-stm32.13.3.rel1.win32_1.0.0.202411081344\tools\bin/../lib/gcc/arm-none-eabi/13.3.1/../../../../arm-none-eabi/include/c++/13.3.1/atomic:76:15:constexpr std::atomic<bool>::atomic(bool)	16	static
C:\ST\STM32CubeIDE_1.19.0\STM32CubeIDE\plugins\com.st.stm32cube.ide.mcu.externaltools.gnu-tools-for-stm32.13.3.rel1.win32_1.0.0.202411081344\tools\bin/../lib/gcc/arm-none-eabi/13.3.1/../../../../arm-none-eabi/include/c++/13.3.1/atomic:764:17:constexpr std::atomic<unsigned char>::atomic(__integral_type)	16	static
../Core/PrometheUS/System/SystemFlags.hpp:10:3:SystemFlags::SystemFlags()	16	static
../Core/PrometheUS/Sensing/GenericAdcChannelSampler.hpp:9:11:GenericAdcChannelSampler::~GenericAdcChannelSampler()	16	static
../Core/PrometheUS/Sensing/GenericAdcChannelSampler.hpp:9:11:virtual GenericAdcChannelSampler::~GenericAdcChannelSampler()	16	static
../Core/Src/cppMain.cpp:34:6:void cppMain()	8	static
../Core/Src/cppMain.cpp:49:6:void cppTests()	8	static
../Core/Src/cppMain.cpp:75:17:void HAL_TIM_OC_DelayElapsedCallback(TIM_HandleTypeDef*)	16	static
../Core/Src/cppMain.cpp:159:17:void HAL_ADC_ConvCpltCallback(ADC_HandleTypeDef*)	16	static
C:\ST\STM32CubeIDE_1.19.0\STM32CubeIDE\plugins\com.st.stm32cube.ide.mcu.externaltools.gnu-tools-for-stm32.13.3.rel1.win32_1.0.0.202411081344\tools\bin/../lib/gcc/arm-none-eabi/13.3.1/../../../../arm-none-eabi/include/c++/13.3.1/bits/atomic_base.h:362:17:constexpr std::__atomic_base<_IntTp>::__atomic_base(__int_type) [with _ITp = bool]	16	static
C:\ST\STM32CubeIDE_1.19.0\STM32CubeIDE\plugins\com.st.stm32cube.ide.mcu.externaltools.gnu-tools-for-stm32.13.3.rel1.win32_1.0.0.202411081344\tools\bin/../lib/gcc/arm-none-eabi/13.3.1/../../../../arm-none-eabi/include/c++/13.3.1/bits/atomic_base.h:362:17:constexpr std::__atomic_base<_IntTp>::__atomic_base(__int_type) [with _ITp = unsigned char]	16	static
C:\ST\STM32CubeIDE_1.19.0\STM32CubeIDE\plugins\com.st.stm32cube.ide.mcu.externaltools.gnu-tools-for-stm32.13.3.rel1.win32_1.0.0.202411081344\tools\bin/../lib/gcc/arm-none-eabi/13.3.1/../../../../arm-none-eabi/include/c++/13.3.1/bits/atomic_base.h:962:7:constexpr bool std::__atomic_impl::__maybe_has_padding() [with _Tp = SystemFlags::ADCSource]	4	static
C:\ST\STM32CubeIDE_1.19.0\STM32CubeIDE\plugins\com.st.stm32cube.ide.mcu.externaltools.gnu-tools-for-stm32.13.3.rel1.win32_1.0.0.202411081344\tools\bin/../lib/gcc/arm-none-eabi/13.3.1/../../../../arm-none-eabi/include/c++/13.3.1/atomic:233:17:constexpr std::atomic<_Tp>::atomic(_Tp) [with _Tp = SystemFlags::ADCSource]	16	static
C:\ST\STM32CubeIDE_1.19.0\STM32CubeIDE\plugins\com.st.stm32cube.ide.mcu.externaltools.gnu-tools-for-stm32.13.3.rel1.win32_1.0.0.202411081344\tools\bin/../lib/gcc/arm-none-eabi/13.3.1/../../../../arm-none-eabi/include/c++/13.3.1/bits/move.h:51:5:constexpr _Tp* std::__addressof(_Tp&) [with _Tp = SystemFlags::ADCSource]	16	static
../Core/Src/cppMain.cpp:220:1:void __static_initialization_and_destruction_0()	8	static
../Core/PrometheUS/Sensing/MotorVelocitySampler.hpp:5:7:MotorVelocitySampler::~MotorVelocitySampler()	16	static
../Core/PrometheUS/Sensing/MotorVelocitySampler.hpp:5:7:virtual MotorVelocitySampler::~MotorVelocitySampler()	16	static
../Core/PrometheUS/Sensing/ClutchCurrentSampler.hpp:6:7:ClutchCurrentSampler::~ClutchCurrentSampler()	16	static
../Core/PrometheUS/Sensing/ClutchCurrentSampler.hpp:6:7:virtual ClutchCurrentSampler::~ClutchCurrentSampler()	16	static
../Core/Src/cppMain.cpp:220:1:void __static_initialization_and_destruction_1()	8	static
../Core/Src/cppMain.cpp:220:1:cpp)	8	static
../Core/Src/cppMain.cpp:220:1:cpp)	8	static
