../Core/Src/main.c:89:5:main	8	static
../Core/Src/main.c:143:6:SystemClock_Config	88	static
../Core/Src/main.c:191:13:MX_ADC1_Init	24	static
../Core/Src/main.c:259:13:MX_ADC2_Init	24	static
../Core/Src/main.c:328:13:MX_ADC3_Init	24	static
../Core/Src/main.c:380:13:MX_SPI1_Init	8	static
../Core/Src/main.c:418:13:MX_TIM1_Init	80	static
../Core/Src/main.c:493:13:MX_TIM2_Init	64	static
../Core/Src/main.c:568:13:MX_TIM3_Init	64	static
../Core/Src/main.c:628:13:MX_TIM4_Init	64	static
../Core/Src/main.c:688:13:MX_USART2_UART_Init	8	static
../Core/Src/main.c:719:13:MX_DMA_Init	16	static
../Core/Src/main.c:743:13:MX_GPIO_Init	56	static
../Core/Src/main.c:812:6:Error_Handler	4	static,ignoring_inline_asm
