../Core/Src/main.c:92:5:main	1
../Core/Src/main.c:147:6:SystemClock_Config	3
../Core/Src/main.c:195:13:MX_ADC1_Init	5
../Core/Src/main.c:265:13:MX_ADC2_Init	5
../Core/Src/main.c:335:13:MX_ADC3_Init	3
../Core/Src/main.c:387:13:MX_DAC_Init	3
../Core/Src/main.c:427:13:MX_SPI1_Init	2
../Core/Src/main.c:465:13:MX_TIM1_Init	7
../Core/Src/main.c:540:13:MX_TIM2_Init	9
../Core/Src/main.c:615:13:MX_TIM3_Init	6
../Core/Src/main.c:675:13:MX_TIM4_Init	6
../Core/Src/main.c:735:13:MX_USART2_UART_Init	2
../Core/Src/main.c:766:13:MX_DMA_Init	1
../Core/Src/main.c:790:13:MX_GPIO_Init	1
../Core/Src/main.c:865:6:Error_Handler	1
