../Core/Src/main.c:89:5:main	1
../Core/Src/main.c:143:6:SystemClock_Config	3
../Core/Src/main.c:191:13:MX_ADC1_Init	5
../Core/Src/main.c:259:13:MX_ADC2_Init	5
../Core/Src/main.c:328:13:MX_ADC3_Init	3
../Core/Src/main.c:380:13:MX_SPI1_Init	2
../Core/Src/main.c:418:13:MX_TIM1_Init	7
../Core/Src/main.c:493:13:MX_TIM2_Init	9
../Core/Src/main.c:568:13:MX_TIM3_Init	6
../Core/Src/main.c:628:13:MX_TIM4_Init	6
../Core/Src/main.c:688:13:MX_USART2_UART_Init	2
../Core/Src/main.c:719:13:MX_DMA_Init	1
../Core/Src/main.c:743:13:MX_GPIO_Init	1
../Core/Src/main.c:812:6:Error_Handler	1
