../Core/Src/main.c:80:5:main	8	static
../Core/Src/main.c:131:6:SystemClock_Config	88	static
../Core/Src/main.c:186:13:MX_ADC1_Init	24	static
../Core/Src/main.c:254:13:MX_ADC2_Init	24	static
../Core/Src/main.c:322:13:MX_ADC3_Init	24	static
../Core/Src/main.c:374:13:MX_SPI1_Init	8	static
../Core/Src/main.c:412:13:MX_TIM1_Init	96	static
../Core/Src/main.c:498:13:MX_TIM2_Init	64	static
../Core/Src/main.c:566:13:MX_DMA_Init	16	static
../Core/Src/main.c:584:13:MX_GPIO_Init	56	static
../Core/Src/main.c:642:6:Error_Handler	4	static,ignoring_inline_asm
