../Core/PrometheUS/Actuation/DigitalOutput.hpp:11:8:void DigitalOutput::init(GPIO_TypeDef*, uint16_t)	24	static
../Core/PrometheUS/Control/Switch.hpp:11:8:void Switch::init(GPIO_TypeDef*, uint16_t)	24	static
C:\ST\STM32CubeIDE_1.19.0\STM32CubeIDE\plugins\com.st.stm32cube.ide.mcu.externaltools.gnu-tools-for-stm32.13.3.rel1.win32_1.0.0.202411081344\tools\arm-none-eabi\include\c++\13.3.1\arm-none-eabi\thumb\v7e-m+fp\hard\bits\c++config.h:540:3:constexpr bool std::__is_constant_evaluated()	4	static
C:\ST\STM32CubeIDE_1.19.0\STM32CubeIDE\plugins\com.st.stm32cube.ide.mcu.externaltools.gnu-tools-for-stm32.13.3.rel1.win32_1.0.0.202411081344\tools\bin/../lib/gcc/arm-none-eabi/13.3.1/../../../../arm-none-eabi/include/c++/13.3.1/bits/atomic_base.h:107:3:constexpr std::memory_order std::operator&(memory_order, __memory_order_modifier)	16	static
C:\ST\STM32CubeIDE_1.19.0\STM32CubeIDE\plugins\com.st.stm32cube.ide.mcu.externaltools.gnu-tools-for-stm32.13.3.rel1.win32_1.0.0.202411081344\tools\bin/../lib/gcc/arm-none-eabi/13.3.1/../../../../arm-none-eabi/include/c++/13.3.1/atomic:119:5:bool std::atomic<bool>::exchange(bool, std::memory_order)	24	static
../Core/PrometheUS/System/TelemetrySender.hpp:18:8:void TelemetryPacket::clear()	24	static
../Core/PrometheUS/System/TelemetrySender.hpp:34:3:constexpr TelemetrySender::TelemetrySender()	16	static
../Core/PrometheUS/System/ErrorFlags.hpp:6:8:constexpr ErrorFlags::ErrorFlags()	16	static
../Core/PrometheUS/Actuation/DigitalOutput.hpp:8:3:constexpr DigitalOutput::DigitalOutput()	16	static
../Core/PrometheUS/Control/Switch.hpp:8:3:constexpr Switch::Switch()	16	static
../Core/PrometheUS/Sensing/GenericAdcBurstSampler.hpp:10:3:constexpr GenericAdcBurstSampler::GenericAdcBurstSampler()	16	static
../Core/PrometheUS/Sensing/PotentiometersSampler.hpp:5:7:constexpr PotentiometersSampler::PotentiometersSampler()	16	static
../Core/PrometheUS/Sensing/ClutchesTemperatureSampler.hpp:5:7:constexpr ClutchesTemperatureSampler::ClutchesTemperatureSampler()	16	static
../Core/PrometheUS/System/PrometheUS.cpp:3:1:PrometheUS_Gripper::PrometheUS_Gripper(SystemFlags&, ClutchCurrentSampler&, ClutchCurrentSampler&, ClutchCurrentSampler&, MotorVelocitySampler&)	24	static
../Core/PrometheUS/System/PrometheUS.cpp:18:6:void PrometheUS_Gripper::init()	24	static
../Core/PrometheUS/System/PrometheUS.cpp:45:6:void PrometheUS_Gripper::execute()	16	static
../Core/PrometheUS/System/PrometheUS.cpp:50:6:void PrometheUS_Gripper::systemStateMachine()	16	static
../Core/PrometheUS/System/TelemetrySender.hpp:6:32:TelemetryPacket::TelemetryPacket()	16	static
../Core/PrometheUS/System/PrometheUS.cpp:98:6:void PrometheUS_Gripper::controlStateMachine()	32	static
../Core/PrometheUS/System/PrometheUS.cpp:205:6:static void PrometheUS_Gripper::startTimers()	8	static
../Core/PrometheUS/System/PrometheUS.cpp:239:6:void PrometheUS_Gripper::start()	16	static
../Core/PrometheUS/System/PrometheUS.cpp:248:6:void PrometheUS_Gripper::stop()	16	static
../Core/PrometheUS/System/PrometheUS.cpp:257:6:void PrometheUS_Gripper::checkForErrors()	24	static
