Archive member included to satisfy reference by file (symbol)

C:/ST/STM32CubeIDE_1.19.0/STM32CubeIDE/plugins/com.st.stm32cube.ide.mcu.externaltools.gnu-tools-for-stm32.13.3.rel1.win32_1.0.0.202411081344/tools/bin/../lib/gcc/arm-none-eabi/13.3.1/../../../../arm-none-eabi/lib/thumb/v7e-m+fp/hard\libstdc++_nano.a(del_ops.o)
                              ./Core/Src/PrometheUS/ClutchCurrentSampler.o (operator delete(void*, unsigned int))
C:/ST/STM32CubeIDE_1.19.0/STM32CubeIDE/plugins/com.st.stm32cube.ide.mcu.externaltools.gnu-tools-for-stm32.13.3.rel1.win32_1.0.0.202411081344/tools/bin/../lib/gcc/arm-none-eabi/13.3.1/../../../../arm-none-eabi/lib/thumb/v7e-m+fp/hard\libstdc++_nano.a(del_op.o)
                              C:/ST/STM32CubeIDE_1.19.0/STM32CubeIDE/plugins/com.st.stm32cube.ide.mcu.externaltools.gnu-tools-for-stm32.13.3.rel1.win32_1.0.0.202411081344/tools/bin/../lib/gcc/arm-none-eabi/13.3.1/../../../../arm-none-eabi/lib/thumb/v7e-m+fp/hard\libstdc++_nano.a(del_ops.o) (operator delete(void*))
C:/ST/STM32CubeIDE_1.19.0/STM32CubeIDE/plugins/com.st.stm32cube.ide.mcu.externaltools.gnu-tools-for-stm32.13.3.rel1.win32_1.0.0.202411081344/tools/bin/../lib/gcc/arm-none-eabi/13.3.1/../../../../arm-none-eabi/lib/thumb/v7e-m+fp/hard\libc_nano.a(libc_a-exit.o)
                              C:/ST/STM32CubeIDE_1.19.0/STM32CubeIDE/plugins/com.st.stm32cube.ide.mcu.externaltools.gnu-tools-for-stm32.13.3.rel1.win32_1.0.0.202411081344/tools/bin/../lib/gcc/arm-none-eabi/13.3.1/../../../../arm-none-eabi/lib/thumb/v7e-m+fp/hard/crt0.o (exit)
C:/ST/STM32CubeIDE_1.19.0/STM32CubeIDE/plugins/com.st.stm32cube.ide.mcu.externaltools.gnu-tools-for-stm32.13.3.rel1.win32_1.0.0.202411081344/tools/bin/../lib/gcc/arm-none-eabi/13.3.1/../../../../arm-none-eabi/lib/thumb/v7e-m+fp/hard\libc_nano.a(libc_a-malloc.o)
                              C:/ST/STM32CubeIDE_1.19.0/STM32CubeIDE/plugins/com.st.stm32cube.ide.mcu.externaltools.gnu-tools-for-stm32.13.3.rel1.win32_1.0.0.202411081344/tools/bin/../lib/gcc/arm-none-eabi/13.3.1/../../../../arm-none-eabi/lib/thumb/v7e-m+fp/hard\libstdc++_nano.a(del_op.o) (free)
C:/ST/STM32CubeIDE_1.19.0/STM32CubeIDE/plugins/com.st.stm32cube.ide.mcu.externaltools.gnu-tools-for-stm32.13.3.rel1.win32_1.0.0.202411081344/tools/bin/../lib/gcc/arm-none-eabi/13.3.1/../../../../arm-none-eabi/lib/thumb/v7e-m+fp/hard\libc_nano.a(libc_a-mallocr.o)
                              C:/ST/STM32CubeIDE_1.19.0/STM32CubeIDE/plugins/com.st.stm32cube.ide.mcu.externaltools.gnu-tools-for-stm32.13.3.rel1.win32_1.0.0.202411081344/tools/bin/../lib/gcc/arm-none-eabi/13.3.1/../../../../arm-none-eabi/lib/thumb/v7e-m+fp/hard\libc_nano.a(libc_a-malloc.o) (_malloc_r)
C:/ST/STM32CubeIDE_1.19.0/STM32CubeIDE/plugins/com.st.stm32cube.ide.mcu.externaltools.gnu-tools-for-stm32.13.3.rel1.win32_1.0.0.202411081344/tools/bin/../lib/gcc/arm-none-eabi/13.3.1/../../../../arm-none-eabi/lib/thumb/v7e-m+fp/hard\libc_nano.a(libc_a-mlock.o)
                              C:/ST/STM32CubeIDE_1.19.0/STM32CubeIDE/plugins/com.st.stm32cube.ide.mcu.externaltools.gnu-tools-for-stm32.13.3.rel1.win32_1.0.0.202411081344/tools/bin/../lib/gcc/arm-none-eabi/13.3.1/../../../../arm-none-eabi/lib/thumb/v7e-m+fp/hard\libc_nano.a(libc_a-mallocr.o) (__malloc_lock)
C:/ST/STM32CubeIDE_1.19.0/STM32CubeIDE/plugins/com.st.stm32cube.ide.mcu.externaltools.gnu-tools-for-stm32.13.3.rel1.win32_1.0.0.202411081344/tools/bin/../lib/gcc/arm-none-eabi/13.3.1/../../../../arm-none-eabi/lib/thumb/v7e-m+fp/hard\libc_nano.a(libc_a-nano-vfprintf_float.o)
                              (_printf_float)
C:/ST/STM32CubeIDE_1.19.0/STM32CubeIDE/plugins/com.st.stm32cube.ide.mcu.externaltools.gnu-tools-for-stm32.13.3.rel1.win32_1.0.0.202411081344/tools/bin/../lib/gcc/arm-none-eabi/13.3.1/../../../../arm-none-eabi/lib/thumb/v7e-m+fp/hard\libc_nano.a(libc_a-nano-vfprintf_i.o)
                              C:/ST/STM32CubeIDE_1.19.0/STM32CubeIDE/plugins/com.st.stm32cube.ide.mcu.externaltools.gnu-tools-for-stm32.13.3.rel1.win32_1.0.0.202411081344/tools/bin/../lib/gcc/arm-none-eabi/13.3.1/../../../../arm-none-eabi/lib/thumb/v7e-m+fp/hard\libc_nano.a(libc_a-nano-vfprintf_float.o) (_printf_common)
C:/ST/STM32CubeIDE_1.19.0/STM32CubeIDE/plugins/com.st.stm32cube.ide.mcu.externaltools.gnu-tools-for-stm32.13.3.rel1.win32_1.0.0.202411081344/tools/bin/../lib/gcc/arm-none-eabi/13.3.1/../../../../arm-none-eabi/lib/thumb/v7e-m+fp/hard\libc_nano.a(libc_a-findfp.o)
                              C:/ST/STM32CubeIDE_1.19.0/STM32CubeIDE/plugins/com.st.stm32cube.ide.mcu.externaltools.gnu-tools-for-stm32.13.3.rel1.win32_1.0.0.202411081344/tools/bin/../lib/gcc/arm-none-eabi/13.3.1/../../../../arm-none-eabi/lib/thumb/v7e-m+fp/hard\libc_nano.a(libc_a-exit.o) (__stdio_exit_handler)
C:/ST/STM32CubeIDE_1.19.0/STM32CubeIDE/plugins/com.st.stm32cube.ide.mcu.externaltools.gnu-tools-for-stm32.13.3.rel1.win32_1.0.0.202411081344/tools/bin/../lib/gcc/arm-none-eabi/13.3.1/../../../../arm-none-eabi/lib/thumb/v7e-m+fp/hard\libc_nano.a(libc_a-fwalk.o)
[...]
Memory Configuration

Name             Origin             Length             Attributes
RAM              0x20000000         0x00020000         xrw
FLASH            0x08000000         0x00080000         xr
*default*        0x00000000         0xffffffff

Linker script and memory map

LOAD C:/ST/STM32CubeIDE_1.19.0/STM32CubeIDE/plugins/com.st.stm32cube.ide.mcu.externaltools.gnu-tools-for-stm32.13.3.rel1.win32_1.0.0.202411081344/tools/bin/../lib/gcc/arm-none-eabi/13.3.1/thumb/v7e-m+fp/hard/crti.o
LOAD C:/ST/STM32CubeIDE_1.19.0/STM32CubeIDE/plugins/com.st.stm32cube.ide.mcu.externaltools.gnu-tools-for-stm32.13.3.rel1.win32_1.0.0.202411081344/tools/bin/../lib/gcc/arm-none-eabi/13.3.1/thumb/v7e-m+fp/hard/crtbegin.o
LOAD C:/ST/STM32CubeIDE_1.19.0/STM32CubeIDE/plugins/com.st.stm32cube.ide.mcu.externaltools.gnu-tools-for-stm32.13.3.rel1.win32_1.0.0.202411081344/tools/bin/../lib/gcc/arm-none-eabi/13.3.1/../../../../arm-none-eabi/lib/thumb/v7e-m+fp/hard/crt0.o
LOAD ./Core/Src/PrometheUS/Clutch.o
LOAD ./Core/Src/PrometheUS/ClutchCurrentSampler.o
LOAD ./Core/Src/PrometheUS/ClutchesTemperatureSampler.o
LOAD ./Core/Src/PrometheUS/EncoderSampler.o
LOAD ./Core/Src/PrometheUS/Finger.o
LOAD ./Core/Src/PrometheUS/GenericAdcBurstSampler.o
LOAD ./Core/Src/PrometheUS/GenericAdcChannelSampler.o
LOAD ./Core/Src/PrometheUS/Motor.o
LOAD ./Core/Src/PrometheUS/MotorVelocitySampler.o
LOAD ./Core/Src/PrometheUS/PIDController.o
LOAD ./Core/Src/PrometheUS/PWM.o
LOAD ./Core/Src/PrometheUS/PWMComplementary.o
LOAD ./Core/Src/PrometheUS/PotentiometersSampler.o
LOAD ./Core/Src/PrometheUS/PrometheUS.o
LOAD ./Core/Src/PrometheUS/SystemFlags.o
LOAD ./Core/Src/cppMain.o
LOAD ./Core/Src/main.o
LOAD ./Core/Src/stm32f4xx_hal_msp.o
LOAD ./Core/Src/stm32f4xx_it.o
LOAD ./Core/Src/syscalls.o
LOAD ./Core/Src/sysmem.o
LOAD ./Core/Src/system_stm32f4xx.o
LOAD ./Core/Startup/startup_stm32f446zehx.o
LOAD ./Drivers/STM32F4xx_HAL_Driver/Src/stm32f4xx_hal.o
LOAD ./Drivers/STM32F4xx_HAL_Driver/Src/stm32f4xx_hal_adc.o
LOAD ./Drivers/STM32F4xx_HAL_Driver/Src/stm32f4xx_hal_adc_ex.o
LOAD ./Drivers/STM32F4xx_HAL_Driver/Src/stm32f4xx_hal_cortex.o
LOAD ./Drivers/STM32F4xx_HAL_Driver/Src/stm32f4xx_hal_dac.o
LOAD ./Drivers/STM32F4xx_HAL_Driver/Src/stm32f4xx_hal_dac_ex.o
LOAD ./Drivers/STM32F4xx_HAL_Driver/Src/stm32f4xx_hal_dma.o
LOAD ./Drivers/STM32F4xx_HAL_Driver/Src/stm32f4xx_hal_dma_ex.o
LOAD ./Drivers/STM32F4xx_HAL_Driver/Src/stm32f4xx_hal_exti.o
LOAD ./Drivers/STM32F4xx_HAL_Driver/Src/stm32f4xx_hal_flash.o
LOAD ./Drivers/STM32F4xx_HAL_Driver/Src/stm32f4xx_hal_flash_ex.o
LOAD ./Drivers/STM32F4xx_HAL_Driver/Src/stm32f4xx_hal_flash_ramfunc.o
LOAD ./Drivers/STM32F4xx_HAL_Driver/Src/stm32f4xx_hal_gpio.o
LOAD ./Drivers/STM32F4xx_HAL_Driver/Src/stm32f4xx_hal_pwr.o
LOAD ./Drivers/STM32F4xx_HAL_Driver/Src/stm32f4xx_hal_pwr_ex.o
LOAD ./Drivers/STM32F4xx_HAL_Driver/Src/stm32f4xx_hal_rcc.o
LOAD ./Drivers/STM32F4xx_HAL_Driver/Src/stm32f4xx_hal_rcc_ex.o
LOAD ./Drivers/STM32F4xx_HAL_Driver/Src/stm32f4xx_hal_spi.o
LOAD ./Drivers/STM32F4xx_HAL_Driver/Src/stm32f4xx_hal_tim.o
LOAD ./Drivers/STM32F4xx_HAL_Driver/Src/stm32f4xx_hal_tim_ex.o
LOAD ./Drivers/STM32F4xx_HAL_Driver/Src/stm32f4xx_hal_uart.o
LOAD ./Drivers/STM32F4xx_HAL_Driver/Src/stm32f4xx_ll_adc.o
START GROUP
LOAD C:/ST/STM32CubeIDE_1.19.0/STM32CubeIDE/plugins/com.st.stm32cube.ide.mcu.externaltools.gnu-tools-for-stm32.13.3.rel1.win32_1.0.0.202411081344/tools/bin/../lib/gcc/arm-none-eabi/13.3.1/../../../../arm-none-eabi/lib/thumb/v7e-m+fp/hard\libstdc++_nano.a
LOAD C:/ST/STM32CubeIDE_1.19.0/STM32CubeIDE/plugins/com.st.stm32cube.ide.mcu.externaltools.gnu-tools-for-stm32.13.3.rel1.win32_1.0.0.202411081344/tools/bin/../lib/gcc/arm-none-eabi/13.3.1/../../../../arm-none-eabi/lib/thumb/v7e-m+fp/hard\libsupc++_nano.a
END GROUP
LOAD C:/ST/STM32CubeIDE_1.19.0/STM32CubeIDE/plugins/com.st.stm32cube.ide.mcu.externaltools.gnu-tools-for-stm32.13.3.rel1.win32_1.0.0.202411081344/tools/bin/../lib/gcc/arm-none-eabi/13.3.1/../../../../arm-none-eabi/lib/thumb/v7e-m+fp/hard\libstdc++_nano.a
LOAD C:/ST/STM32CubeIDE_1.19.0/STM32CubeIDE/plugins/com.st.stm32cube.ide.mcu.externaltools.gnu-tools-for-stm32.13.3.rel1.win32_1.0.0.202411081344/tools/bin/../lib/gcc/arm-none-eabi/13.3.1/../../../../arm-none-eabi/lib/thumb/v7e-m+fp/hard\libm.a
LOAD C:/ST/STM32CubeIDE_1.19.0/STM32CubeIDE/plugins/com.st.stm32cube.ide.mcu.externaltools.gnu-tools-for-stm32.13.3.rel1.win32_1.0.0.202411081344/tools/bin/../lib/gcc/arm-none-eabi/13.3.1/../../../../arm-none-eabi/lib/thumb/v7e-m+fp/hard\libc_nano.a
START GROUP
LOAD C:/ST/STM32CubeIDE_1.19.0/STM32CubeIDE/plugins/com.st.stm32cube.ide.mcu.externaltools.gnu-tools-for-stm32.13.3.rel1.win32_1.0.0.202411081344/tools/bin/../lib/gcc/arm-none-eabi/13.3.1/thumb/v7e-m+fp/hard\libgcc.a
LOAD C:/ST/STM32CubeIDE_1.19.0/STM32CubeIDE/plugins/com.st.stm32cube.ide.mcu.externaltools.gnu-tools-for-stm32.13.3.rel1.win32_1.0.0.202411081344/tools/bin/../lib/gcc/arm-none-eabi/13.3.1/../../../../arm-none-eabi/lib/thumb/v7e-m+fp/hard\libc_nano.a
END GROUP
START GROUP
LOAD C:/ST/STM32CubeIDE_1.19.0/STM32CubeIDE/plugins/com.st.stm32cube.ide.mcu.externaltools.gnu-tools-for-stm32.13.3.rel1.win32_1.0.0.202411081344/tools/bin/../lib/gcc/arm-none-eabi/13.3.1/thumb/v7e-m+fp/hard\libgcc.a
LOAD C:/ST/STM32CubeIDE_1.19.0/STM32CubeIDE/plugins/com.st.stm32cube.ide.mcu.externaltools.gnu-tools-for-stm32.13.3.rel1.win32_1.0.0.202411081344/tools/bin/../lib/gcc/arm-none-eabi/13.3.1/../../../../arm-none-eabi/lib/thumb/v7e-m+fp/hard\libc_nano.a
LOAD C:/ST/STM32CubeIDE_1.19.0/STM32CubeIDE/plugins/com.st.stm32cube.ide.mcu.externaltools.gnu-tools-for-stm32.13.3.rel1.win32_1.0.0.202411081344/tools/bin/../lib/gcc/arm-none-eabi/13.3.1/../../../../arm-none-eabi/lib/thumb/v7e-m+fp/hard\libnosys.a
END GROUP
START GROUP
LOAD C:/ST/STM32CubeIDE_1.19.0/STM32CubeIDE/plugins/com.st.stm32cube.ide.mcu.externaltools.gnu-tools-for-stm32.13.3.rel1.win32_1.0.0.202411081344/tools/bin/../lib/gcc/arm-none-eabi/13.3.1/thumb/v7e-m+fp/hard\libgcc.a
LOAD C:/ST/STM32CubeIDE_1.19.0/STM32CubeIDE/plugins/com.st.stm32cube.ide.mcu.externaltools.gnu-tools-for-stm32.13.3.rel1.win32_1.0.0.202411081344/tools/bin/../lib/gcc/arm-none-eabi/13.3.1/../../../../arm-none-eabi/lib/thumb/v7e-m+fp/hard\libc_nano.a
LOAD C:/ST/STM32CubeIDE_1.19.0/STM32CubeIDE/plugins/com.st.stm32cube.ide.mcu.externaltools.gnu-tools-for-stm32.13.3.rel1.win32_1.0.0.202411081344/tools/bin/../lib/gcc/arm-none-eabi/13.3.1/../../../../arm-none-eabi/lib/thumb/v7e-m+fp/hard\libnosys.a
END GROUP
LOAD C:/ST/STM32CubeIDE_1.19.0/STM32CubeIDE/plugins/com.st.stm32cube.ide.mcu.externaltools.gnu-tools-for-stm32.13.3.rel1.win32_1.0.0.202411081344/tools/bin/../lib/gcc/arm-none-eabi/13.3.1/thumb/v7e-m+fp/hard/crtend.o
LOAD C:/ST/STM32CubeIDE_1.19.0/STM32CubeIDE/plugins/com.st.stm32cube.ide.mcu.externaltools.gnu-tools-for-stm32.13.3.rel1.win32_1.0.0.202411081344/tools/bin/../lib/gcc/arm-none-eabi/13.3.1/thumb/v7e-m+fp/hard/crtn.o
                0x20020000                        _estack = (ORIGIN (RAM) + LENGTH (RAM))
                0x00000200                        _Min_Heap_Size = 0x200
                0x00000400                        _Min_Stack_Size = 0x400

.isr_vector     0x08000000      0x1c4
                0x08000000                        . = ALIGN (0x4)
 *(.isr_vector)
 .isr_vector    0x08000000      0x1c4 ./Core/Startup/startup_stm32f446zehx.o
                0x08000000                g_pfnVectors
                0x080001c4                        . = ALIGN (0x4)

.text           0x080001d0     0xa61c
                0x080001d0                        . = ALIGN (0x4)
 *(.text)
 .text          0x080001d0       0x40 C:/ST/STM32CubeIDE_1.19.0/STM32CubeIDE/plugins/com.st.stm32cube.ide.mcu.externaltools.gnu-tools-for-stm32.13.3.rel1.win32_1.0.0.202411081344/tools/bin/../lib/gcc/arm-none-eabi/13.3.1/thumb/v7e-m+fp/hard/crtbegin.o
 .text          0x08000210       0xa0 C:/ST/STM32CubeIDE_1.19.0/STM32CubeIDE/plugins/com.st.stm32cube.ide.mcu.externaltools.gnu-tools-for-stm32.13.3.rel1.win32_1.0.0.202411081344/tools/bin/../lib/gcc/arm-none-eabi/13.3.1/../../../../arm-none-eabi/lib/thumb/v7e-m+fp/hard\libc_nano.a(libc_a-memchr.o)
                0x08000210                memchr
 .text          0x080002b0       0x10 C:/ST/STM32CubeIDE_1.19.0/STM32CubeIDE/plugins/com.st.stm32cube.ide.mcu.externaltools.gnu-tools-for-stm32.13.3.rel1.win32_1.0.0.202411081344/tools/bin/../lib/gcc/arm-none-eabi/13.3.1/../../../../arm-none-eabi/lib/thumb/v7e-m+fp/hard\libc_nano.a(libc_a-strlen.o)
                0x080002b0                strlen
 .text          0x080002c0      0x378 C:/ST/STM32CubeIDE_1.19.0/STM32CubeIDE/plugins/com.st.stm32cube.ide.mcu.externaltools.gnu-tools-for-stm32.13.3.rel1.win32_1.0.0.202411081344/tools/bin/../lib/gcc/arm-none-eabi/13.3.1/thumb/v7e-m+fp/hard\libgcc.a(_arm_addsubdf3.o)
                0x080002c0                __aeabi_drsub
                0x080002c8                __aeabi_dsub
                0x080002c8                __subdf3
                0x080002cc                __aeabi_dadd
                0x080002cc                __adddf3
                0x08000544                __floatunsidf
                0x08000544                __aeabi_ui2d
                0x08000564                __floatsidf
                0x08000564                __aeabi_i2d
                0x08000588                __aeabi_f2d
                0x08000588                __extendsfdf2
                0x080005cc                __floatundidf
                0x080005cc                __aeabi_ul2d
                0x080005dc                __floatdidf
                0x080005dc                __aeabi_l2d
 .text          0x08000638      0x424 C:/ST/STM32CubeIDE_1.19.0/STM32CubeIDE/plugins/com.st.stm32cube.ide.mcu.externaltools.gnu-tools-for-stm32.13.3.rel1.win32_1.0.0.202411081344/tools/bin/../lib/gcc/arm-none-eabi/13.3.1/thumb/v7e-m+fp/hard\libgcc.a(_arm_muldivdf3.o)
                0x08000638                __aeabi_dmul
                0x08000638                __muldf3
                0x0800088c                __divdf3
                0x0800088c                __aeabi_ddiv
 .text          0x08000a5c      0x110 C:/ST/STM32CubeIDE_1.19.0/STM32CubeIDE/plugins/com.st.stm32cube.ide.mcu.externaltools.gnu-tools-for-stm32.13.3.rel1.win32_1.0.0.202411081344/tools/bin/../lib/gcc/arm-none-eabi/13.3.1/thumb/v7e-m+fp/hard\libgcc.a(_arm_cmpdf2.o)
                0x08000a5c                __gtdf2
                0x08000a5c                __gedf2
                0x08000a64                __ltdf2
                0x08000a64                __ledf2
                0x08000a6c                __nedf2
                0x08000a6c                __eqdf2
                0x08000a6c                __cmpdf2
                0x08000ae8                __aeabi_cdrcmple
                0x08000af8                __aeabi_cdcmpeq
                0x08000af8                __aeabi_cdcmple
                0x08000b08                __aeabi_dcmpeq
                0x08000b1c                __aeabi_dcmplt
                0x08000b30                __aeabi_dcmple
                0x08000b44                __aeabi_dcmpge
                0x08000b58                __aeabi_dcmpgt
 .text          0x08000b6c       0x2c C:/ST/STM32CubeIDE_1.19.0/STM32CubeIDE/plugins/com.st.stm32cube.ide.mcu.externaltools.gnu-tools-for-stm32.13.3.rel1.win32_1.0.0.202411081344/tools/bin/../lib/gcc/arm-none-eabi/13.3.1/thumb/v7e-m+fp/hard\libgcc.a(_arm_unorddf2.o)
                0x08000b6c                __unorddf2
                0x08000b6c                __aeabi_dcmpun
 .text          0x08000b98       0x50 C:/ST/STM32CubeIDE_1.19.0/STM32CubeIDE/plugins/com.st.stm32cube.ide.mcu.externaltools.gnu-tools-for-stm32.13.3.rel1.win32_1.0.0.202411081344/tools/bin/../lib/gcc/arm-none-eabi/13.3.1/thumb/v7e-m+fp/hard\libgcc.a(_arm_fixdfsi.o)
                0x08000b98                __aeabi_d2iz
                0x08000b98                __fixdfsi
 .text          0x08000be8       0x30 C:/ST/STM32CubeIDE_1.19.0/STM32CubeIDE/plugins/com.st.stm32cube.ide.mcu.externaltools.gnu-tools-for-stm32.13.3.rel1.win32_1.0.0.202411081344/tools/bin/../lib/gcc/arm-none-eabi/13.3.1/thumb/v7e-m+fp/hard\libgcc.a(_aeabi_uldivmod.o)
                0x08000be8                __aeabi_uldivmod
 .text          0x08000c18      0x2f8 C:/ST/STM32CubeIDE_1.19.0/STM32CubeIDE/plugins/com.st.stm32cube.ide.mcu.externaltools.gnu-tools-for-stm32.13.3.rel1.win32_1.0.0.202411081344/tools/bin/../lib/gcc/arm-none-eabi/13.3.1/thumb/v7e-m+fp/hard\libgcc.a(_udivmoddi4.o)
                0x08000c18                __udivmoddi4
 .text          0x08000f10        0x4 C:/ST/STM32CubeIDE_1.19.0/STM32CubeIDE/plugins/com.st.stm32cube.ide.mcu.externaltools.gnu-tools-for-stm32.13.3.rel1.win32_1.0.0.202411081344/tools/bin/../lib/gcc/arm-none-eabi/13.3.1/thumb/v7e-m+fp/hard\libgcc.a(_dvmd_tls.o)
                0x08000f10                __aeabi_idiv0
                0x08000f10                __aeabi_ldiv0
 *(.text*)
 .text._ZN24GenericAdcChannelSamplerC2ERKS_
                0x08000f14       0x40 ./Core/Src/PrometheUS/Clutch.o
                0x08000f14                GenericAdcChannelSampler::GenericAdcChannelSampler(GenericAdcChannelSampler const&)
                0x08000f14                GenericAdcChannelSampler::GenericAdcChannelSampler(GenericAdcChannelSampler const&)
 .text._ZN20ClutchCurrentSamplerC2ERKS_
                0x08000f54       0x2c ./Core/Src/PrometheUS/Clutch.o
                0x08000f54                ClutchCurrentSampler::ClutchCurrentSampler(ClutchCurrentSampler const&)
                0x08000f54                ClutchCurrentSampler::ClutchCurrentSampler(ClutchCurrentSampler const&)
 .text._ZN6ClutchC2ER20ClutchCurrentSampler
                0x08000f80       0x2e ./Core/Src/PrometheUS/Clutch.o
                0x08000f80                Clutch::Clutch(ClutchCurrentSampler&)
                0x08000f80                Clutch::Clutch(ClutchCurrentSampler&)
 *fill*         0x08000fae        0x2 
 .text._ZN6Clutch4initEmhm
                0x08000fb0       0x3c ./Core/Src/PrometheUS/Clutch.o
                0x08000fb0                Clutch::init(unsigned long, unsigned char, unsigned long)
 .text._ZN6Clutch19calculateCurrentPIDEff
                0x08000fec       0x32 ./Core/Src/PrometheUS/Clutch.o
                0x08000fec                Clutch::calculateCurrentPID(float, float)
 .text._ZN6Clutch18getMeasuredCurrentEv
                0x0800101e       0x1e ./Core/Src/PrometheUS/Clutch.o
                0x0800101e                Clutch::getMeasuredCurrent()
 .text._ZN6Clutch13updateCommandEv
                0x0800103c       0x2c ./Core/Src/PrometheUS/Clutch.o
                0x0800103c                Clutch::updateCommand()
 .text._ZN6Clutch4stopEv
                0x08001068       0x1a ./Core/Src/PrometheUS/Clutch.o
                0x08001068                Clutch::stop()
 *fill*         0x08001082        0x2 
 .text._ZN20ClutchCurrentSampler4initEP17ADC_HandleTypeDefmh
                0x08001084       0x38 ./Core/Src/PrometheUS/ClutchCurrentSampler.o
                0x08001084                ClutchCurrentSampler::init(ADC_HandleTypeDef*, unsigned long, unsigned char)
 .text._ZNK20ClutchCurrentSampler18convertRawAdcValueEv
                0x080010bc       0x22 ./Core/Src/PrometheUS/ClutchCurrentSampler.o
                0x080010bc                ClutchCurrentSampler::convertRawAdcValue() const
 *fill*         0x080010de        0x2 
 .text._ZN24GenericAdcChannelSamplerD2Ev
                0x080010e0       0x20 ./Core/Src/PrometheUS/ClutchCurrentSampler.o
                0x080010e0                GenericAdcChannelSampler::~GenericAdcChannelSampler()
                0x080010e0                GenericAdcChannelSampler::~GenericAdcChannelSampler()
 .text._ZN24GenericAdcChannelSamplerD0Ev
                0x08001100       0x20 ./Core/Src/PrometheUS/ClutchCurrentSampler.o
                0x08001100                GenericAdcChannelSampler::~GenericAdcChannelSampler()
 .text._ZN20ClutchCurrentSamplerD2Ev
                0x08001120       0x24 ./Core/Src/PrometheUS/ClutchCurrentSampler.o
                0x08001120                ClutchCurrentSampler::~ClutchCurrentSampler()
                0x08001120                ClutchCurrentSampler::~ClutchCurrentSampler()
 .text._ZN20ClutchCurrentSamplerD0Ev
                0x08001144       0x20 ./Core/Src/PrometheUS/ClutchCurrentSampler.o
                0x08001144                ClutchCurrentSampler::~ClutchCurrentSampler()
 .text._ZNK26ClutchesTemperatureSampler10convertAllERA3_f
                0x08001164       0x48 ./Core/Src/PrometheUS/ClutchesTemperatureSampler.o
                0x08001164                ClutchesTemperatureSampler::convertAll(float (&) [3]) const
 .text._ZN22GenericAdcBurstSamplerD2Ev
                0x080011ac       0x20 ./Core/Src/PrometheUS/ClutchesTemperatureSampler.o
                0x080011ac                GenericAdcBurstSampler::~GenericAdcBurstSampler()
                0x080011ac                GenericAdcBurstSampler::~GenericAdcBurstSampler()
 .text._ZN22GenericAdcBurstSamplerD0Ev
                0x080011cc       0x20 ./Core/Src/PrometheUS/ClutchesTemperatureSampler.o
                0x080011cc                GenericAdcBurstSampler::~GenericAdcBurstSampler()
 .text._ZN26ClutchesTemperatureSamplerD2Ev
                0x080011ec       0x24 ./Core/Src/PrometheUS/ClutchesTemperatureSampler.o
                0x080011ec                ClutchesTemperatureSampler::~ClutchesTemperatureSampler()
                0x080011ec                ClutchesTemperatureSampler::~ClutchesTemperatureSampler()
 .text._ZN26ClutchesTemperatureSamplerD0Ev
                0x08001210       0x20 ./Core/Src/PrometheUS/ClutchesTemperatureSampler.o
                0x08001210                ClutchesTemperatureSampler::~ClutchesTemperatureSampler()
 .text._ZN14EncoderSampler4initEP19__SPI_HandleTypeDefP12GPIO_TypeDeft
                0x08001230       0x36 ./Core/Src/PrometheUS/EncoderSampler.o
                0x08001230                EncoderSampler::init(__SPI_HandleTypeDef*, GPIO_TypeDef*, unsigned short)
 *fill*         0x08001266        0x2 
 .text._ZN14EncoderSampler14sampleRawValueEv
                0x08001268       0x5c ./Core/Src/PrometheUS/EncoderSampler.o
                0x08001268                EncoderSampler::sampleRawValue()
 .text._ZN14EncoderSamplerC2Ev
                0x080012c4       0x22 ./Core/Src/PrometheUS/Finger.o
                0x080012c4                EncoderSampler::EncoderSampler()
                0x080012c4                EncoderSampler::EncoderSampler()
 .text._ZN6FingerC2ER20ClutchCurrentSampler
                0x080012e6       0x28 ./Core/Src/PrometheUS/Finger.o
                0x080012e6                Finger::Finger(ClutchCurrentSampler&)
                0x080012e6                Finger::Finger(ClutchCurrentSampler&)
 *fill*         0x0800130e        0x2 
 .text._ZN6Finger4initEmhP12GPIO_TypeDeftm
                0x08001310       0x38 ./Core/Src/PrometheUS/Finger.o
                0x08001310                Finger::init(unsigned long, unsigned char, GPIO_TypeDef*, unsigned short, unsigned long)
 .text._ZN6Finger13sampleEncoderEv
                0x08001348       0x1a ./Core/Src/PrometheUS/Finger.o
                0x08001348                Finger::sampleEncoder()
 .text._ZN6Finger16calculateCommandEff
                0x08001362       0x3a ./Core/Src/PrometheUS/Finger.o
                0x08001362                Finger::calculateCommand(float, float)
 .text._ZN6Finger13updateCommandEv
                0x0800139c       0x18 ./Core/Src/PrometheUS/Finger.o
                0x0800139c                Finger::updateCommand()
 .text._ZN6Finger4stopEv
                0x080013b4       0x18 ./Core/Src/PrometheUS/Finger.o
                0x080013b4                Finger::stop()
 .text._ZN22GenericAdcBurstSampler4initEP17ADC_HandleTypeDef
                0x080013cc       0x28 ./Core/Src/PrometheUS/GenericAdcBurstSampler.o
                0x080013cc                GenericAdcBurstSampler::init(ADC_HandleTypeDef*)
 .text._ZN24GenericAdcChannelSampler4initEP17ADC_HandleTypeDefm
                0x080013f4       0x30 ./Core/Src/PrometheUS/GenericAdcChannelSampler.o
                0x080013f4                GenericAdcChannelSampler::init(ADC_HandleTypeDef*, unsigned long)
 .text._ZN24GenericAdcChannelSampler24startSamplingRawAdcValueEv
                0x08001424       0x3a ./Core/Src/PrometheUS/GenericAdcChannelSampler.o
                0x08001424                GenericAdcChannelSampler::startSamplingRawAdcValue()
 .text._ZN24GenericAdcChannelSampler22CreateAdcConfigurationEm
                0x0800145e       0x32 ./Core/Src/PrometheUS/GenericAdcChannelSampler.o
                0x0800145e                GenericAdcChannelSampler::CreateAdcConfiguration(unsigned long)
 .text._ZN12DigitalInput4initEP12GPIO_TypeDeft
                0x08001490       0x26 ./Core/Src/PrometheUS/Motor.o
                0x08001490                DigitalInput::init(GPIO_TypeDef*, unsigned short)
 .text._ZN13DigitalOutput4initEP12GPIO_TypeDeft
                0x080014b6       0x26 ./Core/Src/PrometheUS/Motor.o
                0x080014b6                DigitalOutput::init(GPIO_TypeDef*, unsigned short)
 .text._ZN13DigitalOutput3offEv
                0x080014dc       0x20 ./Core/Src/PrometheUS/Motor.o
                0x080014dc                DigitalOutput::off()
 .text._ZN20MotorVelocitySamplerC2ERKS_
                0x080014fc       0x2c ./Core/Src/PrometheUS/Motor.o
                0x080014fc                MotorVelocitySampler::MotorVelocitySampler(MotorVelocitySampler const&)
                0x080014fc                MotorVelocitySampler::MotorVelocitySampler(MotorVelocitySampler const&)
 .text._ZN5MotorC2ER20MotorVelocitySampler
                0x08001528       0x26 ./Core/Src/PrometheUS/Motor.o
                0x08001528                Motor::Motor(MotorVelocitySampler&)
                0x08001528                Motor::Motor(MotorVelocitySampler&)
 *fill*         0x0800154e        0x2 
 .text._ZN5Motor4initEv
                0x08001550       0x54 ./Core/Src/PrometheUS/Motor.o
                0x08001550                Motor::init()
 .text._ZN5Motor4stopEv
                0x080015a4       0x24 ./Core/Src/PrometheUS/Motor.o
                0x080015a4                Motor::stop()
 .text._ZN20MotorVelocitySampler4initEP17ADC_HandleTypeDefm
                0x080015c8       0x2c ./Core/Src/PrometheUS/MotorVelocitySampler.o
                0x080015c8                MotorVelocitySampler::init(ADC_HandleTypeDef*, unsigned long)
 .text._ZNK20MotorVelocitySampler18convertRawAdcValueEv
                0x080015f4       0x22 ./Core/Src/PrometheUS/MotorVelocitySampler.o
                0x080015f4                MotorVelocitySampler::convertRawAdcValue() const
 *fill*         0x08001616        0x2 
 .text._ZN20MotorVelocitySamplerD2Ev
                0x08001618       0x24 ./Core/Src/PrometheUS/MotorVelocitySampler.o
                0x08001618                MotorVelocitySampler::~MotorVelocitySampler()
                0x08001618                MotorVelocitySampler::~MotorVelocitySampler()
 .text._ZN20MotorVelocitySamplerD0Ev
                0x0800163c       0x20 ./Core/Src/PrometheUS/MotorVelocitySampler.o
                0x0800163c                MotorVelocitySampler::~MotorVelocitySampler()
 .text._ZN13PIDControllerC2Ev
                0x0800165c       0x50 ./Core/Src/PrometheUS/PIDController.o
                0x0800165c                PIDController::PIDController()
                0x0800165c                PIDController::PIDController()
 .text._ZN13PIDController6updateEff
                0x080016ac      0x182 ./Core/Src/PrometheUS/PIDController.o
                0x080016ac                PIDController::update(float, float)
 .text._ZN3PWM4initEP17TIM_HandleTypeDefm
                0x0800182e       0x3c ./Core/Src/PrometheUS/PWM.o
                0x0800182e                PWM::init(TIM_HandleTypeDef*, unsigned long)
 .text._ZN3PWM4stopEv
                0x0800186a       0x20 ./Core/Src/PrometheUS/PWM.o
                0x0800186a                PWM::stop()
 .text._ZN16PWMComplementary4initEP17TIM_HandleTypeDefm
                0x0800188a       0x4c ./Core/Src/PrometheUS/PWMComplementary.o
                0x0800188a                PWMComplementary::init(TIM_HandleTypeDef*, unsigned long)
 .text._ZN16PWMComplementary6updateEf
                0x080018d6       0x7c ./Core/Src/PrometheUS/PWMComplementary.o
                0x080018d6                PWMComplementary::update(float)
 .text._ZN16PWMComplementary4stopEv
                0x08001952       0x30 ./Core/Src/PrometheUS/PWMComplementary.o
                0x08001952                PWMComplementary::stop()
 .text._ZNK21PotentiometersSampler10convertAllERA3_f
                0x08001982       0x48 ./Core/Src/PrometheUS/PotentiometersSampler.o
                0x08001982                PotentiometersSampler::convertAll(float (&) [3]) const
 *fill*         0x080019ca        0x2 
 .text._ZN21PotentiometersSamplerD2Ev
                0x080019cc       0x24 ./Core/Src/PrometheUS/PotentiometersSampler.o
                0x080019cc                PotentiometersSampler::~PotentiometersSampler()
                0x080019cc                PotentiometersSampler::~PotentiometersSampler()
 .text._ZN21PotentiometersSamplerD0Ev
                0x080019f0       0x20 ./Core/Src/PrometheUS/PotentiometersSampler.o
                0x080019f0                PotentiometersSampler::~PotentiometersSampler()
 .text._ZSt23__is_constant_evaluatedv
                0x08001a10       0x10 ./Core/Src/PrometheUS/PrometheUS.o
                0x08001a10                std::__is_constant_evaluated()
 .text._ZStanSt12memory_orderSt23__memory_order_modifier
                0x08001a20       0x26 ./Core/Src/PrometheUS/PrometheUS.o
                0x08001a20                std::operator&(std::memory_order, std::__memory_order_modifier)
 .text._ZNKSt6atomicIbE4loadESt12memory_order
                0x08001a46       0x74 ./Core/Src/PrometheUS/PrometheUS.o
                0x08001a46                std::atomic<bool>::load(std::memory_order) const
 .text._ZNSt6atomicIbE8exchangeEbSt12memory_order
                0x08001aba       0x4c ./Core/Src/PrometheUS/PrometheUS.o
                0x08001aba                std::atomic<bool>::exchange(bool, std::memory_order)
 .text._ZN6Switch4initEP12GPIO_TypeDeft
                0x08001b06       0x26 ./Core/Src/PrometheUS/PrometheUS.o
                0x08001b06                Switch::init(GPIO_TypeDef*, unsigned short)
 .text._ZNK6Switch4isOnEv
                0x08001b2c       0x32 ./Core/Src/PrometheUS/PrometheUS.o
                0x08001b2c                Switch::isOn() const
 *fill*         0x08001b5e        0x2 
 .text._ZN22GenericAdcBurstSamplerC2Ev
                0x08001b60       0x20 ./Core/Src/PrometheUS/PrometheUS.o
                0x08001b60                GenericAdcBurstSampler::GenericAdcBurstSampler()
                0x08001b60                GenericAdcBurstSampler::GenericAdcBurstSampler()
 .text._ZN21PotentiometersSamplerC2Ev
                0x08001b80       0x24 ./Core/Src/PrometheUS/PrometheUS.o
                0x08001b80                PotentiometersSampler::PotentiometersSampler()
                0x08001b80                PotentiometersSampler::PotentiometersSampler()
 .text._ZN26ClutchesTemperatureSamplerC2Ev
                0x08001ba4       0x24 ./Core/Src/PrometheUS/PrometheUS.o
                0x08001ba4                ClutchesTemperatureSampler::ClutchesTemperatureSampler()
                0x08001ba4                ClutchesTemperatureSampler::ClutchesTemperatureSampler()
 .text._ZN18PrometheUS_GripperC2ER11SystemFlagsR20ClutchCurrentSamplerS3_S3_R20MotorVelocitySampler
                0x08001bc8       0x8e ./Core/Src/PrometheUS/PrometheUS.o
                0x08001bc8                PrometheUS_Gripper::PrometheUS_Gripper(SystemFlags&, ClutchCurrentSampler&, ClutchCurrentSampler&, ClutchCurrentSampler&, MotorVelocitySampler&)
                0x08001bc8                PrometheUS_Gripper::PrometheUS_Gripper(SystemFlags&, ClutchCurrentSampler&, ClutchCurrentSampler&, ClutchCurrentSampler&, MotorVelocitySampler&)
 *fill*         0x08001c56        0x2 
 .text._ZN18PrometheUS_Gripper4initEv
                0x08001c58       0xd4 ./Core/Src/PrometheUS/PrometheUS.o
                0x08001c58                PrometheUS_Gripper::init()
 .text._ZN18PrometheUS_Gripper7executeEv
                0x08001d2c       0x16 ./Core/Src/PrometheUS/PrometheUS.o
                0x08001d2c                PrometheUS_Gripper::execute()
 *fill*         0x08001d42        0x2 
 .text._ZN18PrometheUS_Gripper18systemStateMachineEv
                0x08001d44       0xa4 ./Core/Src/PrometheUS/PrometheUS.o
                0x08001d44                PrometheUS_Gripper::systemStateMachine()
 .text._ZN18PrometheUS_Gripper19controlStateMachineEv
                0x08001de8      0x224 ./Core/Src/PrometheUS/PrometheUS.o
                0x08001de8                PrometheUS_Gripper::controlStateMachine()
 .text._ZN18PrometheUS_Gripper11startTimersEv
                0x0800200c       0x40 ./Core/Src/PrometheUS/PrometheUS.o
                0x0800200c                PrometheUS_Gripper::startTimers()
 .text._ZN18PrometheUS_Gripper14checkForErrorsEv
                0x0800204c       0x14 ./Core/Src/PrometheUS/PrometheUS.o
                0x0800204c                PrometheUS_Gripper::checkForErrors()
 .text._ZNSt6atomicIbEC2Eb
                0x08002060       0x22 ./Core/Src/cppMain.o
                0x08002060                std::atomic<bool>::atomic(bool)
                0x08002060                std::atomic<bool>::atomic(bool)
 .text._ZNSt6atomicIbE5storeEbSt12memory_order
                0x08002082       0x8c ./Core/Src/cppMain.o
                0x08002082                std::atomic<bool>::store(bool, std::memory_order)
 .text._ZNSt6atomicIhEC2Eh
                0x0800210e       0x22 ./Core/Src/cppMain.o
                0x0800210e                std::atomic<unsigned char>::atomic(unsigned char)
                0x0800210e                std::atomic<unsigned char>::atomic(unsigned char)
 .text._ZN11SystemFlagsC2Ev
                0x08002130       0x64 ./Core/Src/cppMain.o
                0x08002130                SystemFlags::SystemFlags()
                0x08002130                SystemFlags::SystemFlags()
 .text.cppMain  0x08002194       0x40 ./Core/Src/cppMain.o
                0x08002194                cppMain
 .text.HAL_TIM_OC_DelayElapsedCallback
                0x080021d4       0xd4 ./Core/Src/cppMain.o
                0x080021d4                HAL_TIM_OC_DelayElapsedCallback
 .text.HAL_ADC_ConvCpltCallback
                0x080022a8       0xe8 ./Core/Src/cppMain.o
                0x080022a8                HAL_ADC_ConvCpltCallback
 .text._ZNSt13__atomic_baseIbEC2Eb
                0x08002390       0x20 ./Core/Src/cppMain.o
                0x08002390                std::__atomic_base<bool>::__atomic_base(bool)
                0x08002390                std::__atomic_base<bool>::__atomic_base(bool)
 .text._ZNSt13__atomic_baseIhEC2Eh
                0x080023b0       0x20 ./Core/Src/cppMain.o
                0x080023b0                std::__atomic_base<unsigned char>::__atomic_base(unsigned char)
                0x080023b0                std::__atomic_base<unsigned char>::__atomic_base(unsigned char)
 .text._ZNSt13__atomic_impl19__maybe_has_paddingIN11SystemFlags9ADCSourceEEEbv
                0x080023d0       0x10 ./Core/Src/cppMain.o
                0x080023d0                bool std::__atomic_impl::__maybe_has_padding<SystemFlags::ADCSource>()
 .text._ZNSt6atomicIN11SystemFlags9ADCSourceEEC2ES1_
                0x080023e0       0x2e ./Core/Src/cppMain.o
                0x080023e0                std::atomic<SystemFlags::ADCSource>::atomic(SystemFlags::ADCSource)
                0x080023e0                std::atomic<SystemFlags::ADCSource>::atomic(SystemFlags::ADCSource)
 .text._ZNSt6atomicIN11SystemFlags9ADCSourceEE5storeES1_St12memory_order
                0x0800240e       0x3e ./Core/Src/cppMain.o
                0x0800240e                std::atomic<SystemFlags::ADCSource>::store(SystemFlags::ADCSource, std::memory_order)
 .text._ZNKSt6atomicIN11SystemFlags9ADCSourceEE4loadESt12memory_order
                0x0800244c       0x38 ./Core/Src/cppMain.o
                0x0800244c                std::atomic<SystemFlags::ADCSource>::load(std::memory_order) const
 .text._ZSt11__addressofIN11SystemFlags9ADCSourceEEPT_RS2_
                0x08002484       0x16 ./Core/Src/cppMain.o
                0x08002484                SystemFlags::ADCSource* std::__addressof<SystemFlags::ADCSource>(SystemFlags::ADCSource&)
 .text._ZSt11__addressofIKN11SystemFlags9ADCSourceEEPT_RS3_
                0x0800249a       0x16 ./Core/Src/cppMain.o
                0x0800249a                SystemFlags::ADCSource const* std::__addressof<SystemFlags::ADCSource const>(SystemFlags::ADCSource const&)
 .text._Z41__static_initialization_and_destruction_0v
                0x080024b0       0x14 ./Core/Src/cppMain.o
 .text._Z41__static_initialization_and_destruction_1v
                0x080024c4       0x30 ./Core/Src/cppMain.o
 .text._GLOBAL__sub_I_systemFlags
                0x080024f4        0xa ./Core/Src/cppMain.o
 .text._GLOBAL__sub_D_systemFlags
                0x080024fe        0xa ./Core/Src/cppMain.o
 .text.main     0x08002508       0x44 ./Core/Src/main.o
                0x08002508                main
 .text.SystemClock_Config
                0x0800254c       0xdc ./Core/Src/main.o
                0x0800254c                SystemClock_Config
 .text.MX_ADC1_Init
                0x08002628       0xdc ./Core/Src/main.o
 .text.MX_ADC2_Init
                0x08002704       0xdc ./Core/Src/main.o
 .text.MX_ADC3_Init
                0x080027e0       0xa4 ./Core/Src/main.o
 .text.MX_DAC_Init
                0x08002884       0x54 ./Core/Src/main.o
 .text.MX_SPI1_Init
                0x080028d8       0x70 ./Core/Src/main.o
 .text.MX_TIM1_Init
                0x08002948      0x144 ./Core/Src/main.o
 .text.MX_TIM2_Init
                0x08002a8c      0x13c ./Core/Src/main.o
 .text.MX_TIM3_Init
                0x08002bc8       0xf4 ./Core/Src/main.o
 .text.MX_TIM4_Init
                0x08002cbc       0xf4 ./Core/Src/main.o
 .text.MX_USART2_UART_Init
                0x08002db0       0x54 ./Core/Src/main.o
 .text.MX_DMA_Init
                0x08002e04       0x60 ./Core/Src/main.o
 .text.MX_GPIO_Init
                0x08002e64      0x1b8 ./Core/Src/main.o
 .text.Error_Handler
                0x0800301c        0xc ./Core/Src/main.o
                0x0800301c                Error_Handler
 .text.HAL_MspInit
                0x08003028       0x50 ./Core/Src/stm32f4xx_hal_msp.o
                0x08003028                HAL_MspInit
 .text.HAL_ADC_MspInit
                0x08003078      0x304 ./Core/Src/stm32f4xx_hal_msp.o
                0x08003078                HAL_ADC_MspInit
 .text.HAL_DAC_MspInit
                0x0800337c       0x88 ./Core/Src/stm32f4xx_hal_msp.o
                0x0800337c                HAL_DAC_MspInit
 .text.HAL_SPI_MspInit
                0x08003404       0xd0 ./Core/Src/stm32f4xx_hal_msp.o
                0x08003404                HAL_SPI_MspInit
 .text.HAL_TIM_PWM_MspInit
                0x080034d4       0x44 ./Core/Src/stm32f4xx_hal_msp.o
                0x080034d4                HAL_TIM_PWM_MspInit
 .text.HAL_TIM_Base_MspInit
                0x08003518       0xa4 ./Core/Src/stm32f4xx_hal_msp.o
                0x08003518                HAL_TIM_Base_MspInit
 .text.HAL_TIM_MspPostInit
                0x080035bc      0x1e0 ./Core/Src/stm32f4xx_hal_msp.o
                0x080035bc                HAL_TIM_MspPostInit
 .text.HAL_UART_MspInit
                0x0800379c       0x90 ./Core/Src/stm32f4xx_hal_msp.o
                0x0800379c                HAL_UART_MspInit
 .text.NMI_Handler
                0x0800382c        0x8 ./Core/Src/stm32f4xx_it.o
                0x0800382c                NMI_Handler
 .text.HardFault_Handler
                0x08003834        0x8 ./Core/Src/stm32f4xx_it.o
                0x08003834                HardFault_Handler
 .text.MemManage_Handler
                0x0800383c        0x8 ./Core/Src/stm32f4xx_it.o
                0x0800383c                MemManage_Handler
 .text.BusFault_Handler
                0x08003844        0x8 ./Core/Src/stm32f4xx_it.o
                0x08003844                BusFault_Handler
 .text.UsageFault_Handler
                0x0800384c        0x8 ./Core/Src/stm32f4xx_it.o
                0x0800384c                UsageFault_Handler
 .text.SVC_Handler
                0x08003854        0xe ./Core/Src/stm32f4xx_it.o
                0x08003854                SVC_Handler
 .text.DebugMon_Handler
                0x08003862        0xe ./Core/Src/stm32f4xx_it.o
                0x08003862                DebugMon_Handler
 .text.PendSV_Handler
                0x08003870        0xe ./Core/Src/stm32f4xx_it.o
                0x08003870                PendSV_Handler
 .text.SysTick_Handler
                0x0800387e        0xc ./Core/Src/stm32f4xx_it.o
                0x0800387e                SysTick_Handler
 *fill*         0x0800388a        0x2 
 .text.TIM2_IRQHandler
                0x0800388c       0x14 ./Core/Src/stm32f4xx_it.o
                0x0800388c                TIM2_IRQHandler
 .text.DMA2_Stream0_IRQHandler
                0x080038a0       0x14 ./Core/Src/stm32f4xx_it.o
                0x080038a0                DMA2_Stream0_IRQHandler
 .text.DMA2_Stream1_IRQHandler
                0x080038b4       0x14 ./Core/Src/stm32f4xx_it.o
                0x080038b4                DMA2_Stream1_IRQHandler
 .text.DMA2_Stream2_IRQHandler
                0x080038c8       0x14 ./Core/Src/stm32f4xx_it.o
                0x080038c8                DMA2_Stream2_IRQHandler
 .text._getpid  0x080038dc       0x10 ./Core/Src/syscalls.o
                0x080038dc                _getpid
 .text._kill    0x080038ec       0x20 ./Core/Src/syscalls.o
                0x080038ec                _kill
 .text._exit    0x0800390c       0x16 ./Core/Src/syscalls.o
                0x0800390c                _exit
 .text._read    0x08003922       0x3a ./Core/Src/syscalls.o
                0x08003922                _read
 .text._write   0x0800395c       0x38 ./Core/Src/syscalls.o
                0x0800395c                _write
 .text._close   0x08003994       0x18 ./Core/Src/syscalls.o
                0x08003994                _close
 .text._fstat   0x080039ac       0x20 ./Core/Src/syscalls.o
                0x080039ac                _fstat
 .text._isatty  0x080039cc       0x16 ./Core/Src/syscalls.o
                0x080039cc                _isatty
 .text._lseek   0x080039e2       0x1a ./Core/Src/syscalls.o
                0x080039e2                _lseek
 .text._sbrk    0x080039fc       0x6c ./Core/Src/sysmem.o
                0x080039fc                _sbrk
 .text.SystemInit
                0x08003a68       0x24 ./Core/Src/system_stm32f4xx.o
                0x08003a68                SystemInit
 .text.Reset_Handler
                0x08003a8c       0x50 ./Core/Startup/startup_stm32f446zehx.o
                0x08003a8c                Reset_Handler
 .text.Default_Handler
                0x08003adc        0x2 ./Core/Startup/startup_stm32f446zehx.o
                0x08003adc                RTC_Alarm_IRQHandler
                0x08003adc                EXTI2_IRQHandler
                0x08003adc                TIM8_CC_IRQHandler
                0x08003adc                FMPI2C1_EV_IRQHandler
                0x08003adc                SPI4_IRQHandler
                0x08003adc                TIM1_CC_IRQHandler
                0x08003adc                DMA2_Stream5_IRQHandler
                0x08003adc                DMA1_Stream5_IRQHandler
                0x08003adc                PVD_IRQHandler
                0x08003adc                SDIO_IRQHandler
                0x08003adc                TAMP_STAMP_IRQHandler
                0x08003adc                CAN2_RX1_IRQHandler
                0x08003adc                EXTI3_IRQHandler
                0x08003adc                TIM8_TRG_COM_TIM14_IRQHandler
                0x08003adc                TIM1_UP_TIM10_IRQHandler
                0x08003adc                TIM8_UP_TIM13_IRQHandler
                0x08003adc                I2C3_ER_IRQHandler
                0x08003adc                EXTI0_IRQHandler
                0x08003adc                I2C2_EV_IRQHandler
                0x08003adc                DMA1_Stream2_IRQHandler
                0x08003adc                CAN1_RX0_IRQHandler
                0x08003adc                FPU_IRQHandler
                0x08003adc                OTG_HS_WKUP_IRQHandler
                0x08003adc                CAN2_SCE_IRQHandler
                0x08003adc                SPI1_IRQHandler
                0x08003adc                TIM6_DAC_IRQHandler
                0x08003adc                TIM1_BRK_TIM9_IRQHandler
                0x08003adc                DCMI_IRQHandler
                0x08003adc                CAN2_RX0_IRQHandler
                0x08003adc                DMA2_Stream3_IRQHandler
                0x08003adc                SAI2_IRQHandler
                0x08003adc                USART6_IRQHandler
                0x08003adc                USART3_IRQHandler
                0x08003adc                CAN1_RX1_IRQHandler
                0x08003adc                UART5_IRQHandler
                0x08003adc                TIM4_IRQHandler
                0x08003adc                QUADSPI_IRQHandler
                0x08003adc                I2C1_EV_IRQHandler
                0x08003adc                DMA1_Stream6_IRQHandler
                0x08003adc                DMA1_Stream1_IRQHandler
                0x08003adc                UART4_IRQHandler
                0x08003adc                TIM3_IRQHandler
                0x08003adc                RCC_IRQHandler
                0x08003adc                TIM8_BRK_TIM12_IRQHandler
                0x08003adc                Default_Handler
                0x08003adc                CEC_IRQHandler
                0x08003adc                EXTI15_10_IRQHandler
                0x08003adc                ADC_IRQHandler
                0x08003adc                DMA1_Stream7_IRQHandler
                0x08003adc                TIM7_IRQHandler
                0x08003adc                CAN2_TX_IRQHandler
                0x08003adc                TIM5_IRQHandler
                0x08003adc                DMA2_Stream7_IRQHandler
                0x08003adc                I2C3_EV_IRQHandler
                0x08003adc                EXTI9_5_IRQHandler
                0x08003adc                RTC_WKUP_IRQHandler
                0x08003adc                SPDIF_RX_IRQHandler
                0x08003adc                SPI2_IRQHandler
                0x08003adc                OTG_HS_EP1_IN_IRQHandler
                0x08003adc                DMA1_Stream0_IRQHandler
                0x08003adc                CAN1_TX_IRQHandler
                0x08003adc                FMPI2C1_ER_IRQHandler
                0x08003adc                EXTI4_IRQHandler
                0x08003adc                OTG_HS_EP1_OUT_IRQHandler
                0x08003adc                WWDG_IRQHandler
                0x08003adc                OTG_FS_WKUP_IRQHandler
                0x08003adc                TIM1_TRG_COM_TIM11_IRQHandler
                0x08003adc                OTG_HS_IRQHandler
                0x08003adc                EXTI1_IRQHandler
                0x08003adc                USART2_IRQHandler
                0x08003adc                I2C2_ER_IRQHandler
                0x08003adc                CAN1_SCE_IRQHandler
                0x08003adc                FLASH_IRQHandler
                0x08003adc                DMA2_Stream4_IRQHandler
                0x08003adc                USART1_IRQHandler
                0x08003adc                OTG_FS_IRQHandler
                0x08003adc                SPI3_IRQHandler
                0x08003adc                DMA1_Stream4_IRQHandler
                0x08003adc                I2C1_ER_IRQHandler
                0x08003adc                FMC_IRQHandler
                0x08003adc                DMA2_Stream6_IRQHandler
                0x08003adc                SAI1_IRQHandler
                0x08003adc                DMA1_Stream3_IRQHandler
 *fill*         0x08003ade        0x2 
 .text.HAL_Init
                0x08003ae0       0x44 ./Drivers/STM32F4xx_HAL_Driver/Src/stm32f4xx_hal.o
                0x08003ae0                HAL_Init
 .text.HAL_InitTick
                0x08003b24       0x60 ./Drivers/STM32F4xx_HAL_Driver/Src/stm32f4xx_hal.o
                0x08003b24                HAL_InitTick
 .text.HAL_IncTick
                0x08003b84       0x28 ./Drivers/STM32F4xx_HAL_Driver/Src/stm32f4xx_hal.o
                0x08003b84                HAL_IncTick
 .text.HAL_GetTick
                0x08003bac       0x18 ./Drivers/STM32F4xx_HAL_Driver/Src/stm32f4xx_hal.o
                0x08003bac                HAL_GetTick
 .text.HAL_ADC_Init
                0x08003bc4       0x86 ./Drivers/STM32F4xx_HAL_Driver/Src/stm32f4xx_hal_adc.o
                0x08003bc4                HAL_ADC_Init
 *fill*         0x08003c4a        0x2 
 .text.HAL_ADC_Start_DMA
                0x08003c4c      0x228 ./Drivers/STM32F4xx_HAL_Driver/Src/stm32f4xx_hal_adc.o
                0x08003c4c                HAL_ADC_Start_DMA
 .text.HAL_ADC_ConvHalfCpltCallback
                0x08003e74       0x14 ./Drivers/STM32F4xx_HAL_Driver/Src/stm32f4xx_hal_adc.o
                0x08003e74                HAL_ADC_ConvHalfCpltCallback
 .text.HAL_ADC_ErrorCallback
                0x08003e88       0x14 ./Drivers/STM32F4xx_HAL_Driver/Src/stm32f4xx_hal_adc.o
                0x08003e88                HAL_ADC_ErrorCallback
 .text.HAL_ADC_ConfigChannel
                0x08003e9c      0x264 ./Drivers/STM32F4xx_HAL_Driver/Src/stm32f4xx_hal_adc.o
                0x08003e9c                HAL_ADC_ConfigChannel
 .text.ADC_Init
                0x08004100      0x1f8 ./Drivers/STM32F4xx_HAL_Driver/Src/stm32f4xx_hal_adc.o
 .text.ADC_DMAConvCplt
                0x080042f8       0xba ./Drivers/STM32F4xx_HAL_Driver/Src/stm32f4xx_hal_adc.o
 .text.ADC_DMAHalfConvCplt
                0x080043b2       0x1c ./Drivers/STM32F4xx_HAL_Driver/Src/stm32f4xx_hal_adc.o
 .text.ADC_DMAError
                0x080043ce       0x2e ./Drivers/STM32F4xx_HAL_Driver/Src/stm32f4xx_hal_adc.o
 .text.__NVIC_SetPriorityGrouping
                0x080043fc       0x48 ./Drivers/STM32F4xx_HAL_Driver/Src/stm32f4xx_hal_cortex.o
 .text.__NVIC_GetPriorityGrouping
                0x08004444       0x1c ./Drivers/STM32F4xx_HAL_Driver/Src/stm32f4xx_hal_cortex.o
 .text.__NVIC_EnableIRQ
                0x08004460       0x3c ./Drivers/STM32F4xx_HAL_Driver/Src/stm32f4xx_hal_cortex.o
 .text.__NVIC_SetPriority
                0x0800449c       0x54 ./Drivers/STM32F4xx_HAL_Driver/Src/stm32f4xx_hal_cortex.o
 .text.NVIC_EncodePriority
                0x080044f0       0x66 ./Drivers/STM32F4xx_HAL_Driver/Src/stm32f4xx_hal_cortex.o
 *fill*         0x08004556        0x2 
 .text.SysTick_Config
                0x08004558       0x44 ./Drivers/STM32F4xx_HAL_Driver/Src/stm32f4xx_hal_cortex.o
 .text.HAL_NVIC_SetPriorityGrouping
                0x0800459c       0x16 ./Drivers/STM32F4xx_HAL_Driver/Src/stm32f4xx_hal_cortex.o
                0x0800459c                HAL_NVIC_SetPriorityGrouping
 .text.HAL_NVIC_SetPriority
                0x080045b2       0x38 ./Drivers/STM32F4xx_HAL_Driver/Src/stm32f4xx_hal_cortex.o
                0x080045b2                HAL_NVIC_SetPriority
 .text.HAL_NVIC_EnableIRQ
                0x080045ea       0x1c ./Drivers/STM32F4xx_HAL_Driver/Src/stm32f4xx_hal_cortex.o
                0x080045ea                HAL_NVIC_EnableIRQ
 .text.HAL_SYSTICK_Config
                0x08004606       0x18 ./Drivers/STM32F4xx_HAL_Driver/Src/stm32f4xx_hal_cortex.o
                0x08004606                HAL_SYSTICK_Config
 .text.HAL_DAC_Init
                0x0800461e       0x44 ./Drivers/STM32F4xx_HAL_Driver/Src/stm32f4xx_hal_dac.o
                0x0800461e                HAL_DAC_Init
 .text.HAL_DAC_ConfigChannel
                0x08004662       0xb2 ./Drivers/STM32F4xx_HAL_Driver/Src/stm32f4xx_hal_dac.o
                0x08004662                HAL_DAC_ConfigChannel
 .text.HAL_DMA_Init
                0x08004714      0x15c ./Drivers/STM32F4xx_HAL_Driver/Src/stm32f4xx_hal_dma.o
                0x08004714                HAL_DMA_Init
 .text.HAL_DMA_Start_IT
                0x08004870       0xb0 ./Drivers/STM32F4xx_HAL_Driver/Src/stm32f4xx_hal_dma.o
                0x08004870                HAL_DMA_Start_IT
 .text.HAL_DMA_IRQHandler
                0x08004920      0x314 ./Drivers/STM32F4xx_HAL_Driver/Src/stm32f4xx_hal_dma.o
                0x08004920                HAL_DMA_IRQHandler
 .text.DMA_SetConfig
                0x08004c34       0x5c ./Drivers/STM32F4xx_HAL_Driver/Src/stm32f4xx_hal_dma.o
 .text.DMA_CalcBaseAndBitshift
                0x08004c90       0x6c ./Drivers/STM32F4xx_HAL_Driver/Src/stm32f4xx_hal_dma.o
 .text.DMA_CheckFifoParam
                0x08004cfc       0xf8 ./Drivers/STM32F4xx_HAL_Driver/Src/stm32f4xx_hal_dma.o
 .text.HAL_GPIO_Init
                0x08004df4      0x328 ./Drivers/STM32F4xx_HAL_Driver/Src/stm32f4xx_hal_gpio.o
                0x08004df4                HAL_GPIO_Init
 .text.HAL_GPIO_ReadPin
                0x0800511c       0x30 ./Drivers/STM32F4xx_HAL_Driver/Src/stm32f4xx_hal_gpio.o
                0x0800511c                HAL_GPIO_ReadPin
 .text.HAL_GPIO_WritePin
                0x0800514c       0x32 ./Drivers/STM32F4xx_HAL_Driver/Src/stm32f4xx_hal_gpio.o
                0x0800514c                HAL_GPIO_WritePin
 *fill*         0x0800517e        0x2 
 .text.HAL_RCC_ClockConfig
                0x08005180      0x1cc ./Drivers/STM32F4xx_HAL_Driver/Src/stm32f4xx_hal_rcc.o
                0x08005180                HAL_RCC_ClockConfig
 .text.HAL_RCC_GetHCLKFreq
                0x0800534c       0x18 ./Drivers/STM32F4xx_HAL_Driver/Src/stm32f4xx_hal_rcc.o
                0x0800534c                HAL_RCC_GetHCLKFreq
 .text.HAL_RCC_GetPCLK1Freq
                0x08005364       0x28 ./Drivers/STM32F4xx_HAL_Driver/Src/stm32f4xx_hal_rcc.o
                0x08005364                HAL_RCC_GetPCLK1Freq
 .text.HAL_RCC_GetPCLK2Freq
                0x0800538c       0x28 ./Drivers/STM32F4xx_HAL_Driver/Src/stm32f4xx_hal_rcc.o
                0x0800538c                HAL_RCC_GetPCLK2Freq
 .text.HAL_RCC_GetSysClockFreq
                0x080053b4      0x354 ./Drivers/STM32F4xx_HAL_Driver/Src/stm32f4xx_hal_rcc_ex.o
                0x080053b4                HAL_RCC_GetSysClockFreq
 .text.HAL_RCC_OscConfig
                0x08005708      0x53c ./Drivers/STM32F4xx_HAL_Driver/Src/stm32f4xx_hal_rcc_ex.o
                0x08005708                HAL_RCC_OscConfig
 .text.HAL_SPI_Init
                0x08005c44      0x112 ./Drivers/STM32F4xx_HAL_Driver/Src/stm32f4xx_hal_spi.o
                0x08005c44                HAL_SPI_Init
 .text.HAL_SPI_TransmitReceive
                0x08005d56      0x352 ./Drivers/STM32F4xx_HAL_Driver/Src/stm32f4xx_hal_spi.o
                0x08005d56                HAL_SPI_TransmitReceive
 .text.SPI_WaitFlagStateUntilTimeout
                0x080060a8      0x110 ./Drivers/STM32F4xx_HAL_Driver/Src/stm32f4xx_hal_spi.o
 .text.SPI_EndRxTxTransaction
                0x080061b8       0xa8 ./Drivers/STM32F4xx_HAL_Driver/Src/stm32f4xx_hal_spi.o
 .text.HAL_TIM_Base_Init
                0x08006260       0x9e ./Drivers/STM32F4xx_HAL_Driver/Src/stm32f4xx_hal_tim.o
                0x08006260                HAL_TIM_Base_Init
 .text.HAL_TIM_OC_Init
                0x080062fe       0x9e ./Drivers/STM32F4xx_HAL_Driver/Src/stm32f4xx_hal_tim.o
                0x080062fe                HAL_TIM_OC_Init
 .text.HAL_TIM_OC_MspInit
                0x0800639c       0x14 ./Drivers/STM32F4xx_HAL_Driver/Src/stm32f4xx_hal_tim.o
                0x0800639c                HAL_TIM_OC_MspInit
 .text.HAL_TIM_OC_Start_IT
                0x080063b0      0x22c ./Drivers/STM32F4xx_HAL_Driver/Src/stm32f4xx_hal_tim.o
                0x080063b0                HAL_TIM_OC_Start_IT
 .text.HAL_TIM_PWM_Init
                0x080065dc       0x9e ./Drivers/STM32F4xx_HAL_Driver/Src/stm32f4xx_hal_tim.o
                0x080065dc                HAL_TIM_PWM_Init
 *fill*         0x0800667a        0x2 
 .text.HAL_TIM_PWM_Start
                0x0800667c      0x190 ./Drivers/STM32F4xx_HAL_Driver/Src/stm32f4xx_hal_tim.o
                0x0800667c                HAL_TIM_PWM_Start
 .text.HAL_TIM_PWM_Stop
                0x0800680c       0xe0 ./Drivers/STM32F4xx_HAL_Driver/Src/stm32f4xx_hal_tim.o
                0x0800680c                HAL_TIM_PWM_Stop
 .text.HAL_TIM_IRQHandler
                0x080068ec      0x1e0 ./Drivers/STM32F4xx_HAL_Driver/Src/stm32f4xx_hal_tim.o
                0x080068ec                HAL_TIM_IRQHandler
 .text.HAL_TIM_OC_ConfigChannel
                0x08006acc       0xb8 ./Drivers/STM32F4xx_HAL_Driver/Src/stm32f4xx_hal_tim.o
                0x08006acc                HAL_TIM_OC_ConfigChannel
 .text.HAL_TIM_PWM_ConfigChannel
                0x08006b84      0x184 ./Drivers/STM32F4xx_HAL_Driver/Src/stm32f4xx_hal_tim.o
                0x08006b84                HAL_TIM_PWM_ConfigChannel
 .text.HAL_TIM_SlaveConfigSynchro
                0x08006d08       0x84 ./Drivers/STM32F4xx_HAL_Driver/Src/stm32f4xx_hal_tim.o
                0x08006d08                HAL_TIM_SlaveConfigSynchro
 .text.HAL_TIM_PeriodElapsedCallback
                0x08006d8c       0x14 ./Drivers/STM32F4xx_HAL_Driver/Src/stm32f4xx_hal_tim.o
                0x08006d8c                HAL_TIM_PeriodElapsedCallback
 .text.HAL_TIM_IC_CaptureCallback
                0x08006da0       0x14 ./Drivers/STM32F4xx_HAL_Driver/Src/stm32f4xx_hal_tim.o
                0x08006da0                HAL_TIM_IC_CaptureCallback
 .text.HAL_TIM_PWM_PulseFinishedCallback
                0x08006db4       0x14 ./Drivers/STM32F4xx_HAL_Driver/Src/stm32f4xx_hal_tim.o
                0x08006db4                HAL_TIM_PWM_PulseFinishedCallback
 .text.HAL_TIM_TriggerCallback
                0x08006dc8       0x14 ./Drivers/STM32F4xx_HAL_Driver/Src/stm32f4xx_hal_tim.o
                0x08006dc8                HAL_TIM_TriggerCallback
 .text.TIM_Base_SetConfig
                0x08006ddc      0x14c ./Drivers/STM32F4xx_HAL_Driver/Src/stm32f4xx_hal_tim.o
                0x08006ddc                TIM_Base_SetConfig
 .text.TIM_OC1_SetConfig
                0x08006f28       0xe0 ./Drivers/STM32F4xx_HAL_Driver/Src/stm32f4xx_hal_tim.o
 .text.TIM_OC2_SetConfig
                0x08007008       0xec ./Drivers/STM32F4xx_HAL_Driver/Src/stm32f4xx_hal_tim.o
                0x08007008                TIM_OC2_SetConfig
 .text.TIM_OC3_SetConfig
                0x080070f4       0xe8 ./Drivers/STM32F4xx_HAL_Driver/Src/stm32f4xx_hal_tim.o
 .text.TIM_OC4_SetConfig
                0x080071dc       0xac ./Drivers/STM32F4xx_HAL_Driver/Src/stm32f4xx_hal_tim.o
 .text.TIM_SlaveTimer_SetConfig
                0x08007288      0x122 ./Drivers/STM32F4xx_HAL_Driver/Src/stm32f4xx_hal_tim.o
 .text.TIM_TI1_ConfigInputStage
                0x080073aa       0x5e ./Drivers/STM32F4xx_HAL_Driver/Src/stm32f4xx_hal_tim.o
 .text.TIM_TI2_ConfigInputStage
                0x08007408       0x60 ./Drivers/STM32F4xx_HAL_Driver/Src/stm32f4xx_hal_tim.o
 .text.TIM_ETR_SetConfig
                0x08007468       0x40 ./Drivers/STM32F4xx_HAL_Driver/Src/stm32f4xx_hal_tim.o
                0x08007468                TIM_ETR_SetConfig
 .text.TIM_CCxChannelCmd
                0x080074a8       0x4a ./Drivers/STM32F4xx_HAL_Driver/Src/stm32f4xx_hal_tim.o
                0x080074a8                TIM_CCxChannelCmd
 *fill*         0x080074f2        0x2 
 .text.HAL_TIMEx_PWMN_Start
                0x080074f4      0x174 ./Drivers/STM32F4xx_HAL_Driver/Src/stm32f4xx_hal_tim_ex.o
                0x080074f4                HAL_TIMEx_PWMN_Start
 .text.HAL_TIMEx_PWMN_Stop
                0x08007668       0xba ./Drivers/STM32F4xx_HAL_Driver/Src/stm32f4xx_hal_tim_ex.o
                0x08007668                HAL_TIMEx_PWMN_Stop
 *fill*         0x08007722        0x2 
 .text.HAL_TIMEx_MasterConfigSynchronization
                0x08007724       0xf8 ./Drivers/STM32F4xx_HAL_Driver/Src/stm32f4xx_hal_tim_ex.o
                0x08007724                HAL_TIMEx_MasterConfigSynchronization
 .text.HAL_TIMEx_ConfigBreakDeadTime
                0x0800781c       0xa4 ./Drivers/STM32F4xx_HAL_Driver/Src/stm32f4xx_hal_tim_ex.o
                0x0800781c                HAL_TIMEx_ConfigBreakDeadTime
 .text.HAL_TIMEx_CommutCallback
                0x080078c0       0x14 ./Drivers/STM32F4xx_HAL_Driver/Src/stm32f4xx_hal_tim_ex.o
                0x080078c0                HAL_TIMEx_CommutCallback
 .text.HAL_TIMEx_BreakCallback
                0x080078d4       0x14 ./Drivers/STM32F4xx_HAL_Driver/Src/stm32f4xx_hal_tim_ex.o
                0x080078d4                HAL_TIMEx_BreakCallback
 .text.TIM_CCxNChannelCmd
                0x080078e8       0x4a ./Drivers/STM32F4xx_HAL_Driver/Src/stm32f4xx_hal_tim_ex.o
 .text.HAL_UART_Init
                0x08007932       0xa0 ./Drivers/STM32F4xx_HAL_Driver/Src/stm32f4xx_hal_uart.o
                0x08007932                HAL_UART_Init
 *fill*         0x080079d2        0x2 
 .text.UART_SetConfig
                0x080079d4      0x4e8 ./Drivers/STM32F4xx_HAL_Driver/Src/stm32f4xx_hal_uart.o
 .text._ZdlPvj  0x08007ebc        0x4 C:/ST/STM32CubeIDE_1.19.0/STM32CubeIDE/plugins/com.st.stm32cube.ide.mcu.externaltools.gnu-tools-for-stm32.13.3.rel1.win32_1.0.0.202411081344/tools/bin/../lib/gcc/arm-none-eabi/13.3.1/../../../../arm-none-eabi/lib/thumb/v7e-m+fp/hard\libstdc++_nano.a(del_ops.o)
                0x08007ebc                operator delete(void*, unsigned int)
 .text._ZdlPv   0x08007ec0        0x4 C:/ST/STM32CubeIDE_1.19.0/STM32CubeIDE/plugins/com.st.stm32cube.ide.mcu.externaltools.gnu-tools-for-stm32.13.3.rel1.win32_1.0.0.202411081344/tools/bin/../lib/gcc/arm-none-eabi/13.3.1/../../../../arm-none-eabi/lib/thumb/v7e-m+fp/hard\libstdc++_nano.a(del_op.o)
                0x08007ec0                operator delete(void*)
 .text.malloc   0x08007ec4       0x10 C:/ST/STM32CubeIDE_1.19.0/STM32CubeIDE/plugins/com.st.stm32cube.ide.mcu.externaltools.gnu-tools-for-stm32.13.3.rel1.win32_1.0.0.202411081344/tools/bin/../lib/gcc/arm-none-eabi/13.3.1/../../../../arm-none-eabi/lib/thumb/v7e-m+fp/hard\libc_nano.a(libc_a-malloc.o)
                0x08007ec4                malloc
 .text.free     0x08007ed4       0x10 C:/ST/STM32CubeIDE_1.19.0/STM32CubeIDE/plugins/com.st.stm32cube.ide.mcu.externaltools.gnu-tools-for-stm32.13.3.rel1.win32_1.0.0.202411081344/tools/bin/../lib/gcc/arm-none-eabi/13.3.1/../../../../arm-none-eabi/lib/thumb/v7e-m+fp/hard\libc_nano.a(libc_a-malloc.o)
                0x08007ed4                free
 .text.sbrk_aligned
                0x08007ee4       0x44 C:/ST/STM32CubeIDE_1.19.0/STM32CubeIDE/plugins/com.st.stm32cube.ide.mcu.externaltools.gnu-tools-for-stm32.13.3.rel1.win32_1.0.0.202411081344/tools/bin/../lib/gcc/arm-none-eabi/13.3.1/../../../../arm-none-eabi/lib/thumb/v7e-m+fp/hard\libc_nano.a(libc_a-mallocr.o)
 .text._malloc_r
                0x08007f28      0x100 C:/ST/STM32CubeIDE_1.19.0/STM32CubeIDE/plugins/com.st.stm32cube.ide.mcu.externaltools.gnu-tools-for-stm32.13.3.rel1.win32_1.0.0.202411081344/tools/bin/../lib/gcc/arm-none-eabi/13.3.1/../../../../arm-none-eabi/lib/thumb/v7e-m+fp/hard\libc_nano.a(libc_a-mallocr.o)
                0x08007f28                _malloc_r
 .text.__malloc_lock
                0x08008028        0xc C:/ST/STM32CubeIDE_1.19.0/STM32CubeIDE/plugins/com.st.stm32cube.ide.mcu.externaltools.gnu-tools-for-stm32.13.3.rel1.win32_1.0.0.202411081344/tools/bin/../lib/gcc/arm-none-eabi/13.3.1/../../../../arm-none-eabi/lib/thumb/v7e-m+fp/hard\libc_nano.a(libc_a-mlock.o)
                0x08008028                __malloc_lock
 .text.__malloc_unlock
                0x08008034        0xc C:/ST/STM32CubeIDE_1.19.0/STM32CubeIDE/plugins/com.st.stm32cube.ide.mcu.externaltools.gnu-tools-for-stm32.13.3.rel1.win32_1.0.0.202411081344/tools/bin/../lib/gcc/arm-none-eabi/13.3.1/../../../../arm-none-eabi/lib/thumb/v7e-m+fp/hard\libc_nano.a(libc_a-mlock.o)
                0x08008034                __malloc_unlock
 .text.__cvt    0x08008040       0xca C:/ST/STM32CubeIDE_1.19.0/STM32CubeIDE/plugins/com.st.stm32cube.ide.mcu.externaltools.gnu-tools-for-stm32.13.3.rel1.win32_1.0.0.202411081344/tools/bin/../lib/gcc/arm-none-eabi/13.3.1/../../../../arm-none-eabi/lib/thumb/v7e-m+fp/hard\libc_nano.a(libc_a-nano-vfprintf_float.o)
                0x08008040                __cvt
 .text.__exponent
                0x0800810a       0x74 C:/ST/STM32CubeIDE_1.19.0/STM32CubeIDE/plugins/com.st.stm32cube.ide.mcu.externaltools.gnu-tools-for-stm32.13.3.rel1.win32_1.0.0.202411081344/tools/bin/../lib/gcc/arm-none-eabi/13.3.1/../../../../arm-none-eabi/lib/thumb/v7e-m+fp/hard\libc_nano.a(libc_a-nano-vfprintf_float.o)
                0x0800810a                __exponent
 *fill*         0x0800817e        0x2 
 .text._printf_float
                0x08008180      0x454 C:/ST/STM32CubeIDE_1.19.0/STM32CubeIDE/plugins/com.st.stm32cube.ide.mcu.externaltools.gnu-tools-for-stm32.13.3.rel1.win32_1.0.0.202411081344/tools/bin/../lib/gcc/arm-none-eabi/13.3.1/../../../../arm-none-eabi/lib/thumb/v7e-m+fp/hard\libc_nano.a(libc_a-nano-vfprintf_float.o)
                0x08008180                _printf_float
 .text._printf_common
                0x080085d4       0xda C:/ST/STM32CubeIDE_1.19.0/STM32CubeIDE/plugins/com.st.stm32cube.ide.mcu.externaltools.gnu-tools-for-stm32.13.3.rel1.win32_1.0.0.202411081344/tools/bin/../lib/gcc/arm-none-eabi/13.3.1/../../../../arm-none-eabi/lib/thumb/v7e-m+fp/hard\libc_nano.a(libc_a-nano-vfprintf_i.o)
                0x080085d4                _printf_common
 *fill*         0x080086ae        0x2 
 .text._printf_i
                0x080086b0      0x23c C:/ST/STM32CubeIDE_1.19.0/STM32CubeIDE/plugins/com.st.stm32cube.ide.mcu.externaltools.gnu-tools-for-stm32.13.3.rel1.win32_1.0.0.202411081344/tools/bin/../lib/gcc/arm-none-eabi/13.3.1/../../../../arm-none-eabi/lib/thumb/v7e-m+fp/hard\libc_nano.a(libc_a-nano-vfprintf_i.o)
                0x080086b0                _printf_i
 .text.std      0x080088ec       0x6c C:/ST/STM32CubeIDE_1.19.0/STM32CubeIDE/plugins/com.st.stm32cube.ide.mcu.externaltools.gnu-tools-for-stm32.13.3.rel1.win32_1.0.0.202411081344/tools/bin/../lib/gcc/arm-none-eabi/13.3.1/../../../../arm-none-eabi/lib/thumb/v7e-m+fp/hard\libc_nano.a(libc_a-findfp.o)
 .text.stdio_exit_handler
                0x08008958       0x18 C:/ST/STM32CubeIDE_1.19.0/STM32CubeIDE/plugins/com.st.stm32cube.ide.mcu.externaltools.gnu-tools-for-stm32.13.3.rel1.win32_1.0.0.202411081344/tools/bin/../lib/gcc/arm-none-eabi/13.3.1/../../../../arm-none-eabi/lib/thumb/v7e-m+fp/hard\libc_nano.a(libc_a-findfp.o)
 .text.cleanup_stdio
                0x08008970       0x40 C:/ST/STM32CubeIDE_1.19.0/STM32CubeIDE/plugins/com.st.stm32cube.ide.mcu.externaltools.gnu-tools-for-stm32.13.3.rel1.win32_1.0.0.202411081344/tools/bin/../lib/gcc/arm-none-eabi/13.3.1/../../../../arm-none-eabi/lib/thumb/v7e-m+fp/hard\libc_nano.a(libc_a-findfp.o)
 .text.global_stdio_init.part.0
                0x080089b0       0x3c C:/ST/STM32CubeIDE_1.19.0/STM32CubeIDE/plugins/com.st.stm32cube.ide.mcu.externaltools.gnu-tools-for-stm32.13.3.rel1.win32_1.0.0.202411081344/tools/bin/../lib/gcc/arm-none-eabi/13.3.1/../../../../arm-none-eabi/lib/thumb/v7e-m+fp/hard\libc_nano.a(libc_a-findfp.o)
 .text.__sfp_lock_acquire
                0x080089ec        0xc C:/ST/STM32CubeIDE_1.19.0/STM32CubeIDE/plugins/com.st.stm32cube.ide.mcu.externaltools.gnu-tools-for-stm32.13.3.rel1.win32_1.0.0.202411081344/tools/bin/../lib/gcc/arm-none-eabi/13.3.1/../../../../arm-none-eabi/lib/thumb/v7e-m+fp/hard\libc_nano.a(libc_a-findfp.o)
                0x080089ec                __sfp_lock_acquire
 .text.__sfp_lock_release
                0x080089f8        0xc C:/ST/STM32CubeIDE_1.19.0/STM32CubeIDE/plugins/com.st.stm32cube.ide.mcu.externaltools.gnu-tools-for-stm32.13.3.rel1.win32_1.0.0.202411081344/tools/bin/../lib/gcc/arm-none-eabi/13.3.1/../../../../arm-none-eabi/lib/thumb/v7e-m+fp/hard\libc_nano.a(libc_a-findfp.o)
                0x080089f8                __sfp_lock_release
 .text.__sinit  0x08008a04       0x30 C:/ST/STM32CubeIDE_1.19.0/STM32CubeIDE/plugins/com.st.stm32cube.ide.mcu.externaltools.gnu-tools-for-stm32.13.3.rel1.win32_1.0.0.202411081344/tools/bin/../lib/gcc/arm-none-eabi/13.3.1/../../../../arm-none-eabi/lib/thumb/v7e-m+fp/hard\libc_nano.a(libc_a-findfp.o)
                0x08008a04                __sinit
 .text._fwalk_sglue
                0x08008a34       0x3c C:/ST/STM32CubeIDE_1.19.0/STM32CubeIDE/plugins/com.st.stm32cube.ide.mcu.externaltools.gnu-tools-for-stm32.13.3.rel1.win32_1.0.0.202411081344/tools/bin/../lib/gcc/arm-none-eabi/13.3.1/../../../../arm-none-eabi/lib/thumb/v7e-m+fp/hard\libc_nano.a(libc_a-fwalk.o)
                0x08008a34                _fwalk_sglue
 .text.__sread  0x08008a70       0x22 C:/ST/STM32CubeIDE_1.19.0/STM32CubeIDE/plugins/com.st.stm32cube.ide.mcu.externaltools.gnu-tools-for-stm32.13.3.rel1.win32_1.0.0.202411081344/tools/bin/../lib/gcc/arm-none-eabi/13.3.1/../../../../arm-none-eabi/lib/thumb/v7e-m+fp/hard\libc_nano.a(libc_a-stdio.o)
                0x08008a70                __sread
 .text.__swrite
                0x08008a92       0x38 C:/ST/STM32CubeIDE_1.19.0/STM32CubeIDE/plugins/com.st.stm32cube.ide.mcu.externaltools.gnu-tools-for-stm32.13.3.rel1.win32_1.0.0.202411081344/tools/bin/../lib/gcc/arm-none-eabi/13.3.1/../../../../arm-none-eabi/lib/thumb/v7e-m+fp/hard\libc_nano.a(libc_a-stdio.o)
                0x08008a92                __swrite
 .text.__sseek  0x08008aca       0x24 C:/ST/STM32CubeIDE_1.19.0/STM32CubeIDE/plugins/com.st.stm32cube.ide.mcu.externaltools.gnu-tools-for-stm32.13.3.rel1.win32_1.0.0.202411081344/tools/bin/../lib/gcc/arm-none-eabi/13.3.1/../../../../arm-none-eabi/lib/thumb/v7e-m+fp/hard\libc_nano.a(libc_a-stdio.o)
                0x08008aca                __sseek
 .text.__sclose
                0x08008aee        0x8 C:/ST/STM32CubeIDE_1.19.0/STM32CubeIDE/plugins/com.st.stm32cube.ide.mcu.externaltools.gnu-tools-for-stm32.13.3.rel1.win32_1.0.0.202411081344/tools/bin/../lib/gcc/arm-none-eabi/13.3.1/../../../../arm-none-eabi/lib/thumb/v7e-m+fp/hard\libc_nano.a(libc_a-stdio.o)
                0x08008aee                __sclose
 .text.memset   0x08008af6       0x10 C:/ST/STM32CubeIDE_1.19.0/STM32CubeIDE/plugins/com.st.stm32cube.ide.mcu.externaltools.gnu-tools-for-stm32.13.3.rel1.win32_1.0.0.202411081344/tools/bin/../lib/gcc/arm-none-eabi/13.3.1/../../../../arm-none-eabi/lib/thumb/v7e-m+fp/hard\libc_nano.a(libc_a-memset.o)
                0x08008af6                memset
 *fill*         0x08008b06        0x2 
 .text._localeconv_r
                0x08008b08        0x8 C:/ST/STM32CubeIDE_1.19.0/STM32CubeIDE/plugins/com.st.stm32cube.ide.mcu.externaltools.gnu-tools-for-stm32.13.3.rel1.win32_1.0.0.202411081344/tools/bin/../lib/gcc/arm-none-eabi/13.3.1/../../../../arm-none-eabi/lib/thumb/v7e-m+fp/hard\libc_nano.a(libc_a-localeconv.o)
                0x08008b08                _localeconv_r
 .text._close_r
                0x08008b10       0x20 C:/ST/STM32CubeIDE_1.19.0/STM32CubeIDE/plugins/com.st.stm32cube.ide.mcu.externaltools.gnu-tools-for-stm32.13.3.rel1.win32_1.0.0.202411081344/tools/bin/../lib/gcc/arm-none-eabi/13.3.1/../../../../arm-none-eabi/lib/thumb/v7e-m+fp/hard\libc_nano.a(libc_a-closer.o)
                0x08008b10                _close_r
 .text._lseek_r
                0x08008b30       0x24 C:/ST/STM32CubeIDE_1.19.0/STM32CubeIDE/plugins/com.st.stm32cube.ide.mcu.externaltools.gnu-tools-for-stm32.13.3.rel1.win32_1.0.0.202411081344/tools/bin/../lib/gcc/arm-none-eabi/13.3.1/../../../../arm-none-eabi/lib/thumb/v7e-m+fp/hard\libc_nano.a(libc_a-lseekr.o)
                0x08008b30                _lseek_r
 .text._read_r  0x08008b54       0x24 C:/ST/STM32CubeIDE_1.19.0/STM32CubeIDE/plugins/com.st.stm32cube.ide.mcu.externaltools.gnu-tools-for-stm32.13.3.rel1.win32_1.0.0.202411081344/tools/bin/../lib/gcc/arm-none-eabi/13.3.1/../../../../arm-none-eabi/lib/thumb/v7e-m+fp/hard\libc_nano.a(libc_a-readr.o)
                0x08008b54                _read_r
 .text._sbrk_r  0x08008b78       0x20 C:/ST/STM32CubeIDE_1.19.0/STM32CubeIDE/plugins/com.st.stm32cube.ide.mcu.externaltools.gnu-tools-for-stm32.13.3.rel1.win32_1.0.0.202411081344/tools/bin/../lib/gcc/arm-none-eabi/13.3.1/../../../../arm-none-eabi/lib/thumb/v7e-m+fp/hard\libc_nano.a(libc_a-sbrkr.o)
                0x08008b78                _sbrk_r
 .text._write_r
                0x08008b98       0x24 C:/ST/STM32CubeIDE_1.19.0/STM32CubeIDE/plugins/com.st.stm32cube.ide.mcu.externaltools.gnu-tools-for-stm32.13.3.rel1.win32_1.0.0.202411081344/tools/bin/../lib/gcc/arm-none-eabi/13.3.1/../../../../arm-none-eabi/lib/thumb/v7e-m+fp/hard\libc_nano.a(libc_a-writer.o)
                0x08008b98                _write_r
 .text.__errno  0x08008bbc        0xc C:/ST/STM32CubeIDE_1.19.0/STM32CubeIDE/plugins/com.st.stm32cube.ide.mcu.externaltools.gnu-tools-for-stm32.13.3.rel1.win32_1.0.0.202411081344/tools/bin/../lib/gcc/arm-none-eabi/13.3.1/../../../../arm-none-eabi/lib/thumb/v7e-m+fp/hard\libc_nano.a(libc_a-errno.o)
                0x08008bbc                __errno
 .text.__libc_init_array
                0x08008bc8       0x48 C:/ST/STM32CubeIDE_1.19.0/STM32CubeIDE/plugins/com.st.stm32cube.ide.mcu.externaltools.gnu-tools-for-stm32.13.3.rel1.win32_1.0.0.202411081344/tools/bin/../lib/gcc/arm-none-eabi/13.3.1/../../../../arm-none-eabi/lib/thumb/v7e-m+fp/hard\libc_nano.a(libc_a-init.o)
                0x08008bc8                __libc_init_array
 .text.__retarget_lock_init_recursive
                0x08008c10        0x2 C:/ST/STM32CubeIDE_1.19.0/STM32CubeIDE/plugins/com.st.stm32cube.ide.mcu.externaltools.gnu-tools-for-stm32.13.3.rel1.win32_1.0.0.202411081344/tools/bin/../lib/gcc/arm-none-eabi/13.3.1/../../../../arm-none-eabi/lib/thumb/v7e-m+fp/hard\libc_nano.a(libc_a-lock.o)
                0x08008c10                __retarget_lock_init_recursive
 .text.__retarget_lock_acquire_recursive
                0x08008c12        0x2 C:/ST/STM32CubeIDE_1.19.0/STM32CubeIDE/plugins/com.st.stm32cube.ide.mcu.externaltools.gnu-tools-for-stm32.13.3.rel1.win32_1.0.0.202411081344/tools/bin/../lib/gcc/arm-none-eabi/13.3.1/../../../../arm-none-eabi/lib/thumb/v7e-m+fp/hard\libc_nano.a(libc_a-lock.o)
                0x08008c12                __retarget_lock_acquire_recursive
 .text.__retarget_lock_release_recursive
                0x08008c14        0x2 C:/ST/STM32CubeIDE_1.19.0/STM32CubeIDE/plugins/com.st.stm32cube.ide.mcu.externaltools.gnu-tools-for-stm32.13.3.rel1.win32_1.0.0.202411081344/tools/bin/../lib/gcc/arm-none-eabi/13.3.1/../../../../arm-none-eabi/lib/thumb/v7e-m+fp/hard\libc_nano.a(libc_a-lock.o)
                0x08008c14                __retarget_lock_release_recursive
 .text.quorem   0x08008c16      0x110 C:/ST/STM32CubeIDE_1.19.0/STM32CubeIDE/plugins/com.st.stm32cube.ide.mcu.externaltools.gnu-tools-for-stm32.13.3.rel1.win32_1.0.0.202411081344/tools/bin/../lib/gcc/arm-none-eabi/13.3.1/../../../../arm-none-eabi/lib/thumb/v7e-m+fp/hard\libc_nano.a(libc_a-dtoa.o)
 *fill*         0x08008d26        0x2 
 .text._dtoa_r  0x08008d28      0xba0 C:/ST/STM32CubeIDE_1.19.0/STM32CubeIDE/plugins/com.st.stm32cube.ide.mcu.externaltools.gnu-tools-for-stm32.13.3.rel1.win32_1.0.0.202411081344/tools/bin/../lib/gcc/arm-none-eabi/13.3.1/../../../../arm-none-eabi/lib/thumb/v7e-m+fp/hard\libc_nano.a(libc_a-dtoa.o)
                0x08008d28                _dtoa_r
 .text._free_r  0x080098c8       0x94 C:/ST/STM32CubeIDE_1.19.0/STM32CubeIDE/plugins/com.st.stm32cube.ide.mcu.externaltools.gnu-tools-for-stm32.13.3.rel1.win32_1.0.0.202411081344/tools/bin/../lib/gcc/arm-none-eabi/13.3.1/../../../../arm-none-eabi/lib/thumb/v7e-m+fp/hard\libc_nano.a(libc_a-freer.o)
                0x080098c8                _free_r
 .text._Balloc  0x0800995c       0x80 C:/ST/STM32CubeIDE_1.19.0/STM32CubeIDE/plugins/com.st.stm32cube.ide.mcu.externaltools.gnu-tools-for-stm32.13.3.rel1.win32_1.0.0.202411081344/tools/bin/../lib/gcc/arm-none-eabi/13.3.1/../../../../arm-none-eabi/lib/thumb/v7e-m+fp/hard\libc_nano.a(libc_a-mprec.o)
                0x0800995c                _Balloc
 .text._Bfree   0x080099dc       0x44 C:/ST/STM32CubeIDE_1.19.0/STM32CubeIDE/plugins/com.st.stm32cube.ide.mcu.externaltools.gnu-tools-for-stm32.13.3.rel1.win32_1.0.0.202411081344/tools/bin/../lib/gcc/arm-none-eabi/13.3.1/../../../../arm-none-eabi/lib/thumb/v7e-m+fp/hard\libc_nano.a(libc_a-mprec.o)
                0x080099dc                _Bfree
 .text.__multadd
                0x08009a20       0x8c C:/ST/STM32CubeIDE_1.19.0/STM32CubeIDE/plugins/com.st.stm32cube.ide.mcu.externaltools.gnu-tools-for-stm32.13.3.rel1.win32_1.0.0.202411081344/tools/bin/../lib/gcc/arm-none-eabi/13.3.1/../../../../arm-none-eabi/lib/thumb/v7e-m+fp/hard\libc_nano.a(libc_a-mprec.o)
                0x08009a20                __multadd
 .text.__hi0bits
                0x08009aac       0x3e C:/ST/STM32CubeIDE_1.19.0/STM32CubeIDE/plugins/com.st.stm32cube.ide.mcu.externaltools.gnu-tools-for-stm32.13.3.rel1.win32_1.0.0.202411081344/tools/bin/../lib/gcc/arm-none-eabi/13.3.1/../../../../arm-none-eabi/lib/thumb/v7e-m+fp/hard\libc_nano.a(libc_a-mprec.o)
                0x08009aac                __hi0bits
 .text.__lo0bits
                0x08009aea       0x5a C:/ST/STM32CubeIDE_1.19.0/STM32CubeIDE/plugins/com.st.stm32cube.ide.mcu.externaltools.gnu-tools-for-stm32.13.3.rel1.win32_1.0.0.202411081344/tools/bin/../lib/gcc/arm-none-eabi/13.3.1/../../../../arm-none-eabi/lib/thumb/v7e-m+fp/hard\libc_nano.a(libc_a-mprec.o)
                0x08009aea                __lo0bits
 .text.__i2b    0x08009b44       0x2c C:/ST/STM32CubeIDE_1.19.0/STM32CubeIDE/plugins/com.st.stm32cube.ide.mcu.externaltools.gnu-tools-for-stm32.13.3.rel1.win32_1.0.0.202411081344/tools/bin/../lib/gcc/arm-none-eabi/13.3.1/../../../../arm-none-eabi/lib/thumb/v7e-m+fp/hard\libc_nano.a(libc_a-mprec.o)
                0x08009b44                __i2b
 .text.__multiply
                0x08009b70      0x144 C:/ST/STM32CubeIDE_1.19.0/STM32CubeIDE/plugins/com.st.stm32cube.ide.mcu.externaltools.gnu-tools-for-stm32.13.3.rel1.win32_1.0.0.202411081344/tools/bin/../lib/gcc/arm-none-eabi/13.3.1/../../../../arm-none-eabi/lib/thumb/v7e-m+fp/hard\libc_nano.a(libc_a-mprec.o)
                0x08009b70                __multiply
 .text.__pow5mult
                0x08009cb4       0xb4 C:/ST/STM32CubeIDE_1.19.0/STM32CubeIDE/plugins/com.st.stm32cube.ide.mcu.externaltools.gnu-tools-for-stm32.13.3.rel1.win32_1.0.0.202411081344/tools/bin/../lib/gcc/arm-none-eabi/13.3.1/../../../../arm-none-eabi/lib/thumb/v7e-m+fp/hard\libc_nano.a(libc_a-mprec.o)
                0x08009cb4                __pow5mult
 .text.__lshift
                0x08009d68       0xd8 C:/ST/STM32CubeIDE_1.19.0/STM32CubeIDE/plugins/com.st.stm32cube.ide.mcu.externaltools.gnu-tools-for-stm32.13.3.rel1.win32_1.0.0.202411081344/tools/bin/../lib/gcc/arm-none-eabi/13.3.1/../../../../arm-none-eabi/lib/thumb/v7e-m+fp/hard\libc_nano.a(libc_a-mprec.o)
                0x08009d68                __lshift
 .text.__mcmp   0x08009e40       0x36 C:/ST/STM32CubeIDE_1.19.0/STM32CubeIDE/plugins/com.st.stm32cube.ide.mcu.externaltools.gnu-tools-for-stm32.13.3.rel1.win32_1.0.0.202411081344/tools/bin/../lib/gcc/arm-none-eabi/13.3.1/../../../../arm-none-eabi/lib/thumb/v7e-m+fp/hard\libc_nano.a(libc_a-mprec.o)
                0x08009e40                __mcmp
 *fill*         0x08009e76        0x2 
 .text.__mdiff  0x08009e78      0x128 C:/ST/STM32CubeIDE_1.19.0/STM32CubeIDE/plugins/com.st.stm32cube.ide.mcu.externaltools.gnu-tools-for-stm32.13.3.rel1.win32_1.0.0.202411081344/tools/bin/../lib/gcc/arm-none-eabi/13.3.1/../../../../arm-none-eabi/lib/thumb/v7e-m+fp/hard\libc_nano.a(libc_a-mprec.o)
                0x08009e78                __mdiff
 .text.__d2b    0x08009fa0       0xb0 C:/ST/STM32CubeIDE_1.19.0/STM32CubeIDE/plugins/com.st.stm32cube.ide.mcu.externaltools.gnu-tools-for-stm32.13.3.rel1.win32_1.0.0.202411081344/tools/bin/../lib/gcc/arm-none-eabi/13.3.1/../../../../arm-none-eabi/lib/thumb/v7e-m+fp/hard\libc_nano.a(libc_a-mprec.o)
                0x08009fa0                __d2b
 .text.__sflush_r
                0x0800a050      0x108 C:/ST/STM32CubeIDE_1.19.0/STM32CubeIDE/plugins/com.st.stm32cube.ide.mcu.externaltools.gnu-tools-for-stm32.13.3.rel1.win32_1.0.0.202411081344/tools/bin/../lib/gcc/arm-none-eabi/13.3.1/../../../../arm-none-eabi/lib/thumb/v7e-m+fp/hard\libc_nano.a(libc_a-fflush.o)
                0x0800a050                __sflush_r
 .text._fflush_r
                0x0800a158       0x50 C:/ST/STM32CubeIDE_1.19.0/STM32CubeIDE/plugins/com.st.stm32cube.ide.mcu.externaltools.gnu-tools-for-stm32.13.3.rel1.win32_1.0.0.202411081344/tools/bin/../lib/gcc/arm-none-eabi/13.3.1/../../../../arm-none-eabi/lib/thumb/v7e-m+fp/hard\libc_nano.a(libc_a-fflush.o)
                0x0800a158                _fflush_r
 .text.memcpy   0x0800a1a8       0x1c C:/ST/STM32CubeIDE_1.19.0/STM32CubeIDE/plugins/com.st.stm32cube.ide.mcu.externaltools.gnu-tools-for-stm32.13.3.rel1.win32_1.0.0.202411081344/tools/bin/../lib/gcc/arm-none-eabi/13.3.1/../../../../arm-none-eabi/lib/thumb/v7e-m+fp/hard\libc_nano.a(libc_a-memcpy-stub.o)
                0x0800a1a8                memcpy
 .text.__assert_func
                0x0800a1c4       0x3c C:/ST/STM32CubeIDE_1.19.0/STM32CubeIDE/plugins/com.st.stm32cube.ide.mcu.externaltools.gnu-tools-for-stm32.13.3.rel1.win32_1.0.0.202411081344/tools/bin/../lib/gcc/arm-none-eabi/13.3.1/../../../../arm-none-eabi/lib/thumb/v7e-m+fp/hard\libc_nano.a(libc_a-assert.o)
                0x0800a1c4                __assert_func
 .text._calloc_r
                0x0800a200       0x28 C:/ST/STM32CubeIDE_1.19.0/STM32CubeIDE/plugins/com.st.stm32cube.ide.mcu.externaltools.gnu-tools-for-stm32.13.3.rel1.win32_1.0.0.202411081344/tools/bin/../lib/gcc/arm-none-eabi/13.3.1/../../../../arm-none-eabi/lib/thumb/v7e-m+fp/hard\libc_nano.a(libc_a-callocr.o)
                0x0800a200                _calloc_r
 .text.__ascii_mbtowc
                0x0800a228       0x24 C:/ST/STM32CubeIDE_1.19.0/STM32CubeIDE/plugins/com.st.stm32cube.ide.mcu.externaltools.gnu-tools-for-stm32.13.3.rel1.win32_1.0.0.202411081344/tools/bin/../lib/gcc/arm-none-eabi/13.3.1/../../../../arm-none-eabi/lib/thumb/v7e-m+fp/hard\libc_nano.a(libc_a-mbtowc_r.o)
                0x0800a228                __ascii_mbtowc
 .text.__ascii_wctomb
                0x0800a24c       0x1a C:/ST/STM32CubeIDE_1.19.0/STM32CubeIDE/plugins/com.st.stm32cube.ide.mcu.externaltools.gnu-tools-for-stm32.13.3.rel1.win32_1.0.0.202411081344/tools/bin/../lib/gcc/arm-none-eabi/13.3.1/../../../../arm-none-eabi/lib/thumb/v7e-m+fp/hard\libc_nano.a(libc_a-wctomb_r.o)
                0x0800a24c                __ascii_wctomb
 *fill*         0x0800a266        0x2 
 .text.fprintf  0x0800a268       0x24 C:/ST/STM32CubeIDE_1.19.0/STM32CubeIDE/plugins/com.st.stm32cube.ide.mcu.externaltools.gnu-tools-for-stm32.13.3.rel1.win32_1.0.0.202411081344/tools/bin/../lib/gcc/arm-none-eabi/13.3.1/../../../../arm-none-eabi/lib/thumb/v7e-m+fp/hard\libc_nano.a(libc_a-fprintf.o)
                0x0800a268                fiprintf
                0x0800a268                fprintf
 .text.abort    0x0800a28c        0xe C:/ST/STM32CubeIDE_1.19.0/STM32CubeIDE/plugins/com.st.stm32cube.ide.mcu.externaltools.gnu-tools-for-stm32.13.3.rel1.win32_1.0.0.202411081344/tools/bin/../lib/gcc/arm-none-eabi/13.3.1/../../../../arm-none-eabi/lib/thumb/v7e-m+fp/hard\libc_nano.a(libc_a-abort.o)
                0x0800a28c                abort
 .text.__sfputc_r
                0x0800a29a       0x2e C:/ST/STM32CubeIDE_1.19.0/STM32CubeIDE/plugins/com.st.stm32cube.ide.mcu.externaltools.gnu-tools-for-stm32.13.3.rel1.win32_1.0.0.202411081344/tools/bin/../lib/gcc/arm-none-eabi/13.3.1/../../../../arm-none-eabi/lib/thumb/v7e-m+fp/hard\libc_nano.a(libc_a-nano-vfprintf.o)
 .text.__sfputs_r
                0x0800a2c8       0x24 C:/ST/STM32CubeIDE_1.19.0/STM32CubeIDE/plugins/com.st.stm32cube.ide.mcu.externaltools.gnu-tools-for-stm32.13.3.rel1.win32_1.0.0.202411081344/tools/bin/../lib/gcc/arm-none-eabi/13.3.1/../../../../arm-none-eabi/lib/thumb/v7e-m+fp/hard\libc_nano.a(libc_a-nano-vfprintf.o)
                0x0800a2c8                __sfputs_r
 .text._vfprintf_r
                0x0800a2ec      0x230 C:/ST/STM32CubeIDE_1.19.0/STM32CubeIDE/plugins/com.st.stm32cube.ide.mcu.externaltools.gnu-tools-for-stm32.13.3.rel1.win32_1.0.0.202411081344/tools/bin/../lib/gcc/arm-none-eabi/13.3.1/../../../../arm-none-eabi/lib/thumb/v7e-m+fp/hard\libc_nano.a(libc_a-nano-vfprintf.o)
                0x0800a2ec                _vfprintf_r
                0x0800a2ec                _vfiprintf_r
 .text.__swbuf_r
                0x0800a51c       0x7c C:/ST/STM32CubeIDE_1.19.0/STM32CubeIDE/plugins/com.st.stm32cube.ide.mcu.externaltools.gnu-tools-for-stm32.13.3.rel1.win32_1.0.0.202411081344/tools/bin/../lib/gcc/arm-none-eabi/13.3.1/../../../../arm-none-eabi/lib/thumb/v7e-m+fp/hard\libc_nano.a(libc_a-wbuf.o)
                0x0800a51c                __swbuf_r
 .text.__swsetup_r
                0x0800a598       0xac C:/ST/STM32CubeIDE_1.19.0/STM32CubeIDE/plugins/com.st.stm32cube.ide.mcu.externaltools.gnu-tools-for-stm32.13.3.rel1.win32_1.0.0.202411081344/tools/bin/../lib/gcc/arm-none-eabi/13.3.1/../../../../arm-none-eabi/lib/thumb/v7e-m+fp/hard\libc_nano.a(libc_a-wsetup.o)
                0x0800a598                __swsetup_r
 .text._raise_r
                0x0800a644       0x50 C:/ST/STM32CubeIDE_1.19.0/STM32CubeIDE/plugins/com.st.stm32cube.ide.mcu.externaltools.gnu-tools-for-stm32.13.3.rel1.win32_1.0.0.202411081344/tools/bin/../lib/gcc/arm-none-eabi/13.3.1/../../../../arm-none-eabi/lib/thumb/v7e-m+fp/hard\libc_nano.a(libc_a-signal.o)
                0x0800a644                _raise_r
 .text.raise    0x0800a694       0x10 C:/ST/STM32CubeIDE_1.19.0/STM32CubeIDE/plugins/com.st.stm32cube.ide.mcu.externaltools.gnu-tools-for-stm32.13.3.rel1.win32_1.0.0.202411081344/tools/bin/../lib/gcc/arm-none-eabi/13.3.1/../../../../arm-none-eabi/lib/thumb/v7e-m+fp/hard\libc_nano.a(libc_a-signal.o)
                0x0800a694                raise
 .text._kill_r  0x0800a6a4       0x24 C:/ST/STM32CubeIDE_1.19.0/STM32CubeIDE/plugins/com.st.stm32cube.ide.mcu.externaltools.gnu-tools-for-stm32.13.3.rel1.win32_1.0.0.202411081344/tools/bin/../lib/gcc/arm-none-eabi/13.3.1/../../../../arm-none-eabi/lib/thumb/v7e-m+fp/hard\libc_nano.a(libc_a-signalr.o)
                0x0800a6a4                _kill_r
 .text._getpid_r
                0x0800a6c8        0x4 C:/ST/STM32CubeIDE_1.19.0/STM32CubeIDE/plugins/com.st.stm32cube.ide.mcu.externaltools.gnu-tools-for-stm32.13.3.rel1.win32_1.0.0.202411081344/tools/bin/../lib/gcc/arm-none-eabi/13.3.1/../../../../arm-none-eabi/lib/thumb/v7e-m+fp/hard\libc_nano.a(libc_a-signalr.o)
                0x0800a6c8                _getpid_r
 .text.__swhatbuf_r
                0x0800a6cc       0x4c C:/ST/STM32CubeIDE_1.19.0/STM32CubeIDE/plugins/com.st.stm32cube.ide.mcu.externaltools.gnu-tools-for-stm32.13.3.rel1.win32_1.0.0.202411081344/tools/bin/../lib/gcc/arm-none-eabi/13.3.1/../../../../arm-none-eabi/lib/thumb/v7e-m+fp/hard\libc_nano.a(libc_a-makebuf.o)
                0x0800a6cc                __swhatbuf_r
 .text.__smakebuf_r
                0x0800a718       0x78 C:/ST/STM32CubeIDE_1.19.0/STM32CubeIDE/plugins/com.st.stm32cube.ide.mcu.externaltools.gnu-tools-for-stm32.13.3.rel1.win32_1.0.0.202411081344/tools/bin/../lib/gcc/arm-none-eabi/13.3.1/../../../../arm-none-eabi/lib/thumb/v7e-m+fp/hard\libc_nano.a(libc_a-makebuf.o)
                0x0800a718                __smakebuf_r
 .text._fstat_r
                0x0800a790       0x24 C:/ST/STM32CubeIDE_1.19.0/STM32CubeIDE/plugins/com.st.stm32cube.ide.mcu.externaltools.gnu-tools-for-stm32.13.3.rel1.win32_1.0.0.202411081344/tools/bin/../lib/gcc/arm-none-eabi/13.3.1/../../../../arm-none-eabi/lib/thumb/v7e-m+fp/hard\libc_nano.a(libc_a-fstatr.o)
                0x0800a790                _fstat_r
 .text._isatty_r
                0x0800a7b4       0x20 C:/ST/STM32CubeIDE_1.19.0/STM32CubeIDE/plugins/com.st.stm32cube.ide.mcu.externaltools.gnu-tools-for-stm32.13.3.rel1.win32_1.0.0.202411081344/tools/bin/../lib/gcc/arm-none-eabi/13.3.1/../../../../arm-none-eabi/lib/thumb/v7e-m+fp/hard\libc_nano.a(libc_a-isattyr.o)
                0x0800a7b4                _isatty_r
 *(.glue_7)
 .glue_7        0x0800a7d4        0x0 linker stubs
 *(.glue_7t)
 .glue_7t       0x0800a7d4        0x0 linker stubs
 *(.eh_frame)
 .eh_frame      0x0800a7d4        0x0 C:/ST/STM32CubeIDE_1.19.0/STM32CubeIDE/plugins/com.st.stm32cube.ide.mcu.externaltools.gnu-tools-for-stm32.13.3.rel1.win32_1.0.0.202411081344/tools/bin/../lib/gcc/arm-none-eabi/13.3.1/thumb/v7e-m+fp/hard/crtbegin.o
 *(.init)
 .init          0x0800a7d4        0x4 C:/ST/STM32CubeIDE_1.19.0/STM32CubeIDE/plugins/com.st.stm32cube.ide.mcu.externaltools.gnu-tools-for-stm32.13.3.rel1.win32_1.0.0.202411081344/tools/bin/../lib/gcc/arm-none-eabi/13.3.1/thumb/v7e-m+fp/hard/crti.o
                0x0800a7d4                _init
 .init          0x0800a7d8        0x8 C:/ST/STM32CubeIDE_1.19.0/STM32CubeIDE/plugins/com.st.stm32cube.ide.mcu.externaltools.gnu-tools-for-stm32.13.3.rel1.win32_1.0.0.202411081344/tools/bin/../lib/gcc/arm-none-eabi/13.3.1/thumb/v7e-m+fp/hard/crtn.o
 *(.fini)
 .fini          0x0800a7e0        0x4 C:/ST/STM32CubeIDE_1.19.0/STM32CubeIDE/plugins/com.st.stm32cube.ide.mcu.externaltools.gnu-tools-for-stm32.13.3.rel1.win32_1.0.0.202411081344/tools/bin/../lib/gcc/arm-none-eabi/13.3.1/thumb/v7e-m+fp/hard/crti.o
                0x0800a7e0                _fini
 .fini          0x0800a7e4        0x8 C:/ST/STM32CubeIDE_1.19.0/STM32CubeIDE/plugins/com.st.stm32cube.ide.mcu.externaltools.gnu-tools-for-stm32.13.3.rel1.win32_1.0.0.202411081344/tools/bin/../lib/gcc/arm-none-eabi/13.3.1/thumb/v7e-m+fp/hard/crtn.o
                0x0800a7ec                        . = ALIGN (0x4)
                0x0800a7ec                        _etext = .

.vfp11_veneer   0x0800a7ec        0x0
 .vfp11_veneer  0x0800a7ec        0x0 linker stubs

.v4_bx          0x0800a7ec        0x0
 .v4_bx         0x0800a7ec        0x0 linker stubs

.iplt           0x0800a7ec        0x0
 .iplt          0x0800a7ec        0x0 C:/ST/STM32CubeIDE_1.19.0/STM32CubeIDE/plugins/com.st.stm32cube.ide.mcu.externaltools.gnu-tools-for-stm32.13.3.rel1.win32_1.0.0.202411081344/tools/bin/../lib/gcc/arm-none-eabi/13.3.1/thumb/v7e-m+fp/hard/crtbegin.o

.rodata         0x0800a7f0      0x414
                0x0800a7f0                        . = ALIGN (0x4)
 *(.rodata)
 *(.rodata*)
 .rodata._ZTV24GenericAdcChannelSampler
                0x0800a7f0       0x14 ./Core/Src/PrometheUS/Clutch.o
                0x0800a7f0                vtable for GenericAdcChannelSampler
 .rodata._ZTV20ClutchCurrentSampler
                0x0800a804       0x14 ./Core/Src/PrometheUS/ClutchCurrentSampler.o
                0x0800a804                vtable for ClutchCurrentSampler
 .rodata._ZTV26ClutchesTemperatureSampler
                0x0800a818       0x14 ./Core/Src/PrometheUS/ClutchesTemperatureSampler.o
                0x0800a818                vtable for ClutchesTemperatureSampler
 .rodata._ZTV22GenericAdcBurstSampler
                0x0800a82c       0x14 ./Core/Src/PrometheUS/ClutchesTemperatureSampler.o
                0x0800a82c                vtable for GenericAdcBurstSampler
 .rodata._ZZN14EncoderSampler14sampleRawValueEvE19TRANSMIT_DUMMY_DATA
                0x0800a840        0x2 ./Core/Src/PrometheUS/EncoderSampler.o
 *fill*         0x0800a842        0x2 
 .rodata._ZTV20MotorVelocitySampler
                0x0800a844       0x14 ./Core/Src/PrometheUS/MotorVelocitySampler.o
                0x0800a844                vtable for MotorVelocitySampler
 .rodata._ZTV21PotentiometersSampler
                0x0800a858       0x14 ./Core/Src/PrometheUS/PotentiometersSampler.o
                0x0800a858                vtable for PotentiometersSampler
 .rodata.AHBPrescTable
                0x0800a86c       0x10 ./Core/Src/system_stm32f4xx.o
                0x0800a86c                AHBPrescTable
 .rodata.APBPrescTable
                0x0800a87c        0x8 ./Core/Src/system_stm32f4xx.o
                0x0800a87c                APBPrescTable
 .rodata.flagBitshiftOffset.0
                0x0800a884        0x8 ./Drivers/STM32F4xx_HAL_Driver/Src/stm32f4xx_hal_dma.o
 .rodata._printf_float.str1.1
                0x0800a88c      0x171 C:/ST/STM32CubeIDE_1.19.0/STM32CubeIDE/plugins/com.st.stm32cube.ide.mcu.externaltools.gnu-tools-for-stm32.13.3.rel1.win32_1.0.0.202411081344/tools/bin/../lib/gcc/arm-none-eabi/13.3.1/../../../../arm-none-eabi/lib/thumb/v7e-m+fp/hard\libc_nano.a(libc_a-nano-vfprintf_float.o)
                                 0x12 (size before relaxing)
 .rodata._printf_i.str1.1
                0x0800a9fd       0x22 C:/ST/STM32CubeIDE_1.19.0/STM32CubeIDE/plugins/com.st.stm32cube.ide.mcu.externaltools.gnu-tools-for-stm32.13.3.rel1.win32_1.0.0.202411081344/tools/bin/../lib/gcc/arm-none-eabi/13.3.1/../../../../arm-none-eabi/lib/thumb/v7e-m+fp/hard\libc_nano.a(libc_a-nano-vfprintf_i.o)
 .rodata._dtoa_r.str1.1
                0x0800a9fd       0x8f C:/ST/STM32CubeIDE_1.19.0/STM32CubeIDE/plugins/com.st.stm32cube.ide.mcu.externaltools.gnu-tools-for-stm32.13.3.rel1.win32_1.0.0.202411081344/tools/bin/../lib/gcc/arm-none-eabi/13.3.1/../../../../arm-none-eabi/lib/thumb/v7e-m+fp/hard\libc_nano.a(libc_a-dtoa.o)
 .rodata._Balloc.str1.1
                0x0800a9fd       0x70 C:/ST/STM32CubeIDE_1.19.0/STM32CubeIDE/plugins/com.st.stm32cube.ide.mcu.externaltools.gnu-tools-for-stm32.13.3.rel1.win32_1.0.0.202411081344/tools/bin/../lib/gcc/arm-none-eabi/13.3.1/../../../../arm-none-eabi/lib/thumb/v7e-m+fp/hard\libc_nano.a(libc_a-mprec.o)
 .rodata.__multadd.str1.1
                0x0800a9fd       0x11 C:/ST/STM32CubeIDE_1.19.0/STM32CubeIDE/plugins/com.st.stm32cube.ide.mcu.externaltools.gnu-tools-for-stm32.13.3.rel1.win32_1.0.0.202411081344/tools/bin/../lib/gcc/arm-none-eabi/13.3.1/../../../../arm-none-eabi/lib/thumb/v7e-m+fp/hard\libc_nano.a(libc_a-mprec.o)
 *fill*         0x0800a9fd        0x3 
 .rodata.p05.0  0x0800aa00        0xc C:/ST/STM32CubeIDE_1.19.0/STM32CubeIDE/plugins/com.st.stm32cube.ide.mcu.externaltools.gnu-tools-for-stm32.13.3.rel1.win32_1.0.0.202411081344/tools/bin/../lib/gcc/arm-none-eabi/13.3.1/../../../../arm-none-eabi/lib/thumb/v7e-m+fp/hard\libc_nano.a(libc_a-mprec.o)
 *fill*         0x0800aa0c        0x4 
 .rodata.__mprec_bigtens
                0x0800aa10       0x28 C:/ST/STM32CubeIDE_1.19.0/STM32CubeIDE/plugins/com.st.stm32cube.ide.mcu.externaltools.gnu-tools-for-stm32.13.3.rel1.win32_1.0.0.202411081344/tools/bin/../lib/gcc/arm-none-eabi/13.3.1/../../../../arm-none-eabi/lib/thumb/v7e-m+fp/hard\libc_nano.a(libc_a-mprec.o)
                0x0800aa10                __mprec_bigtens
 .rodata.__mprec_tens
                0x0800aa38       0xc8 C:/ST/STM32CubeIDE_1.19.0/STM32CubeIDE/plugins/com.st.stm32cube.ide.mcu.externaltools.gnu-tools-for-stm32.13.3.rel1.win32_1.0.0.202411081344/tools/bin/../lib/gcc/arm-none-eabi/13.3.1/../../../../arm-none-eabi/lib/thumb/v7e-m+fp/hard\libc_nano.a(libc_a-mprec.o)
                0x0800aa38                __mprec_tens
 .rodata._setlocale_r.str1.1
                0x0800ab00        0x9 C:/ST/STM32CubeIDE_1.19.0/STM32CubeIDE/plugins/com.st.stm32cube.ide.mcu.externaltools.gnu-tools-for-stm32.13.3.rel1.win32_1.0.0.202411081344/tools/bin/../lib/gcc/arm-none-eabi/13.3.1/../../../../arm-none-eabi/lib/thumb/v7e-m+fp/hard\libc_nano.a(libc_a-locale.o)
 .rodata.str1.1
                0x0800ab00        0x2 C:/ST/STM32CubeIDE_1.19.0/STM32CubeIDE/plugins/com.st.stm32cube.ide.mcu.externaltools.gnu-tools-for-stm32.13.3.rel1.win32_1.0.0.202411081344/tools/bin/../lib/gcc/arm-none-eabi/13.3.1/../../../../arm-none-eabi/lib/thumb/v7e-m+fp/hard\libc_nano.a(libc_a-locale.o)
 .rodata.__assert_func.str1.1
                0x0800ab00       0x3d C:/ST/STM32CubeIDE_1.19.0/STM32CubeIDE/plugins/com.st.stm32cube.ide.mcu.externaltools.gnu-tools-for-stm32.13.3.rel1.win32_1.0.0.202411081344/tools/bin/../lib/gcc/arm-none-eabi/13.3.1/../../../../arm-none-eabi/lib/thumb/v7e-m+fp/hard\libc_nano.a(libc_a-assert.o)
 .rodata._ctype_
                0x0800ab00      0x101 C:/ST/STM32CubeIDE_1.19.0/STM32CubeIDE/plugins/com.st.stm32cube.ide.mcu.externaltools.gnu-tools-for-stm32.13.3.rel1.win32_1.0.0.202411081344/tools/bin/../lib/gcc/arm-none-eabi/13.3.1/../../../../arm-none-eabi/lib/thumb/v7e-m+fp/hard\libc_nano.a(libc_a-ctype_.o)
                0x0800ab00                _ctype_
 .rodata._vfprintf_r.str1.1
                0x0800ac01       0x11 C:/ST/STM32CubeIDE_1.19.0/STM32CubeIDE/plugins/com.st.stm32cube.ide.mcu.externaltools.gnu-tools-for-stm32.13.3.rel1.win32_1.0.0.202411081344/tools/bin/../lib/gcc/arm-none-eabi/13.3.1/../../../../arm-none-eabi/lib/thumb/v7e-m+fp/hard\libc_nano.a(libc_a-nano-vfprintf.o)
                0x0800ac14                        . = ALIGN (0x4)
 *fill*         0x0800ac01        0x3 

.ARM.extab      0x0800ac04        0x0
                0x0800ac04                        . = ALIGN (0x4)
 *(.ARM.extab* .gnu.linkonce.armextab.*)
                0x0800ac04                        . = ALIGN (0x4)

.ARM            0x0800ac04        0x8
                0x0800ac04                        . = ALIGN (0x4)
                0x0800ac04                        __exidx_start = .
 *(.ARM.exidx*)
 .ARM.exidx     0x0800ac04        0x8 C:/ST/STM32CubeIDE_1.19.0/STM32CubeIDE/plugins/com.st.stm32cube.ide.mcu.externaltools.gnu-tools-for-stm32.13.3.rel1.win32_1.0.0.202411081344/tools/bin/../lib/gcc/arm-none-eabi/13.3.1/../../../../arm-none-eabi/lib/thumb/v7e-m+fp/hard\libc_nano.a(libc_a-memchr.o)
 .ARM.exidx     0x0800ac0c        0x0 C:/ST/STM32CubeIDE_1.19.0/STM32CubeIDE/plugins/com.st.stm32cube.ide.mcu.externaltools.gnu-tools-for-stm32.13.3.rel1.win32_1.0.0.202411081344/tools/bin/../lib/gcc/arm-none-eabi/13.3.1/../../../../arm-none-eabi/lib/thumb/v7e-m+fp/hard\libc_nano.a(libc_a-strlen.o)
                                  0x8 (size before relaxing)
 .ARM.exidx     0x0800ac0c        0x0 C:/ST/STM32CubeIDE_1.19.0/STM32CubeIDE/plugins/com.st.stm32cube.ide.mcu.externaltools.gnu-tools-for-stm32.13.3.rel1.win32_1.0.0.202411081344/tools/bin/../lib/gcc/arm-none-eabi/13.3.1/thumb/v7e-m+fp/hard\libgcc.a(_udivmoddi4.o)
                                  0x8 (size before relaxing)
                0x0800ac0c                        __exidx_end = .