Archive member included to satisfy reference by file (symbol)

C:/ST/STM32CubeIDE_1.19.0/STM32CubeIDE/plugins/com.st.stm32cube.ide.mcu.externaltools.gnu-tools-for-stm32.13.3.rel1.win32_1.0.0.202411081344/tools/bin/../lib/gcc/arm-none-eabi/13.3.1/../../../../arm-none-eabi/lib/thumb/v7e-m+fp/hard\libstdc++_nano.a(del_ops.o)
                              ./Core/PrometheUS/Sensing/ClutchCurrentSampler.o (operator delete(void*, unsigned int))
C:/ST/STM32CubeIDE_1.19.0/STM32CubeIDE/plugins/com.st.stm32cube.ide.mcu.externaltools.gnu-tools-for-stm32.13.3.rel1.win32_1.0.0.202411081344/tools/bin/../lib/gcc/arm-none-eabi/13.3.1/../../../../arm-none-eabi/lib/thumb/v7e-m+fp/hard\libstdc++_nano.a(del_op.o)
                              C:/ST/STM32CubeIDE_1.19.0/STM32CubeIDE/plugins/com.st.stm32cube.ide.mcu.externaltools.gnu-tools-for-stm32.13.3.rel1.win32_1.0.0.202411081344/tools/bin/../lib/gcc/arm-none-eabi/13.3.1/../../../../arm-none-eabi/lib/thumb/v7e-m+fp/hard\libstdc++_nano.a(del_ops.o) (operator delete(void*))
C:/ST/STM32CubeIDE_1.19.0/STM32CubeIDE/plugins/com.st.stm32cube.ide.mcu.externaltools.gnu-tools-for-stm32.13.3.rel1.win32_1.0.0.202411081344/tools/bin/../lib/gcc/arm-none-eabi/13.3.1/../../../../arm-none-eabi/lib/thumb/v7e-m+fp/hard\libc_nano.a(libc_a-exit.o)
                              C:/ST/STM32CubeIDE_1.19.0/STM32CubeIDE/plugins/com.st.stm32cube.ide.mcu.externaltools.gnu-tools-for-stm32.13.3.rel1.win32_1.0.0.202411081344/tools/bin/../lib/gcc/arm-none-eabi/13.3.1/../../../../arm-none-eabi/lib/thumb/v7e-m+fp/hard/crt0.o (exit)
C:/ST/STM32CubeIDE_1.19.0/STM32CubeIDE/plugins/com.st.stm32cube.ide.mcu.externaltools.gnu-tools-for-stm32.13.3.rel1.win32_1.0.0.202411081344/tools/bin/../lib/gcc/arm-none-eabi/13.3.1/../../../../arm-none-eabi/lib/thumb/v7e-m+fp/hard\libc_nano.a(libc_a-malloc.o)
                              C:/ST/STM32CubeIDE_1.19.0/STM32CubeIDE/plugins/com.st.stm32cube.ide.mcu.externaltools.gnu-tools-for-stm32.13.3.rel1.win32_1.0.0.202411081344/tools/bin/../lib/gcc/arm-none-eabi/13.3.1/../../../../arm-none-eabi/lib/thumb/v7e-m+fp/hard\libstdc++_nano.a(del_op.o) (free)
C:/ST/STM32CubeIDE_1.19.0/STM32CubeIDE/plugins/com.st.stm32cube.ide.mcu.externaltools.gnu-tools-for-stm32.13.3.rel1.win32_1.0.0.202411081344/tools/bin/../lib/gcc/arm-none-eabi/13.3.1/../../../../arm-none-eabi/lib/thumb/v7e-m+fp/hard\libc_nano.a(libc_a-mallocr.o)
                              C:/ST/STM32CubeIDE_1.19.0/STM32CubeIDE/plugins/com.st.stm32cube.ide.mcu.externaltools.gnu-tools-for-stm32.13.3.rel1.win32_1.0.0.202411081344/tools/bin/../lib/gcc/arm-none-eabi/13.3.1/../../../../arm-none-eabi/lib/thumb/v7e-m+fp/hard\libc_nano.a(libc_a-malloc.o) (_malloc_r)
C:/ST/STM32CubeIDE_1.19.0/STM32CubeIDE/plugins/com.st.stm32cube.ide.mcu.externaltools.gnu-tools-for-stm32.13.3.rel1.win32_1.0.0.202411081344/tools/bin/../lib/gcc/arm-none-eabi/13.3.1/../../../../arm-none-eabi/lib/thumb/v7e-m+fp/hard\libc_nano.a(libc_a-mlock.o)
                              C:/ST/STM32CubeIDE_1.19.0/STM32CubeIDE/plugins/com.st.stm32cube.ide.mcu.externaltools.gnu-tools-for-stm32.13.3.rel1.win32_1.0.0.202411081344/tools/bin/../lib/gcc/arm-none-eabi/13.3.1/../../../../arm-none-eabi/lib/thumb/v7e-m+fp/hard\libc_nano.a(libc_a-mallocr.o) (__malloc_lock)
C:/ST/STM32CubeIDE_1.19.0/STM32CubeIDE/plugins/com.st.stm32cube.ide.mcu.externaltools.gnu-tools-for-stm32.13.3.rel1.win32_1.0.0.202411081344/tools/bin/../lib/gcc/arm-none-eabi/13.3.1/../../../../arm-none-eabi/lib/thumb/v7e-m+fp/hard\libc_nano.a(libc_a-nano-vfprintf_float.o)
                              (_printf_float)
C:/ST/STM32CubeIDE_1.19.0/STM32CubeIDE/plugins/com.st.stm32cube.ide.mcu.externaltools.gnu-tools-for-stm32.13.3.rel1.win32_1.0.0.202411081344/tools/bin/../lib/gcc/arm-none-eabi/13.3.1/../../../../arm-none-eabi/lib/thumb/v7e-m+fp/hard\libc_nano.a(libc_a-nano-vfprintf_i.o)
                              C:/ST/STM32CubeIDE_1.19.0/STM32CubeIDE/plugins/com.st.stm32cube.ide.mcu.externaltools.gnu-tools-for-stm32.13.3.rel1.win32_1.0.0.202411081344/tools/bin/../lib/gcc/arm-none-eabi/13.3.1/../../../../arm-none-eabi/lib/thumb/v7e-m+fp/hard\libc_nano.a(libc_a-nano-vfprintf_float.o) (_printf_common)
C:/ST/STM32CubeIDE_1.19.0/STM32CubeIDE/plugins/com.st.stm32cube.ide.mcu.externaltools.gnu-tools-for-stm32.13.3.rel1.win32_1.0.0.202411081344/tools/bin/../lib/gcc/arm-none-eabi/13.3.1/../../../../arm-none-eabi/lib/thumb/v7e-m+fp/hard\libc_nano.a(libc_a-findfp.o)
                              C:/ST/STM32CubeIDE_1.19.0/STM32CubeIDE/plugins/com.st.stm32cube.ide.mcu.externaltools.gnu-tools-for-stm32.13.3.rel1.win32_1.0.0.202411081344/tools/bin/../lib/gcc/arm-none-eabi/13.3.1/../../../../arm-none-eabi/lib/thumb/v7e-m+fp/hard\libc_nano.a(libc_a-exit.o) (__stdio_exit_handler)
[...]
Memory Configuration

Name             Origin             Length             Attributes
RAM              0x20000000         0x00020000         xrw
FLASH            0x08000000         0x00080000         xr
*default*        0x00000000         0xffffffff

Linker script and memory map

LOAD C:/ST/STM32CubeIDE_1.19.0/STM32CubeIDE/plugins/com.st.stm32cube.ide.mcu.externaltools.gnu-tools-for-stm32.13.3.rel1.win32_1.0.0.202411081344/tools/bin/../lib/gcc/arm-none-eabi/13.3.1/thumb/v7e-m+fp/hard/crti.o
LOAD C:/ST/STM32CubeIDE_1.19.0/STM32CubeIDE/plugins/com.st.stm32cube.ide.mcu.externaltools.gnu-tools-for-stm32.13.3.rel1.win32_1.0.0.202411081344/tools/bin/../lib/gcc/arm-none-eabi/13.3.1/thumb/v7e-m+fp/hard/crtbegin.o
LOAD C:/ST/STM32CubeIDE_1.19.0/STM32CubeIDE/plugins/com.st.stm32cube.ide.mcu.externaltools.gnu-tools-for-stm32.13.3.rel1.win32_1.0.0.202411081344/tools/bin/../lib/gcc/arm-none-eabi/13.3.1/../../../../arm-none-eabi/lib/thumb/v7e-m+fp/hard/crt0.o
LOAD ./Core/PrometheUS/Actuation/Clutch.o
LOAD ./Core/PrometheUS/Actuation/Motor.o
LOAD ./Core/PrometheUS/Actuation/PWM.o
LOAD ./Core/PrometheUS/Actuation/PWMComplementary.o
LOAD ./Core/PrometheUS/Control/Finger.o
LOAD ./Core/PrometheUS/Control/PIDController.o
LOAD ./Core/PrometheUS/Sensing/ClutchCurrentSampler.o
LOAD ./Core/PrometheUS/Sensing/ClutchesTemperatureSampler.o
LOAD ./Core/PrometheUS/Sensing/EncoderSampler.o
LOAD ./Core/PrometheUS/Sensing/GenericAdcBurstSampler.o
LOAD ./Core/PrometheUS/Sensing/GenericAdcChannelSampler.o
LOAD ./Core/PrometheUS/Sensing/MotorVelocitySampler.o
LOAD ./Core/PrometheUS/Sensing/PotentiometersSampler.o
LOAD ./Core/PrometheUS/System/PrometheUS.o
LOAD ./Core/PrometheUS/System/SystemFlags.o
LOAD ./Core/PrometheUS/System/TelemetrySender.o
LOAD ./Core/Src/cppMain.o
LOAD ./Core/Src/main.o
LOAD ./Core/Src/stm32f4xx_hal_msp.o
LOAD ./Core/Src/stm32f4xx_it.o
LOAD ./Core/Src/syscalls.o
LOAD ./Core/Src/sysmem.o
LOAD ./Core/Src/system_stm32f4xx.o
LOAD ./Core/Startup/startup_stm32f446zehx.o
LOAD ./Drivers/STM32F4xx_HAL_Driver/Src/stm32f4xx_hal.o
LOAD ./Drivers/STM32F4xx_HAL_Driver/Src/stm32f4xx_hal_adc.o
LOAD ./Drivers/STM32F4xx_HAL_Driver/Src/stm32f4xx_hal_adc_ex.o
LOAD ./Drivers/STM32F4xx_HAL_Driver/Src/stm32f4xx_hal_cortex.o
LOAD ./Drivers/STM32F4xx_HAL_Driver/Src/stm32f4xx_hal_dac.o
LOAD ./Drivers/STM32F4xx_HAL_Driver/Src/stm32f4xx_hal_dac_ex.o
LOAD ./Drivers/STM32F4xx_HAL_Driver/Src/stm32f4xx_hal_dma.o
LOAD ./Drivers/STM32F4xx_HAL_Driver/Src/stm32f4xx_hal_dma_ex.o
LOAD ./Drivers/STM32F4xx_HAL_Driver/Src/stm32f4xx_hal_exti.o
LOAD ./Drivers/STM32F4xx_HAL_Driver/Src/stm32f4xx_hal_flash.o
LOAD ./Drivers/STM32F4xx_HAL_Driver/Src/stm32f4xx_hal_flash_ex.o
LOAD ./Drivers/STM32F4xx_HAL_Driver/Src/stm32f4xx_hal_flash_ramfunc.o
LOAD ./Drivers/STM32F4xx_HAL_Driver/Src/stm32f4xx_hal_gpio.o
LOAD ./Drivers/STM32F4xx_HAL_Driver/Src/stm32f4xx_hal_pwr.o
LOAD ./Drivers/STM32F4xx_HAL_Driver/Src/stm32f4xx_hal_pwr_ex.o
LOAD ./Drivers/STM32F4xx_HAL_Driver/Src/stm32f4xx_hal_rcc.o
LOAD ./Drivers/STM32F4xx_HAL_Driver/Src/stm32f4xx_hal_rcc_ex.o
LOAD ./Drivers/STM32F4xx_HAL_Driver/Src/stm32f4xx_hal_spi.o
LOAD ./Drivers/STM32F4xx_HAL_Driver/Src/stm32f4xx_hal_tim.o
LOAD ./Drivers/STM32F4xx_HAL_Driver/Src/stm32f4xx_hal_tim_ex.o
LOAD ./Drivers/STM32F4xx_HAL_Driver/Src/stm32f4xx_hal_uart.o
LOAD ./Drivers/STM32F4xx_HAL_Driver/Src/stm32f4xx_ll_adc.o
START GROUP
LOAD C:/ST/STM32CubeIDE_1.19.0/STM32CubeIDE/plugins/com.st.stm32cube.ide.mcu.externaltools.gnu-tools-for-stm32.13.3.rel1.win32_1.0.0.202411081344/tools/bin/../lib/gcc/arm-none-eabi/13.3.1/../../../../arm-none-eabi/lib/thumb/v7e-m+fp/hard\libstdc++_nano.a
LOAD C:/ST/STM32CubeIDE_1.19.0/STM32CubeIDE/plugins/com.st.stm32cube.ide.mcu.externaltools.gnu-tools-for-stm32.13.3.rel1.win32_1.0.0.202411081344/tools/bin/../lib/gcc/arm-none-eabi/13.3.1/../../../../arm-none-eabi/lib/thumb/v7e-m+fp/hard\libsupc++_nano.a
END GROUP
LOAD C:/ST/STM32CubeIDE_1.19.0/STM32CubeIDE/plugins/com.st.stm32cube.ide.mcu.externaltools.gnu-tools-for-stm32.13.3.rel1.win32_1.0.0.202411081344/tools/bin/../lib/gcc/arm-none-eabi/13.3.1/../../../../arm-none-eabi/lib/thumb/v7e-m+fp/hard\libstdc++_nano.a
LOAD C:/ST/STM32CubeIDE_1.19.0/STM32CubeIDE/plugins/com.st.stm32cube.ide.mcu.externaltools.gnu-tools-for-stm32.13.3.rel1.win32_1.0.0.202411081344/tools/bin/../lib/gcc/arm-none-eabi/13.3.1/../../../../arm-none-eabi/lib/thumb/v7e-m+fp/hard\libm.a
LOAD C:/ST/STM32CubeIDE_1.19.0/STM32CubeIDE/plugins/com.st.stm32cube.ide.mcu.externaltools.gnu-tools-for-stm32.13.3.rel1.win32_1.0.0.202411081344/tools/bin/../lib/gcc/arm-none-eabi/13.3.1/../../../../arm-none-eabi/lib/thumb/v7e-m+fp/hard\libc_nano.a
START GROUP
LOAD C:/ST/STM32CubeIDE_1.19.0/STM32CubeIDE/plugins/com.st.stm32cube.ide.mcu.externaltools.gnu-tools-for-stm32.13.3.rel1.win32_1.0.0.202411081344/tools/bin/../lib/gcc/arm-none-eabi/13.3.1/thumb/v7e-m+fp/hard\libgcc.a
LOAD C:/ST/STM32CubeIDE_1.19.0/STM32CubeIDE/plugins/com.st.stm32cube.ide.mcu.externaltools.gnu-tools-for-stm32.13.3.rel1.win32_1.0.0.202411081344/tools/bin/../lib/gcc/arm-none-eabi/13.3.1/../../../../arm-none-eabi/lib/thumb/v7e-m+fp/hard\libc_nano.a
END GROUP
START GROUP
LOAD C:/ST/STM32CubeIDE_1.19.0/STM32CubeIDE/plugins/com.st.stm32cube.ide.mcu.externaltools.gnu-tools-for-stm32.13.3.rel1.win32_1.0.0.202411081344/tools/bin/../lib/gcc/arm-none-eabi/13.3.1/thumb/v7e-m+fp/hard\libgcc.a
LOAD C:/ST/STM32CubeIDE_1.19.0/STM32CubeIDE/plugins/com.st.stm32cube.ide.mcu.externaltools.gnu-tools-for-stm32.13.3.rel1.win32_1.0.0.202411081344/tools/bin/../lib/gcc/arm-none-eabi/13.3.1/../../../../arm-none-eabi/lib/thumb/v7e-m+fp/hard\libc_nano.a
LOAD C:/ST/STM32CubeIDE_1.19.0/STM32CubeIDE/plugins/com.st.stm32cube.ide.mcu.externaltools.gnu-tools-for-stm32.13.3.rel1.win32_1.0.0.202411081344/tools/bin/../lib/gcc/arm-none-eabi/13.3.1/../../../../arm-none-eabi/lib/thumb/v7e-m+fp/hard\libnosys.a
END GROUP
START GROUP
LOAD C:/ST/STM32CubeIDE_1.19.0/STM32CubeIDE/plugins/com.st.stm32cube.ide.mcu.externaltools.gnu-tools-for-stm32.13.3.rel1.win32_1.0.0.202411081344/tools/bin/../lib/gcc/arm-none-eabi/13.3.1/thumb/v7e-m+fp/hard\libgcc.a
LOAD C:/ST/STM32CubeIDE_1.19.0/STM32CubeIDE/plugins/com.st.stm32cube.ide.mcu.externaltools.gnu-tools-for-stm32.13.3.rel1.win32_1.0.0.202411081344/tools/bin/../lib/gcc/arm-none-eabi/13.3.1/../../../../arm-none-eabi/lib/thumb/v7e-m+fp/hard\libc_nano.a
LOAD C:/ST/STM32CubeIDE_1.19.0/STM32CubeIDE/plugins/com.st.stm32cube.ide.mcu.externaltools.gnu-tools-for-stm32.13.3.rel1.win32_1.0.0.202411081344/tools/bin/../lib/gcc/arm-none-eabi/13.3.1/../../../../arm-none-eabi/lib/thumb/v7e-m+fp/hard\libnosys.a
END GROUP
LOAD C:/ST/STM32CubeIDE_1.19.0/STM32CubeIDE/plugins/com.st.stm32cube.ide.mcu.externaltools.gnu-tools-for-stm32.13.3.rel1.win32_1.0.0.202411081344/tools/bin/../lib/gcc/arm-none-eabi/13.3.1/thumb/v7e-m+fp/hard/crtend.o
LOAD C:/ST/STM32CubeIDE_1.19.0/STM32CubeIDE/plugins/com.st.stm32cube.ide.mcu.externaltools.gnu-tools-for-stm32.13.3.rel1.win32_1.0.0.202411081344/tools/bin/../lib/gcc/arm-none-eabi/13.3.1/thumb/v7e-m+fp/hard/crtn.o
                0x20020000                        _estack = (ORIGIN (RAM) + LENGTH (RAM))
                0x00000200                        _Min_Heap_Size = 0x200
                0x00000400                        _Min_Stack_Size = 0x400

.isr_vector     0x08000000      0x1c4
                0x08000000                        . = ALIGN (0x4)
 *(.isr_vector)
 .isr_vector    0x08000000      0x1c4 ./Core/Startup/startup_stm32f446zehx.o
                0x08000000                g_pfnVectors
                0x080001c4                        . = ALIGN (0x4)

.text           0x080001d0     0xae20
                0x080001d0                        . = ALIGN (0x4)
 *(.text)
 .text          0x080001d0       0x40 C:/ST/STM32CubeIDE_1.19.0/STM32CubeIDE/plugins/com.st.stm32cube.ide.mcu.externaltools.gnu-tools-for-stm32.13.3.rel1.win32_1.0.0.202411081344/tools/bin/../lib/gcc/arm-none-eabi/13.3.1/thumb/v7e-m+fp/hard/crtbegin.o
 .text          0x08000210       0xa0 C:/ST/STM32CubeIDE_1.19.0/STM32CubeIDE/plugins/com.st.stm32cube.ide.mcu.externaltools.gnu-tools-for-stm32.13.3.rel1.win32_1.0.0.202411081344/tools/bin/../lib/gcc/arm-none-eabi/13.3.1/../../../../arm-none-eabi/lib/thumb/v7e-m+fp/hard\libc_nano.a(libc_a-memchr.o)
                0x08000210                memchr
 .text          0x080002b0       0x10 C:/ST/STM32CubeIDE_1.19.0/STM32CubeIDE/plugins/com.st.stm32cube.ide.mcu.externaltools.gnu-tools-for-stm32.13.3.rel1.win32_1.0.0.202411081344/tools/bin/../lib/gcc/arm-none-eabi/13.3.1/../../../../arm-none-eabi/lib/thumb/v7e-m+fp/hard\libc_nano.a(libc_a-strlen.o)
                0x080002b0                strlen
 .text          0x080002c0      0x378 C:/ST/STM32CubeIDE_1.19.0/STM32CubeIDE/plugins/com.st.stm32cube.ide.mcu.externaltools.gnu-tools-for-stm32.13.3.rel1.win32_1.0.0.202411081344/tools/bin/../lib/gcc/arm-none-eabi/13.3.1/thumb/v7e-m+fp/hard\libgcc.a(_arm_addsubdf3.o)
                0x080002c0                __aeabi_drsub
                0x080002c8                __aeabi_dsub
                0x080002c8                __subdf3
                0x080002cc                __aeabi_dadd
                0x080002cc                __adddf3
                0x08000544                __floatunsidf
                0x08000544                __aeabi_ui2d
                0x08000564                __floatsidf
                0x08000564                __aeabi_i2d
                0x08000588                __aeabi_f2d
                0x08000588                __extendsfdf2
                0x080005cc                __floatundidf
                0x080005cc                __aeabi_ul2d
                0x080005dc                __floatdidf
                0x080005dc                __aeabi_l2d
 .text          0x08000638      0x424 C:/ST/STM32CubeIDE_1.19.0/STM32CubeIDE/plugins/com.st.stm32cube.ide.mcu.externaltools.gnu-tools-for-stm32.13.3.rel1.win32_1.0.0.202411081344/tools/bin/../lib/gcc/arm-none-eabi/13.3.1/thumb/v7e-m+fp/hard\libgcc.a(_arm_muldivdf3.o)
                0x08000638                __aeabi_dmul
                0x08000638                __muldf3
                0x0800088c                __divdf3
                0x0800088c                __aeabi_ddiv
 .text          0x08000a5c      0x110 C:/ST/STM32CubeIDE_1.19.0/STM32CubeIDE/plugins/com.st.stm32cube.ide.mcu.externaltools.gnu-tools-for-stm32.13.3.rel1.win32_1.0.0.202411081344/tools/bin/../lib/gcc/arm-none-eabi/13.3.1/thumb/v7e-m+fp/hard\libgcc.a(_arm_cmpdf2.o)
                0x08000a5c                __gtdf2
                0x08000a5c                __gedf2
                0x08000a64                __ltdf2
                0x08000a64                __ledf2
                0x08000a6c                __nedf2
                0x08000a6c                __eqdf2
                0x08000a6c                __cmpdf2
                0x08000ae8                __aeabi_cdrcmple
                0x08000af8                __aeabi_cdcmpeq
                0x08000af8                __aeabi_cdcmple
                0x08000b08                __aeabi_dcmpeq
                0x08000b1c                __aeabi_dcmplt
                0x08000b30                __aeabi_dcmple
                0x08000b44                __aeabi_dcmpge
                0x08000b58                __aeabi_dcmpgt
 .text          0x08000b6c       0x2c C:/ST/STM32CubeIDE_1.19.0/STM32CubeIDE/plugins/com.st.stm32cube.ide.mcu.externaltools.gnu-tools-for-stm32.13.3.rel1.win32_1.0.0.202411081344/tools/bin/../lib/gcc/arm-none-eabi/13.3.1/thumb/v7e-m+fp/hard\libgcc.a(_arm_unorddf2.o)
                0x08000b6c                __unorddf2
                0x08000b6c                __aeabi_dcmpun
 .text          0x08000b98       0x50 C:/ST/STM32CubeIDE_1.19.0/STM32CubeIDE/plugins/com.st.stm32cube.ide.mcu.externaltools.gnu-tools-for-stm32.13.3.rel1.win32_1.0.0.202411081344/tools/bin/../lib/gcc/arm-none-eabi/13.3.1/thumb/v7e-m+fp/hard\libgcc.a(_arm_fixdfsi.o)
                0x08000b98                __aeabi_d2iz
                0x08000b98                __fixdfsi
 .text          0x08000be8       0x30 C:/ST/STM32CubeIDE_1.19.0/STM32CubeIDE/plugins/com.st.stm32cube.ide.mcu.externaltools.gnu-tools-for-stm32.13.3.rel1.win32_1.0.0.202411081344/tools/bin/../lib/gcc/arm-none-eabi/13.3.1/thumb/v7e-m+fp/hard\libgcc.a(_aeabi_uldivmod.o)
                0x08000be8                __aeabi_uldivmod
 .text          0x08000c18      0x2f8 C:/ST/STM32CubeIDE_1.19.0/STM32CubeIDE/plugins/com.st.stm32cube.ide.mcu.externaltools.gnu-tools-for-stm32.13.3.rel1.win32_1.0.0.202411081344/tools/bin/../lib/gcc/arm-none-eabi/13.3.1/thumb/v7e-m+fp/hard\libgcc.a(_udivmoddi4.o)
                0x08000c18                __udivmoddi4
 .text          0x08000f10        0x4 C:/ST/STM32CubeIDE_1.19.0/STM32CubeIDE/plugins/com.st.stm32cube.ide.mcu.externaltools.gnu-tools-for-stm32.13.3.rel1.win32_1.0.0.202411081344/tools/bin/../lib/gcc/arm-none-eabi/13.3.1/thumb/v7e-m+fp/hard\libgcc.a(_dvmd_tls.o)
                0x08000f10                __aeabi_idiv0
                0x08000f10                __aeabi_ldiv0
 *(.text*)
 .text._ZN24GenericAdcChannelSamplerC2ERKS_
                0x08000f14       0x40 ./Core/PrometheUS/Actuation/Clutch.o
                0x08000f14                GenericAdcChannelSampler::GenericAdcChannelSampler(GenericAdcChannelSampler const&)
                0x08000f14                GenericAdcChannelSampler::GenericAdcChannelSampler(GenericAdcChannelSampler const&)
 .text._ZN20ClutchCurrentSamplerC2ERKS_
                0x08000f54       0x2c ./Core/PrometheUS/Actuation/Clutch.o
                0x08000f54                ClutchCurrentSampler::ClutchCurrentSampler(ClutchCurrentSampler const&)
                0x08000f54                ClutchCurrentSampler::ClutchCurrentSampler(ClutchCurrentSampler const&)
 .text._ZN16PWMComplementaryC2Ev
                0x08000f80       0x2a ./Core/PrometheUS/Actuation/Clutch.o
                0x08000f80                PWMComplementary::PWMComplementary()
                0x08000f80                PWMComplementary::PWMComplementary()
 *fill*         0x08000faa        0x2 
 .text._ZN13PIDControllerC2Ev
                0x08000fac       0x68 ./Core/PrometheUS/Actuation/Clutch.o
                0x08000fac                PIDController::PIDController()
                0x08000fac                PIDController::PIDController()
 .text._ZN6ClutchC2ER20ClutchCurrentSampler
                0x08001014       0x50 ./Core/PrometheUS/Actuation/Clutch.o
                0x08001014                Clutch::Clutch(ClutchCurrentSampler&)
                0x08001014                Clutch::Clutch(ClutchCurrentSampler&)
 .text._ZN6Clutch4initEmhm
                0x08001064       0x3c ./Core/PrometheUS/Actuation/Clutch.o
                0x08001064                Clutch::init(unsigned long, unsigned char, unsigned long)
 .text._ZN6Clutch19calculateCurrentPIDEff
                0x080010a0       0x32 ./Core/PrometheUS/Actuation/Clutch.o
                0x080010a0                Clutch::calculateCurrentPID(float, float)
 .text._ZN6Clutch18getMeasuredCurrentEv
                0x080010d2       0x2c ./Core/PrometheUS/Actuation/Clutch.o
                0x080010d2                Clutch::getMeasuredCurrent()
 .text._ZN6Clutch13updateCommandEv
                0x080010fe       0x2c ./Core/PrometheUS/Actuation/Clutch.o
                0x080010fe                Clutch::updateCommand()
 .text._ZN6Clutch5startEv
                0x0800112a       0x1a ./Core/PrometheUS/Actuation/Clutch.o
                0x0800112a                Clutch::start()
 .text._ZN6Clutch4stopEv
                0x08001144       0x1a ./Core/PrometheUS/Actuation/Clutch.o
                0x08001144                Clutch::stop()
 .text._ZN12DigitalInput4initEP12GPIO_TypeDeft
                0x0800115e       0x26 ./Core/PrometheUS/Actuation/Motor.o
                0x0800115e                DigitalInput::init(GPIO_TypeDef*, unsigned short)
 .text._ZN13DigitalOutput4initEP12GPIO_TypeDeft
                0x08001184       0x26 ./Core/PrometheUS/Actuation/Motor.o
                0x08001184                DigitalOutput::init(GPIO_TypeDef*, unsigned short)
 .text._ZN13DigitalOutput2onEv
                0x080011aa       0x20 ./Core/PrometheUS/Actuation/Motor.o
                0x080011aa                DigitalOutput::on()
 .text._ZN13DigitalOutput3offEv
                0x080011ca       0x20 ./Core/PrometheUS/Actuation/Motor.o
                0x080011ca                DigitalOutput::off()
 *fill*         0x080011ea        0x2 
 .text._ZN20MotorVelocitySamplerC2ERKS_
                0x080011ec       0x2c ./Core/PrometheUS/Actuation/Motor.o
                0x080011ec                MotorVelocitySampler::MotorVelocitySampler(MotorVelocitySampler const&)
                0x080011ec                MotorVelocitySampler::MotorVelocitySampler(MotorVelocitySampler const&)
 .text._ZN12DigitalInputC2Ev
                0x08001218       0x22 ./Core/PrometheUS/Actuation/Motor.o
                0x08001218                DigitalInput::DigitalInput()
                0x08001218                DigitalInput::DigitalInput()
 .text._ZN3PWMC2Ev
                0x0800123a       0x2a ./Core/PrometheUS/Actuation/Motor.o
                0x0800123a                PWM::PWM()
                0x0800123a                PWM::PWM()
 .text._ZN13DigitalOutputC2Ev
                0x08001264       0x22 ./Core/PrometheUS/Actuation/Motor.o
                0x08001264                DigitalOutput::DigitalOutput()
                0x08001264                DigitalOutput::DigitalOutput()
 .text._ZN5MotorC2ER20MotorVelocitySampler
                0x08001286       0x44 ./Core/PrometheUS/Actuation/Motor.o
                0x08001286                Motor::Motor(MotorVelocitySampler&)
                0x08001286                Motor::Motor(MotorVelocitySampler&)
 *fill*         0x080012ca        0x2 
 .text._ZN5Motor4initEv
                0x080012cc       0x54 ./Core/PrometheUS/Actuation/Motor.o
                0x080012cc                Motor::init()
 .text._ZN5Motor5startEv
                0x08001320       0x24 ./Core/PrometheUS/Actuation/Motor.o
                0x08001320                Motor::start()
 .text._ZN5Motor4stopEv
                0x08001344       0x1a ./Core/PrometheUS/Actuation/Motor.o
                0x08001344                Motor::stop()
 .text._ZN5Motor16getMotorVelocityEv
                0x0800135e       0x1e ./Core/PrometheUS/Actuation/Motor.o
                0x0800135e                Motor::getMotorVelocity()
 .text._ZN3PWM4initEP17TIM_HandleTypeDefm
                0x0800137c       0x24 ./Core/PrometheUS/Actuation/PWM.o
                0x0800137c                PWM::init(TIM_HandleTypeDef*, unsigned long)
 .text._ZN3PWM5startEv
                0x080013a0       0x20 ./Core/PrometheUS/Actuation/PWM.o
                0x080013a0                PWM::start()
 .text._ZN16PWMComplementary4initEP17TIM_HandleTypeDefm
                0x080013c0       0x24 ./Core/PrometheUS/Actuation/PWMComplementary.o
                0x080013c0                PWMComplementary::init(TIM_HandleTypeDef*, unsigned long)
 .text._ZN16PWMComplementary5startEv
                0x080013e4       0x30 ./Core/PrometheUS/Actuation/PWMComplementary.o
                0x080013e4                PWMComplementary::start()
 .text._ZN16PWMComplementary4stopEv
                0x08001414       0x30 ./Core/PrometheUS/Actuation/PWMComplementary.o
                0x08001414                PWMComplementary::stop()
 .text._ZN16PWMComplementary6updateEf
                0x08001444       0x7c ./Core/PrometheUS/Actuation/PWMComplementary.o
                0x08001444                PWMComplementary::update(float)
 .text._ZN14EncoderSamplerC2Ev
                0x080014c0       0x34 ./Core/PrometheUS/Control/Finger.o
                0x080014c0                EncoderSampler::EncoderSampler()
                0x080014c0                EncoderSampler::EncoderSampler()
 .text._ZN6FingerC2ER20ClutchCurrentSampler
                0x080014f4       0x28 ./Core/PrometheUS/Control/Finger.o
                0x080014f4                Finger::Finger(ClutchCurrentSampler&)
                0x080014f4                Finger::Finger(ClutchCurrentSampler&)
 .text._ZN6Finger4initEmhP12GPIO_TypeDeftm
                0x0800151c       0x38 ./Core/PrometheUS/Control/Finger.o
                0x0800151c                Finger::init(unsigned long, unsigned char, GPIO_TypeDef*, unsigned short, unsigned long)
 .text._ZN6Finger13sampleEncoderEv
                0x08001554       0x1a ./Core/PrometheUS/Control/Finger.o
                0x08001554                Finger::sampleEncoder()
 .text._ZN6Finger24getClutchMeasuredCurrentEv
                0x0800156e       0x1e ./Core/PrometheUS/Control/Finger.o
                0x0800156e                Finger::getClutchMeasuredCurrent()
 .text._ZN6Finger18getEncoderPositionEv
                0x0800158c       0x20 ./Core/PrometheUS/Control/Finger.o
                0x0800158c                Finger::getEncoderPosition()
 .text._ZN6Finger16calculateCommandEf
                0x080015ac       0x36 ./Core/PrometheUS/Control/Finger.o
                0x080015ac                Finger::calculateCommand(float)
 .text._ZN6Finger13updateCommandEv
                0x080015e2       0x18 ./Core/PrometheUS/Control/Finger.o
                0x080015e2                Finger::updateCommand()
 .text._ZN6Finger5startEv
                0x080015fa       0x18 ./Core/PrometheUS/Control/Finger.o
                0x080015fa                Finger::start()
 .text._ZN6Finger4stopEv
                0x08001612       0x18 ./Core/PrometheUS/Control/Finger.o
                0x08001612                Finger::stop()
 .text._ZN13PIDController6updateEff
                0x0800162a      0x182 ./Core/PrometheUS/Control/PIDController.o
                0x0800162a                PIDController::update(float, float)
 .text._ZN20ClutchCurrentSampler4initEP17ADC_HandleTypeDefmh
                0x080017ac       0x38 ./Core/PrometheUS/Sensing/ClutchCurrentSampler.o
                0x080017ac                ClutchCurrentSampler::init(ADC_HandleTypeDef*, unsigned long, unsigned char)
 .text._ZNK20ClutchCurrentSampler18convertRawAdcValueEv
                0x080017e4       0x22 ./Core/PrometheUS/Sensing/ClutchCurrentSampler.o
                0x080017e4                ClutchCurrentSampler::convertRawAdcValue() const
 *fill*         0x08001806        0x2 
 .text._ZN24GenericAdcChannelSamplerD2Ev
                0x08001808       0x20 ./Core/PrometheUS/Sensing/ClutchCurrentSampler.o
                0x08001808                GenericAdcChannelSampler::~GenericAdcChannelSampler()
                0x08001808                GenericAdcChannelSampler::~GenericAdcChannelSampler()
 .text._ZN24GenericAdcChannelSamplerD0Ev
                0x08001828       0x20 ./Core/PrometheUS/Sensing/ClutchCurrentSampler.o
                0x08001828                GenericAdcChannelSampler::~GenericAdcChannelSampler()
 .text._ZN20ClutchCurrentSamplerD2Ev
                0x08001848       0x24 ./Core/PrometheUS/Sensing/ClutchCurrentSampler.o
                0x08001848                ClutchCurrentSampler::~ClutchCurrentSampler()
                0x08001848                ClutchCurrentSampler::~ClutchCurrentSampler()
 .text._ZN20ClutchCurrentSamplerD0Ev
                0x0800186c       0x20 ./Core/PrometheUS/Sensing/ClutchCurrentSampler.o
                0x0800186c                ClutchCurrentSampler::~ClutchCurrentSampler()
 .text._ZNK26ClutchesTemperatureSampler10convertAllERA3_f
                0x0800188c       0x48 ./Core/PrometheUS/Sensing/ClutchesTemperatureSampler.o
                0x0800188c                ClutchesTemperatureSampler::convertAll(float (&) [3]) const
 .text._ZN22GenericAdcBurstSamplerD2Ev
                0x080018d4       0x20 ./Core/PrometheUS/Sensing/ClutchesTemperatureSampler.o
                0x080018d4                GenericAdcBurstSampler::~GenericAdcBurstSampler()
                0x080018d4                GenericAdcBurstSampler::~GenericAdcBurstSampler()
 .text._ZN22GenericAdcBurstSamplerD0Ev
                0x080018f4       0x20 ./Core/PrometheUS/Sensing/ClutchesTemperatureSampler.o
                0x080018f4                GenericAdcBurstSampler::~GenericAdcBurstSampler()
 .text._ZN26ClutchesTemperatureSamplerD2Ev
                0x08001914       0x24 ./Core/PrometheUS/Sensing/ClutchesTemperatureSampler.o
                0x08001914                ClutchesTemperatureSampler::~ClutchesTemperatureSampler()
                0x08001914                ClutchesTemperatureSampler::~ClutchesTemperatureSampler()
 .text._ZN26ClutchesTemperatureSamplerD0Ev
                0x08001938       0x20 ./Core/PrometheUS/Sensing/ClutchesTemperatureSampler.o
                0x08001938                ClutchesTemperatureSampler::~ClutchesTemperatureSampler()
 .text._ZN14EncoderSampler4initEP19__SPI_HandleTypeDefP12GPIO_TypeDeft
                0x08001958       0x36 ./Core/PrometheUS/Sensing/EncoderSampler.o
                0x08001958                EncoderSampler::init(__SPI_HandleTypeDef*, GPIO_TypeDef*, unsigned short)
 *fill*         0x0800198e        0x2 
 .text._ZN14EncoderSampler14sampleRawValueEv
                0x08001990       0x5c ./Core/PrometheUS/Sensing/EncoderSampler.o
                0x08001990                EncoderSampler::sampleRawValue()
 .text._ZNK14EncoderSampler12convertValueEv
                0x080019ec       0x22 ./Core/PrometheUS/Sensing/EncoderSampler.o
                0x080019ec                EncoderSampler::convertValue() const
 .text._ZN22GenericAdcBurstSampler4initEP17ADC_HandleTypeDef
                0x08001a0e       0x28 ./Core/PrometheUS/Sensing/GenericAdcBurstSampler.o
                0x08001a0e                GenericAdcBurstSampler::init(ADC_HandleTypeDef*)
 .text._ZN24GenericAdcChannelSampler4initEP17ADC_HandleTypeDefm
                0x08001a36       0x30 ./Core/PrometheUS/Sensing/GenericAdcChannelSampler.o
                0x08001a36                GenericAdcChannelSampler::init(ADC_HandleTypeDef*, unsigned long)
 .text._ZN24GenericAdcChannelSampler24startSamplingRawAdcValueEv
                0x08001a66       0x30 ./Core/PrometheUS/Sensing/GenericAdcChannelSampler.o
                0x08001a66                GenericAdcChannelSampler::startSamplingRawAdcValue()
 .text._ZN24GenericAdcChannelSampler22CreateAdcConfigurationEm
                0x08001a96       0x32 ./Core/PrometheUS/Sensing/GenericAdcChannelSampler.o
                0x08001a96                GenericAdcChannelSampler::CreateAdcConfiguration(unsigned long)
 .text._ZN20MotorVelocitySampler4initEP17ADC_HandleTypeDefm
                0x08001ac8       0x2c ./Core/PrometheUS/Sensing/MotorVelocitySampler.o
                0x08001ac8                MotorVelocitySampler::init(ADC_HandleTypeDef*, unsigned long)
 .text._ZNK20MotorVelocitySampler18convertRawAdcValueEv
                0x08001af4       0x22 ./Core/PrometheUS/Sensing/MotorVelocitySampler.o
                0x08001af4                MotorVelocitySampler::convertRawAdcValue() const
 *fill*         0x08001b16        0x2 
 .text._ZN20MotorVelocitySamplerD2Ev
                0x08001b18       0x24 ./Core/PrometheUS/Sensing/MotorVelocitySampler.o
                0x08001b18                MotorVelocitySampler::~MotorVelocitySampler()
                0x08001b18                MotorVelocitySampler::~MotorVelocitySampler()
 .text._ZN20MotorVelocitySamplerD0Ev
                0x08001b3c       0x20 ./Core/PrometheUS/Sensing/MotorVelocitySampler.o
                0x08001b3c                MotorVelocitySampler::~MotorVelocitySampler()
 .text._ZNK21PotentiometersSampler10convertAllERA3_f
                0x08001b5c       0x48 ./Core/PrometheUS/Sensing/PotentiometersSampler.o
                0x08001b5c                PotentiometersSampler::convertAll(float (&) [3]) const
 .text._ZN21PotentiometersSamplerD2Ev
                0x08001ba4       0x24 ./Core/PrometheUS/Sensing/PotentiometersSampler.o
                0x08001ba4                PotentiometersSampler::~PotentiometersSampler()
                0x08001ba4                PotentiometersSampler::~PotentiometersSampler()
 .text._ZN21PotentiometersSamplerD0Ev
                0x08001bc8       0x20 ./Core/PrometheUS/Sensing/PotentiometersSampler.o
                0x08001bc8                PotentiometersSampler::~PotentiometersSampler()
 .text._ZN6Switch4initEP12GPIO_TypeDeft
                0x08001be8       0x26 ./Core/PrometheUS/System/PrometheUS.o
                0x08001be8                Switch::init(GPIO_TypeDef*, unsigned short)
 .text._ZSt23__is_constant_evaluatedv
                0x08001c0e       0x10 ./Core/PrometheUS/System/PrometheUS.o
                0x08001c0e                std::__is_constant_evaluated()
 .text._ZStanSt12memory_orderSt23__memory_order_modifier
                0x08001c1e       0x26 ./Core/PrometheUS/System/PrometheUS.o
                0x08001c1e                std::operator&(std::memory_order, std::__memory_order_modifier)
 .text._ZNKSt6atomicIbE4loadESt12memory_order
                0x08001c44       0x74 ./Core/PrometheUS/System/PrometheUS.o
                0x08001c44                std::atomic<bool>::load(std::memory_order) const
 .text._ZNSt6atomicIbE8exchangeEbSt12memory_order
                0x08001cb8       0x4c ./Core/PrometheUS/System/PrometheUS.o
                0x08001cb8                std::atomic<bool>::exchange(bool, std::memory_order)
 .text._ZN15TelemetrySenderC2Ev
                0x08001d04       0x26 ./Core/PrometheUS/System/PrometheUS.o
                0x08001d04                TelemetrySender::TelemetrySender()
                0x08001d04                TelemetrySender::TelemetrySender()
 .text._ZN10ErrorFlagsC2Ev
                0x08001d2a       0x2e ./Core/PrometheUS/System/PrometheUS.o
                0x08001d2a                ErrorFlags::ErrorFlags()
                0x08001d2a                ErrorFlags::ErrorFlags()
 .text._ZN6SwitchC2Ev
                0x08001d58       0x22 ./Core/PrometheUS/System/PrometheUS.o
                0x08001d58                Switch::Switch()
                0x08001d58                Switch::Switch()
 *fill*         0x08001d7a        0x2 
 .text._ZN22GenericAdcBurstSamplerC2Ev
                0x08001d7c       0x34 ./Core/PrometheUS/System/PrometheUS.o
                0x08001d7c                GenericAdcBurstSampler::GenericAdcBurstSampler()
                0x08001d7c                GenericAdcBurstSampler::GenericAdcBurstSampler()
 .text._ZN21PotentiometersSamplerC2Ev
                0x08001db0       0x24 ./Core/PrometheUS/System/PrometheUS.o
                0x08001db0                PotentiometersSampler::PotentiometersSampler()
                0x08001db0                PotentiometersSampler::PotentiometersSampler()
 .text._ZN26ClutchesTemperatureSamplerC2Ev
                0x08001dd4       0x24 ./Core/PrometheUS/System/PrometheUS.o
                0x08001dd4                ClutchesTemperatureSampler::ClutchesTemperatureSampler()
                0x08001dd4                ClutchesTemperatureSampler::ClutchesTemperatureSampler()
 .text._ZN18PrometheUS_GripperC2ER11SystemFlagsR20ClutchCurrentSamplerS3_S3_R20MotorVelocitySampler
                0x08001df8      0x100 ./Core/PrometheUS/System/PrometheUS.o
                0x08001df8                PrometheUS_Gripper::PrometheUS_Gripper(SystemFlags&, ClutchCurrentSampler&, ClutchCurrentSampler&, ClutchCurrentSampler&, MotorVelocitySampler&)
                0x08001df8                PrometheUS_Gripper::PrometheUS_Gripper(SystemFlags&, ClutchCurrentSampler&, ClutchCurrentSampler&, ClutchCurrentSampler&, MotorVelocitySampler&)
 .text._ZN18PrometheUS_Gripper4initEv
                0x08001ef8       0xe8 ./Core/PrometheUS/System/PrometheUS.o
                0x08001ef8                PrometheUS_Gripper::init()
 .text._ZN18PrometheUS_Gripper7executeEv
                0x08001fe0       0x16 ./Core/PrometheUS/System/PrometheUS.o
                0x08001fe0                PrometheUS_Gripper::execute()
 *fill*         0x08001ff6        0x2 
 .text._ZN18PrometheUS_Gripper18systemStateMachineEv
                0x08001ff8       0x50 ./Core/PrometheUS/System/PrometheUS.o
                0x08001ff8                PrometheUS_Gripper::systemStateMachine()
 .text._ZN18PrometheUS_Gripper19controlStateMachineEv
                0x08002048      0x2c4 ./Core/PrometheUS/System/PrometheUS.o
                0x08002048                PrometheUS_Gripper::controlStateMachine()
 .text._ZN18PrometheUS_Gripper11startTimersEv
                0x0800230c       0x40 ./Core/PrometheUS/System/PrometheUS.o
                0x0800230c                PrometheUS_Gripper::startTimers()
 .text._ZN18PrometheUS_Gripper5startEv
                0x0800234c       0x3e ./Core/PrometheUS/System/PrometheUS.o
                0x0800234c                PrometheUS_Gripper::start()
 .text._ZN18PrometheUS_Gripper4stopEv
                0x0800238a       0x3e ./Core/PrometheUS/System/PrometheUS.o
                0x0800238a                PrometheUS_Gripper::stop()
 .text._ZN15TelemetrySender4initEP20__UART_HandleTypeDef
                0x080023c8       0x1c ./Core/PrometheUS/System/TelemetrySender.o
                0x080023c8                TelemetrySender::init(__UART_HandleTypeDef*)
 .text._ZN15TelemetrySender4sendEPKfS1_S1_f
                0x080023e4       0x74 ./Core/PrometheUS/System/TelemetrySender.o
                0x080023e4                TelemetrySender::send(float const*, float const*, float const*, float)
 .text._ZNSt6atomicIbEC2Eb
                0x08002458       0x22 ./Core/Src/cppMain.o
                0x08002458                std::atomic<bool>::atomic(bool)
                0x08002458                std::atomic<bool>::atomic(bool)
 .text._ZNSt6atomicIbE5storeEbSt12memory_order
                0x0800247a       0x8c ./Core/Src/cppMain.o
                0x0800247a                std::atomic<bool>::store(bool, std::memory_order)
 .text._ZNSt6atomicIhEC2Eh
                0x08002506       0x22 ./Core/Src/cppMain.o
                0x08002506                std::atomic<unsigned char>::atomic(unsigned char)
                0x08002506                std::atomic<unsigned char>::atomic(unsigned char)
 .text._ZN11SystemFlagsC2Ev
                0x08002528       0x64 ./Core/Src/cppMain.o
                0x08002528                SystemFlags::SystemFlags()
                0x08002528                SystemFlags::SystemFlags()
 .text.cppMain  0x0800258c       0x44 ./Core/Src/cppMain.o
                0x0800258c                cppMain
 .text.HAL_TIM_OC_DelayElapsedCallback
                0x080025d0       0xd4 ./Core/Src/cppMain.o
                0x080025d0                HAL_TIM_OC_DelayElapsedCallback
 .text.HAL_ADC_ConvCpltCallback
                0x080026a4       0xe8 ./Core/Src/cppMain.o
                0x080026a4                HAL_ADC_ConvCpltCallback
 .text._ZNSt13__atomic_baseIbEC2Eb
                0x0800278c       0x20 ./Core/Src/cppMain.o
                0x0800278c                std::__atomic_base<bool>::__atomic_base(bool)
                0x0800278c                std::__atomic_base<bool>::__atomic_base(bool)
 .text._ZNSt13__atomic_baseIhEC2Eh
                0x080027ac       0x20 ./Core/Src/cppMain.o
                0x080027ac                std::__atomic_base<unsigned char>::__atomic_base(unsigned char)
                0x080027ac                std::__atomic_base<unsigned char>::__atomic_base(unsigned char)
 .text._ZNSt13__atomic_impl19__maybe_has_paddingIN11SystemFlags9ADCSourceEEEbv
                0x080027cc       0x10 ./Core/Src/cppMain.o
                0x080027cc                bool std::__atomic_impl::__maybe_has_padding<SystemFlags::ADCSource>()
 .text._ZNSt6atomicIN11SystemFlags9ADCSourceEEC2ES1_
                0x080027dc       0x2e ./Core/Src/cppMain.o
                0x080027dc                std::atomic<SystemFlags::ADCSource>::atomic(SystemFlags::ADCSource)
                0x080027dc                std::atomic<SystemFlags::ADCSource>::atomic(SystemFlags::ADCSource)
 .text._ZNSt6atomicIN11SystemFlags9ADCSourceEE5storeES1_St12memory_order
                0x0800280a       0x3e ./Core/Src/cppMain.o
                0x0800280a                std::atomic<SystemFlags::ADCSource>::store(SystemFlags::ADCSource, std::memory_order)
 .text._ZNKSt6atomicIN11SystemFlags9ADCSourceEE4loadESt12memory_order
                0x08002848       0x38 ./Core/Src/cppMain.o
                0x08002848                std::atomic<SystemFlags::ADCSource>::load(std::memory_order) const
 .text._ZSt11__addressofIN11SystemFlags9ADCSourceEEPT_RS2_
                0x08002880       0x16 ./Core/Src/cppMain.o
                0x08002880                SystemFlags::ADCSource* std::__addressof<SystemFlags::ADCSource>(SystemFlags::ADCSource&)
 .text._ZSt11__addressofIKN11SystemFlags9ADCSourceEEPT_RS3_
                0x08002896       0x16 ./Core/Src/cppMain.o
                0x08002896                SystemFlags::ADCSource const* std::__addressof<SystemFlags::ADCSource const>(SystemFlags::ADCSource const&)
 .text._Z41__static_initialization_and_destruction_0v
                0x080028ac       0x14 ./Core/Src/cppMain.o
 .text._Z41__static_initialization_and_destruction_1v
                0x080028c0       0x30 ./Core/Src/cppMain.o
 .text._GLOBAL__sub_I_systemFlags
                0x080028f0        0xa ./Core/Src/cppMain.o
 .text._GLOBAL__sub_D_systemFlags
                0x080028fa        0xa ./Core/Src/cppMain.o
 .text.main     0x08002904       0x44 ./Core/Src/main.o
                0x08002904                main
 .text.SystemClock_Config
                0x08002948       0xdc ./Core/Src/main.o
                0x08002948                SystemClock_Config
 .text.MX_ADC1_Init
                0x08002a24       0xdc ./Core/Src/main.o
 .text.MX_ADC2_Init
                0x08002b00       0xdc ./Core/Src/main.o
 .text.MX_ADC3_Init
                0x08002bdc       0xa4 ./Core/Src/main.o
 .text.MX_DAC_Init
                0x08002c80       0x54 ./Core/Src/main.o
 .text.MX_SPI1_Init
                0x08002cd4       0x70 ./Core/Src/main.o
 .text.MX_TIM1_Init
                0x08002d44      0x144 ./Core/Src/main.o
 .text.MX_TIM2_Init
                0x08002e88      0x13c ./Core/Src/main.o
 .text.MX_TIM3_Init
                0x08002fc4       0xf4 ./Core/Src/main.o
 .text.MX_TIM4_Init
                0x080030b8       0xf4 ./Core/Src/main.o
 .text.MX_USART2_UART_Init
                0x080031ac       0x54 ./Core/Src/main.o
 .text.MX_DMA_Init
                0x08003200       0x8c ./Core/Src/main.o
 .text.MX_GPIO_Init
                0x0800328c      0x1b8 ./Core/Src/main.o
 .text.Error_Handler
                0x08003444        0xc ./Core/Src/main.o
                0x08003444                Error_Handler
 .text.HAL_MspInit
                0x08003450       0x50 ./Core/Src/stm32f4xx_hal_msp.o
                0x08003450                HAL_MspInit
 .text.HAL_ADC_MspInit
                0x080034a0      0x304 ./Core/Src/stm32f4xx_hal_msp.o
                0x080034a0                HAL_ADC_MspInit
 .text.HAL_DAC_MspInit
                0x080037a4       0x88 ./Core/Src/stm32f4xx_hal_msp.o
                0x080037a4                HAL_DAC_MspInit
 .text.HAL_SPI_MspInit
                0x0800382c       0xd0 ./Core/Src/stm32f4xx_hal_msp.o
                0x0800382c                HAL_SPI_MspInit
 .text.HAL_TIM_PWM_MspInit
                0x080038fc       0x44 ./Core/Src/stm32f4xx_hal_msp.o
                0x080038fc                HAL_TIM_PWM_MspInit
 .text.HAL_TIM_Base_MspInit
                0x08003940       0xa4 ./Core/Src/stm32f4xx_hal_msp.o
                0x08003940                HAL_TIM_Base_MspInit
 .text.HAL_TIM_MspPostInit
                0x080039e4      0x1e0 ./Core/Src/stm32f4xx_hal_msp.o
                0x080039e4                HAL_TIM_MspPostInit
 .text.HAL_UART_MspInit
                0x08003bc4       0xf4 ./Core/Src/stm32f4xx_hal_msp.o
                0x08003bc4                HAL_UART_MspInit
 .text.NMI_Handler
                0x08003cb8        0x8 ./Core/Src/stm32f4xx_it.o
                0x08003cb8                NMI_Handler
 .text.HardFault_Handler
                0x08003cc0        0x8 ./Core/Src/stm32f4xx_it.o
                0x08003cc0                HardFault_Handler
 .text.MemManage_Handler
                0x08003cc8        0x8 ./Core/Src/stm32f4xx_it.o
                0x08003cc8                MemManage_Handler
 .text.BusFault_Handler
                0x08003cd0        0x8 ./Core/Src/stm32f4xx_it.o
                0x08003cd0                BusFault_Handler
 .text.UsageFault_Handler
                0x08003cd8        0x8 ./Core/Src/stm32f4xx_it.o
                0x08003cd8                UsageFault_Handler
 .text.SVC_Handler
                0x08003ce0        0xe ./Core/Src/stm32f4xx_it.o
                0x08003ce0                SVC_Handler
 .text.DebugMon_Handler
                0x08003cee        0xe ./Core/Src/stm32f4xx_it.o
                0x08003cee                DebugMon_Handler
 .text.PendSV_Handler
                0x08003cfc        0xe ./Core/Src/stm32f4xx_it.o
                0x08003cfc                PendSV_Handler
 .text.SysTick_Handler
                0x08003d0a        0xc ./Core/Src/stm32f4xx_it.o
                0x08003d0a                SysTick_Handler
 *fill*         0x08003d16        0x2 
 .text.DMA1_Stream6_IRQHandler
                0x08003d18       0x14 ./Core/Src/stm32f4xx_it.o
                0x08003d18                DMA1_Stream6_IRQHandler
 .text.TIM2_IRQHandler
                0x08003d2c       0x14 ./Core/Src/stm32f4xx_it.o
                0x08003d2c                TIM2_IRQHandler
 .text.DMA2_Stream0_IRQHandler
                0x08003d40       0x14 ./Core/Src/stm32f4xx_it.o
                0x08003d40                DMA2_Stream0_IRQHandler
 .text.DMA2_Stream1_IRQHandler
                0x08003d54       0x14 ./Core/Src/stm32f4xx_it.o
                0x08003d54                DMA2_Stream1_IRQHandler
 .text.DMA2_Stream2_IRQHandler
                0x08003d68       0x14 ./Core/Src/stm32f4xx_it.o
                0x08003d68                DMA2_Stream2_IRQHandler
 .text._getpid  0x08003d7c       0x10 ./Core/Src/syscalls.o
                0x08003d7c                _getpid
 .text._kill    0x08003d8c       0x20 ./Core/Src/syscalls.o
                0x08003d8c                _kill
 .text._exit    0x08003dac       0x16 ./Core/Src/syscalls.o
                0x08003dac                _exit
 .text._read    0x08003dc2       0x3a ./Core/Src/syscalls.o
                0x08003dc2                _read
 .text._write   0x08003dfc       0x38 ./Core/Src/syscalls.o
                0x08003dfc                _write
 .text._close   0x08003e34       0x18 ./Core/Src/syscalls.o
                0x08003e34                _close
 .text._fstat   0x08003e4c       0x20 ./Core/Src/syscalls.o
                0x08003e4c                _fstat
 .text._isatty  0x08003e6c       0x16 ./Core/Src/syscalls.o
                0x08003e6c                _isatty
 .text._lseek   0x08003e82       0x1a ./Core/Src/syscalls.o
                0x08003e82                _lseek
 .text._sbrk    0x08003e9c       0x6c ./Core/Src/sysmem.o
                0x08003e9c                _sbrk
 .text.SystemInit
                0x08003f08       0x24 ./Core/Src/system_stm32f4xx.o
                0x08003f08                SystemInit
 .text.Reset_Handler
                0x08003f2c       0x50 ./Core/Startup/startup_stm32f446zehx.o
                0x08003f2c                Reset_Handler
 .text.Default_Handler
                0x08003f7c        0x2 ./Core/Startup/startup_stm32f446zehx.o
                0x08003f7c                RTC_Alarm_IRQHandler
                0x08003f7c                EXTI2_IRQHandler
                0x08003f7c                TIM8_CC_IRQHandler
                0x08003f7c                FMPI2C1_EV_IRQHandler
                0x08003f7c                SPI4_IRQHandler
                0x08003f7c                TIM1_CC_IRQHandler
                0x08003f7c                DMA2_Stream5_IRQHandler
                0x08003f7c                DMA1_Stream5_IRQHandler
                0x08003f7c                PVD_IRQHandler
                0x08003f7c                SDIO_IRQHandler
                0x08003f7c                TAMP_STAMP_IRQHandler
                0x08003f7c                CAN2_RX1_IRQHandler
                0x08003f7c                EXTI3_IRQHandler
                0x08003f7c                TIM8_TRG_COM_TIM14_IRQHandler
                0x08003f7c                TIM1_UP_TIM10_IRQHandler
                0x08003f7c                TIM8_UP_TIM13_IRQHandler
                0x08003f7c                I2C3_ER_IRQHandler
                0x08003f7c                EXTI0_IRQHandler
                0x08003f7c                I2C2_EV_IRQHandler
                0x08003f7c                DMA1_Stream2_IRQHandler
                0x08003f7c                CAN1_RX0_IRQHandler
                0x08003f7c                FPU_IRQHandler
                0x08003f7c                OTG_HS_WKUP_IRQHandler
                0x08003f7c                CAN2_SCE_IRQHandler
                0x08003f7c                SPI1_IRQHandler
                0x08003f7c                TIM6_DAC_IRQHandler
                0x08003f7c                TIM1_BRK_TIM9_IRQHandler
                0x08003f7c                DCMI_IRQHandler
                0x08003f7c                CAN2_RX0_IRQHandler
                0x08003f7c                DMA2_Stream3_IRQHandler
                0x08003f7c                SAI2_IRQHandler
                0x08003f7c                USART6_IRQHandler
                0x08003f7c                USART3_IRQHandler
                0x08003f7c                CAN1_RX1_IRQHandler
                0x08003f7c                UART5_IRQHandler
                0x08003f7c                TIM4_IRQHandler
                0x08003f7c                QUADSPI_IRQHandler
                0x08003f7c                I2C1_EV_IRQHandler
                0x08003f7c                DMA1_Stream1_IRQHandler
                0x08003f7c                UART4_IRQHandler
                0x08003f7c                TIM3_IRQHandler
                0x08003f7c                RCC_IRQHandler
                0x08003f7c                TIM8_BRK_TIM12_IRQHandler
                0x08003f7c                Default_Handler
                0x08003f7c                CEC_IRQHandler
                0x08003f7c                EXTI15_10_IRQHandler
                0x08003f7c                ADC_IRQHandler
                0x08003f7c                DMA1_Stream7_IRQHandler
                0x08003f7c                TIM7_IRQHandler
                0x08003f7c                CAN2_TX_IRQHandler
                0x08003f7c                TIM5_IRQHandler
                0x08003f7c                DMA2_Stream7_IRQHandler
                0x08003f7c                I2C3_EV_IRQHandler
                0x08003f7c                EXTI9_5_IRQHandler
                0x08003f7c                RTC_WKUP_IRQHandler
                0x08003f7c                SPDIF_RX_IRQHandler
                0x08003f7c                SPI2_IRQHandler
                0x08003f7c                OTG_HS_EP1_IN_IRQHandler
                0x08003f7c                DMA1_Stream0_IRQHandler
                0x08003f7c                CAN1_TX_IRQHandler
                0x08003f7c                FMPI2C1_ER_IRQHandler
                0x08003f7c                EXTI4_IRQHandler
                0x08003f7c                OTG_HS_EP1_OUT_IRQHandler
                0x08003f7c                WWDG_IRQHandler
                0x08003f7c                OTG_FS_WKUP_IRQHandler
                0x08003f7c                TIM1_TRG_COM_TIM11_IRQHandler
                0x08003f7c                OTG_HS_IRQHandler
                0x08003f7c                EXTI1_IRQHandler
                0x08003f7c                USART2_IRQHandler
                0x08003f7c                I2C2_ER_IRQHandler
                0x08003f7c                CAN1_SCE_IRQHandler
                0x08003f7c                FLASH_IRQHandler
                0x08003f7c                DMA2_Stream4_IRQHandler
                0x08003f7c                USART1_IRQHandler
                0x08003f7c                OTG_FS_IRQHandler
                0x08003f7c                SPI3_IRQHandler
                0x08003f7c                DMA1_Stream4_IRQHandler
                0x08003f7c                I2C1_ER_IRQHandler
                0x08003f7c                FMC_IRQHandler
                0x08003f7c                DMA2_Stream6_IRQHandler
                0x08003f7c                SAI1_IRQHandler
                0x08003f7c                DMA1_Stream3_IRQHandler
 *fill*         0x08003f7e        0x2 
 .text.HAL_Init
                0x08003f80       0x44 ./Drivers/STM32F4xx_HAL_Driver/Src/stm32f4xx_hal.o
                0x08003f80                HAL_Init
 .text.HAL_InitTick
                0x08003fc4       0x60 ./Drivers/STM32F4xx_HAL_Driver/Src/stm32f4xx_hal.o
                0x08003fc4                HAL_InitTick
 .text.HAL_IncTick
                0x08004024       0x28 ./Drivers/STM32F4xx_HAL_Driver/Src/stm32f4xx_hal.o
                0x08004024                HAL_IncTick
 .text.HAL_GetTick
                0x0800404c       0x18 ./Drivers/STM32F4xx_HAL_Driver/Src/stm32f4xx_hal.o
                0x0800404c                HAL_GetTick
 .text.HAL_ADC_Init
                0x08004064       0x86 ./Drivers/STM32F4xx_HAL_Driver/Src/stm32f4xx_hal_adc.o
                0x08004064                HAL_ADC_Init
 *fill*         0x080040ea        0x2 
 .text.HAL_ADC_Start_DMA
                0x080040ec      0x228 ./Drivers/STM32F4xx_HAL_Driver/Src/stm32f4xx_hal_adc.o
                0x080040ec                HAL_ADC_Start_DMA
 .text.HAL_ADC_ConvHalfCpltCallback
                0x08004314       0x14 ./Drivers/STM32F4xx_HAL_Driver/Src/stm32f4xx_hal_adc.o
                0x08004314                HAL_ADC_ConvHalfCpltCallback
 .text.HAL_ADC_ErrorCallback
                0x08004328       0x14 ./Drivers/STM32F4xx_HAL_Driver/Src/stm32f4xx_hal_adc.o
                0x08004328                HAL_ADC_ErrorCallback
 .text.HAL_ADC_ConfigChannel
                0x0800433c      0x264 ./Drivers/STM32F4xx_HAL_Driver/Src/stm32f4xx_hal_adc.o
                0x0800433c                HAL_ADC_ConfigChannel
 .text.ADC_Init
                0x080045a0      0x1f8 ./Drivers/STM32F4xx_HAL_Driver/Src/stm32f4xx_hal_adc.o
 .text.ADC_DMAConvCplt
                0x08004798       0xba ./Drivers/STM32F4xx_HAL_Driver/Src/stm32f4xx_hal_adc.o
 .text.ADC_DMAHalfConvCplt
                0x08004852       0x1c ./Drivers/STM32F4xx_HAL_Driver/Src/stm32f4xx_hal_adc.o
 .text.ADC_DMAError
                0x0800486e       0x2e ./Drivers/STM32F4xx_HAL_Driver/Src/stm32f4xx_hal_adc.o
 .text.__NVIC_SetPriorityGrouping
                0x0800489c       0x48 ./Drivers/STM32F4xx_HAL_Driver/Src/stm32f4xx_hal_cortex.o
 .text.__NVIC_GetPriorityGrouping
                0x080048e4       0x1c ./Drivers/STM32F4xx_HAL_Driver/Src/stm32f4xx_hal_cortex.o
 .text.__NVIC_EnableIRQ
                0x08004900       0x3c ./Drivers/STM32F4xx_HAL_Driver/Src/stm32f4xx_hal_cortex.o
 .text.__NVIC_SetPriority
                0x0800493c       0x54 ./Drivers/STM32F4xx_HAL_Driver/Src/stm32f4xx_hal_cortex.o
 .text.NVIC_EncodePriority
                0x08004990       0x66 ./Drivers/STM32F4xx_HAL_Driver/Src/stm32f4xx_hal_cortex.o
 *fill*         0x080049f6        0x2 
 .text.SysTick_Config
                0x080049f8       0x44 ./Drivers/STM32F4xx_HAL_Driver/Src/stm32f4xx_hal_cortex.o
 .text.HAL_NVIC_SetPriorityGrouping
                0x08004a3c       0x16 ./Drivers/STM32F4xx_HAL_Driver/Src/stm32f4xx_hal_cortex.o
                0x08004a3c                HAL_NVIC_SetPriorityGrouping
 .text.HAL_NVIC_SetPriority
                0x08004a52       0x38 ./Drivers/STM32F4xx_HAL_Driver/Src/stm32f4xx_hal_cortex.o
                0x08004a52                HAL_NVIC_SetPriority
 .text.HAL_NVIC_EnableIRQ
                0x08004a8a       0x1c ./Drivers/STM32F4xx_HAL_Driver/Src/stm32f4xx_hal_cortex.o
                0x08004a8a                HAL_NVIC_EnableIRQ
 .text.HAL_SYSTICK_Config
                0x08004aa6       0x18 ./Drivers/STM32F4xx_HAL_Driver/Src/stm32f4xx_hal_cortex.o
                0x08004aa6                HAL_SYSTICK_Config
 .text.HAL_DAC_Init
                0x08004abe       0x44 ./Drivers/STM32F4xx_HAL_Driver/Src/stm32f4xx_hal_dac.o
                0x08004abe                HAL_DAC_Init
 .text.HAL_DAC_ConfigChannel
                0x08004b02       0xb2 ./Drivers/STM32F4xx_HAL_Driver/Src/stm32f4xx_hal_dac.o
                0x08004b02                HAL_DAC_ConfigChannel
 .text.HAL_DMA_Init
                0x08004bb4      0x15c ./Drivers/STM32F4xx_HAL_Driver/Src/stm32f4xx_hal_dma.o
                0x08004bb4                HAL_DMA_Init
 .text.HAL_DMA_Start_IT
                0x08004d10       0xb0 ./Drivers/STM32F4xx_HAL_Driver/Src/stm32f4xx_hal_dma.o
                0x08004d10                HAL_DMA_Start_IT
 .text.HAL_DMA_IRQHandler
                0x08004dc0      0x314 ./Drivers/STM32F4xx_HAL_Driver/Src/stm32f4xx_hal_dma.o
                0x08004dc0                HAL_DMA_IRQHandler
 .text.DMA_SetConfig
                0x080050d4       0x5c ./Drivers/STM32F4xx_HAL_Driver/Src/stm32f4xx_hal_dma.o
 .text.DMA_CalcBaseAndBitshift
                0x08005130       0x6c ./Drivers/STM32F4xx_HAL_Driver/Src/stm32f4xx_hal_dma.o
 .text.DMA_CheckFifoParam
                0x0800519c       0xf8 ./Drivers/STM32F4xx_HAL_Driver/Src/stm32f4xx_hal_dma.o
 .text.HAL_GPIO_Init
                0x08005294      0x328 ./Drivers/STM32F4xx_HAL_Driver/Src/stm32f4xx_hal_gpio.o
                0x08005294                HAL_GPIO_Init
 .text.HAL_GPIO_WritePin
                0x080055bc       0x32 ./Drivers/STM32F4xx_HAL_Driver/Src/stm32f4xx_hal_gpio.o
                0x080055bc                HAL_GPIO_WritePin
 *fill*         0x080055ee        0x2 
 .text.HAL_RCC_ClockConfig
                0x080055f0      0x1cc ./Drivers/STM32F4xx_HAL_Driver/Src/stm32f4xx_hal_rcc.o
                0x080055f0                HAL_RCC_ClockConfig
 .text.HAL_RCC_GetHCLKFreq
                0x080057bc       0x18 ./Drivers/STM32F4xx_HAL_Driver/Src/stm32f4xx_hal_rcc.o
                0x080057bc                HAL_RCC_GetHCLKFreq
 .text.HAL_RCC_GetPCLK1Freq
                0x080057d4       0x28 ./Drivers/STM32F4xx_HAL_Driver/Src/stm32f4xx_hal_rcc.o
                0x080057d4                HAL_RCC_GetPCLK1Freq
 .text.HAL_RCC_GetPCLK2Freq
                0x080057fc       0x28 ./Drivers/STM32F4xx_HAL_Driver/Src/stm32f4xx_hal_rcc.o
                0x080057fc                HAL_RCC_GetPCLK2Freq
 .text.HAL_RCC_GetSysClockFreq
                0x08005824      0x354 ./Drivers/STM32F4xx_HAL_Driver/Src/stm32f4xx_hal_rcc_ex.o
                0x08005824                HAL_RCC_GetSysClockFreq
 .text.HAL_RCC_OscConfig
                0x08005b78      0x53c ./Drivers/STM32F4xx_HAL_Driver/Src/stm32f4xx_hal_rcc_ex.o
                0x08005b78                HAL_RCC_OscConfig
 .text.HAL_SPI_Init
                0x080060b4      0x112 ./Drivers/STM32F4xx_HAL_Driver/Src/stm32f4xx_hal_spi.o
                0x080060b4                HAL_SPI_Init
 .text.HAL_SPI_TransmitReceive
                0x080061c6      0x352 ./Drivers/STM32F4xx_HAL_Driver/Src/stm32f4xx_hal_spi.o
                0x080061c6                HAL_SPI_TransmitReceive
 .text.SPI_WaitFlagStateUntilTimeout
                0x08006518      0x110 ./Drivers/STM32F4xx_HAL_Driver/Src/stm32f4xx_hal_spi.o
 .text.SPI_EndRxTxTransaction
                0x08006628       0xa8 ./Drivers/STM32F4xx_HAL_Driver/Src/stm32f4xx_hal_spi.o
 .text.HAL_TIM_Base_Init
                0x080066d0       0x9e ./Drivers/STM32F4xx_HAL_Driver/Src/stm32f4xx_hal_tim.o
                0x080066d0                HAL_TIM_Base_Init
 .text.HAL_TIM_OC_Init
                0x0800676e       0x9e ./Drivers/STM32F4xx_HAL_Driver/Src/stm32f4xx_hal_tim.o
                0x0800676e                HAL_TIM_OC_Init
 .text.HAL_TIM_OC_MspInit
                0x0800680c       0x14 ./Drivers/STM32F4xx_HAL_Driver/Src/stm32f4xx_hal_tim.o
                0x0800680c                HAL_TIM_OC_MspInit
 .text.HAL_TIM_OC_Start_IT
                0x08006820      0x22c ./Drivers/STM32F4xx_HAL_Driver/Src/stm32f4xx_hal_tim.o
                0x08006820                HAL_TIM_OC_Start_IT
 .text.HAL_TIM_PWM_Init
                0x08006a4c       0x9e ./Drivers/STM32F4xx_HAL_Driver/Src/stm32f4xx_hal_tim.o
                0x08006a4c                HAL_TIM_PWM_Init
 *fill*         0x08006aea        0x2 
 .text.HAL_TIM_PWM_Start
                0x08006aec      0x190 ./Drivers/STM32F4xx_HAL_Driver/Src/stm32f4xx_hal_tim.o
                0x08006aec                HAL_TIM_PWM_Start
 .text.HAL_TIM_PWM_Stop
                0x08006c7c       0xe0 ./Drivers/STM32F4xx_HAL_Driver/Src/stm32f4xx_hal_tim.o
                0x08006c7c                HAL_TIM_PWM_Stop
 .text.HAL_TIM_IRQHandler
                0x08006d5c      0x1e0 ./Drivers/STM32F4xx_HAL_Driver/Src/stm32f4xx_hal_tim.o
                0x08006d5c                HAL_TIM_IRQHandler
 .text.HAL_TIM_OC_ConfigChannel
                0x08006f3c       0xb8 ./Drivers/STM32F4xx_HAL_Driver/Src/stm32f4xx_hal_tim.o
                0x08006f3c                HAL_TIM_OC_ConfigChannel
 .text.HAL_TIM_PWM_ConfigChannel
                0x08006ff4      0x184 ./Drivers/STM32F4xx_HAL_Driver/Src/stm32f4xx_hal_tim.o
                0x08006ff4                HAL_TIM_PWM_ConfigChannel
 .text.HAL_TIM_SlaveConfigSynchro
                0x08007178       0x84 ./Drivers/STM32F4xx_HAL_Driver/Src/stm32f4xx_hal_tim.o
                0x08007178                HAL_TIM_SlaveConfigSynchro
 .text.HAL_TIM_PeriodElapsedCallback
                0x080071fc       0x14 ./Drivers/STM32F4xx_HAL_Driver/Src/stm32f4xx_hal_tim.o
                0x080071fc                HAL_TIM_PeriodElapsedCallback
 .text.HAL_TIM_IC_CaptureCallback
                0x08007210       0x14 ./Drivers/STM32F4xx_HAL_Driver/Src/stm32f4xx_hal_tim.o
                0x08007210                HAL_TIM_IC_CaptureCallback
 .text.HAL_TIM_PWM_PulseFinishedCallback
                0x08007224       0x14 ./Drivers/STM32F4xx_HAL_Driver/Src/stm32f4xx_hal_tim.o
                0x08007224                HAL_TIM_PWM_PulseFinishedCallback
 .text.HAL_TIM_TriggerCallback
                0x08007238       0x14 ./Drivers/STM32F4xx_HAL_Driver/Src/stm32f4xx_hal_tim.o
                0x08007238                HAL_TIM_TriggerCallback
 .text.TIM_Base_SetConfig
                0x0800724c      0x14c ./Drivers/STM32F4xx_HAL_Driver/Src/stm32f4xx_hal_tim.o
                0x0800724c                TIM_Base_SetConfig
 .text.TIM_OC1_SetConfig
                0x08007398       0xe0 ./Drivers/STM32F4xx_HAL_Driver/Src/stm32f4xx_hal_tim.o
 .text.TIM_OC2_SetConfig
                0x08007478       0xec ./Drivers/STM32F4xx_HAL_Driver/Src/stm32f4xx_hal_tim.o
                0x08007478                TIM_OC2_SetConfig
 .text.TIM_OC3_SetConfig
                0x08007564       0xe8 ./Drivers/STM32F4xx_HAL_Driver/Src/stm32f4xx_hal_tim.o
 .text.TIM_OC4_SetConfig
                0x0800764c       0xac ./Drivers/STM32F4xx_HAL_Driver/Src/stm32f4xx_hal_tim.o
 .text.TIM_SlaveTimer_SetConfig
                0x080076f8      0x122 ./Drivers/STM32F4xx_HAL_Driver/Src/stm32f4xx_hal_tim.o
 .text.TIM_TI1_ConfigInputStage
                0x0800781a       0x5e ./Drivers/STM32F4xx_HAL_Driver/Src/stm32f4xx_hal_tim.o
 .text.TIM_TI2_ConfigInputStage
                0x08007878       0x60 ./Drivers/STM32F4xx_HAL_Driver/Src/stm32f4xx_hal_tim.o
 .text.TIM_ETR_SetConfig
                0x080078d8       0x40 ./Drivers/STM32F4xx_HAL_Driver/Src/stm32f4xx_hal_tim.o
                0x080078d8                TIM_ETR_SetConfig
 .text.TIM_CCxChannelCmd
                0x08007918       0x4a ./Drivers/STM32F4xx_HAL_Driver/Src/stm32f4xx_hal_tim.o
                0x08007918                TIM_CCxChannelCmd
 *fill*         0x08007962        0x2 
 .text.HAL_TIMEx_PWMN_Start
                0x08007964      0x174 ./Drivers/STM32F4xx_HAL_Driver/Src/stm32f4xx_hal_tim_ex.o
                0x08007964                HAL_TIMEx_PWMN_Start
 .text.HAL_TIMEx_PWMN_Stop
                0x08007ad8       0xba ./Drivers/STM32F4xx_HAL_Driver/Src/stm32f4xx_hal_tim_ex.o
                0x08007ad8                HAL_TIMEx_PWMN_Stop
 *fill*         0x08007b92        0x2 
 .text.HAL_TIMEx_MasterConfigSynchronization
                0x08007b94       0xf8 ./Drivers/STM32F4xx_HAL_Driver/Src/stm32f4xx_hal_tim_ex.o
                0x08007b94                HAL_TIMEx_MasterConfigSynchronization
 .text.HAL_TIMEx_ConfigBreakDeadTime
                0x08007c8c       0xa4 ./Drivers/STM32F4xx_HAL_Driver/Src/stm32f4xx_hal_tim_ex.o
                0x08007c8c                HAL_TIMEx_ConfigBreakDeadTime
 .text.HAL_TIMEx_CommutCallback
                0x08007d30       0x14 ./Drivers/STM32F4xx_HAL_Driver/Src/stm32f4xx_hal_tim_ex.o
                0x08007d30                HAL_TIMEx_CommutCallback
 .text.HAL_TIMEx_BreakCallback
                0x08007d44       0x14 ./Drivers/STM32F4xx_HAL_Driver/Src/stm32f4xx_hal_tim_ex.o
                0x08007d44                HAL_TIMEx_BreakCallback
 .text.TIM_CCxNChannelCmd
                0x08007d58       0x4a ./Drivers/STM32F4xx_HAL_Driver/Src/stm32f4xx_hal_tim_ex.o
 .text.HAL_UART_Init
                0x08007da2       0xa0 ./Drivers/STM32F4xx_HAL_Driver/Src/stm32f4xx_hal_uart.o
                0x08007da2                HAL_UART_Init
 *fill*         0x08007e42        0x2 
 .text.HAL_UART_Transmit_DMA
                0x08007e44       0xf8 ./Drivers/STM32F4xx_HAL_Driver/Src/stm32f4xx_hal_uart.o
                0x08007e44                HAL_UART_Transmit_DMA
 .text.HAL_UART_TxCpltCallback
                0x08007f3c       0x14 ./Drivers/STM32F4xx_HAL_Driver/Src/stm32f4xx_hal_uart.o
                0x08007f3c                HAL_UART_TxCpltCallback
 .text.HAL_UART_TxHalfCpltCallback
                0x08007f50       0x14 ./Drivers/STM32F4xx_HAL_Driver/Src/stm32f4xx_hal_uart.o
                0x08007f50                HAL_UART_TxHalfCpltCallback
 .text.HAL_UART_ErrorCallback
                0x08007f64       0x14 ./Drivers/STM32F4xx_HAL_Driver/Src/stm32f4xx_hal_uart.o
                0x08007f64                HAL_UART_ErrorCallback
 .text.UART_DMATransmitCplt
                0x08007f78       0x9a ./Drivers/STM32F4xx_HAL_Driver/Src/stm32f4xx_hal_uart.o
 .text.UART_DMATxHalfCplt
                0x08008012       0x1c ./Drivers/STM32F4xx_HAL_Driver/Src/stm32f4xx_hal_uart.o
 .text.UART_DMAError
                0x0800802e       0x94 ./Drivers/STM32F4xx_HAL_Driver/Src/stm32f4xx_hal_uart.o
 .text.UART_EndTxTransfer
                0x080080c2       0x50 ./Drivers/STM32F4xx_HAL_Driver/Src/stm32f4xx_hal_uart.o
 .text.UART_EndRxTransfer
                0x08008112       0xc6 ./Drivers/STM32F4xx_HAL_Driver/Src/stm32f4xx_hal_uart.o
 .text.UART_SetConfig
                0x080081d8      0x4e8 ./Drivers/STM32F4xx_HAL_Driver/Src/stm32f4xx_hal_uart.o
 .text._ZdlPvj  0x080086c0        0x4 C:/ST/STM32CubeIDE_1.19.0/STM32CubeIDE/plugins/com.st.stm32cube.ide.mcu.externaltools.gnu-tools-for-stm32.13.3.rel1.win32_1.0.0.202411081344/tools/bin/../lib/gcc/arm-none-eabi/13.3.1/../../../../arm-none-eabi/lib/thumb/v7e-m+fp/hard\libstdc++_nano.a(del_ops.o)
                0x080086c0                operator delete(void*, unsigned int)
 .text._ZdlPv   0x080086c4        0x4 C:/ST/STM32CubeIDE_1.19.0/STM32CubeIDE/plugins/com.st.stm32cube.ide.mcu.externaltools.gnu-tools-for-stm32.13.3.rel1.win32_1.0.0.202411081344/tools/bin/../lib/gcc/arm-none-eabi/13.3.1/../../../../arm-none-eabi/lib/thumb/v7e-m+fp/hard\libstdc++_nano.a(del_op.o)
                0x080086c4                operator delete(void*)
 .text.malloc   0x080086c8       0x10 C:/ST/STM32CubeIDE_1.19.0/STM32CubeIDE/plugins/com.st.stm32cube.ide.mcu.externaltools.gnu-tools-for-stm32.13.3.rel1.win32_1.0.0.202411081344/tools/bin/../lib/gcc/arm-none-eabi/13.3.1/../../../../arm-none-eabi/lib/thumb/v7e-m+fp/hard\libc_nano.a(libc_a-malloc.o)
                0x080086c8                malloc
 .text.free     0x080086d8       0x10 C:/ST/STM32CubeIDE_1.19.0/STM32CubeIDE/plugins/com.st.stm32cube.ide.mcu.externaltools.gnu-tools-for-stm32.13.3.rel1.win32_1.0.0.202411081344/tools/bin/../lib/gcc/arm-none-eabi/13.3.1/../../../../arm-none-eabi/lib/thumb/v7e-m+fp/hard\libc_nano.a(libc_a-malloc.o)
                0x080086d8                free
 .text.sbrk_aligned
                0x080086e8       0x44 C:/ST/STM32CubeIDE_1.19.0/STM32CubeIDE/plugins/com.st.stm32cube.ide.mcu.externaltools.gnu-tools-for-stm32.13.3.rel1.win32_1.0.0.202411081344/tools/bin/../lib/gcc/arm-none-eabi/13.3.1/../../../../arm-none-eabi/lib/thumb/v7e-m+fp/hard\libc_nano.a(libc_a-mallocr.o)
 .text._malloc_r
                0x0800872c      0x100 C:/ST/STM32CubeIDE_1.19.0/STM32CubeIDE/plugins/com.st.stm32cube.ide.mcu.externaltools.gnu-tools-for-stm32.13.3.rel1.win32_1.0.0.202411081344/tools/bin/../lib/gcc/arm-none-eabi/13.3.1/../../../../arm-none-eabi/lib/thumb/v7e-m+fp/hard\libc_nano.a(libc_a-mallocr.o)
                0x0800872c                _malloc_r
 .text.__malloc_lock
                0x0800882c        0xc C:/ST/STM32CubeIDE_1.19.0/STM32CubeIDE/plugins/com.st.stm32cube.ide.mcu.externaltools.gnu-tools-for-stm32.13.3.rel1.win32_1.0.0.202411081344/tools/bin/../lib/gcc/arm-none-eabi/13.3.1/../../../../arm-none-eabi/lib/thumb/v7e-m+fp/hard\libc_nano.a(libc_a-mlock.o)
                0x0800882c                __malloc_lock
 .text.__malloc_unlock
                0x08008838        0xc C:/ST/STM32CubeIDE_1.19.0/STM32CubeIDE/plugins/com.st.stm32cube.ide.mcu.externaltools.gnu-tools-for-stm32.13.3.rel1.win32_1.0.0.202411081344/tools/bin/../lib/gcc/arm-none-eabi/13.3.1/../../../../arm-none-eabi/lib/thumb/v7e-m+fp/hard\libc_nano.a(libc_a-mlock.o)
                0x08008838                __malloc_unlock
 .text.__cvt    0x08008844       0xca C:/ST/STM32CubeIDE_1.19.0/STM32CubeIDE/plugins/com.st.stm32cube.ide.mcu.externaltools.gnu-tools-for-stm32.13.3.rel1.win32_1.0.0.202411081344/tools/bin/../lib/gcc/arm-none-eabi/13.3.1/../../../../arm-none-eabi/lib/thumb/v7e-m+fp/hard\libc_nano.a(libc_a-nano-vfprintf_float.o)
                0x08008844                __cvt
 .text.__exponent
                0x0800890e       0x74 C:/ST/STM32CubeIDE_1.19.0/STM32CubeIDE/plugins/com.st.stm32cube.ide.mcu.externaltools.gnu-tools-for-stm32.13.3.rel1.win32_1.0.0.202411081344/tools/bin/../lib/gcc/arm-none-eabi/13.3.1/../../../../arm-none-eabi/lib/thumb/v7e-m+fp/hard\libc_nano.a(libc_a-nano-vfprintf_float.o)
                0x0800890e                __exponent
 *fill*         0x08008982        0x2 
 .text._printf_float
                0x08008984      0x454 C:/ST/STM32CubeIDE_1.19.0/STM32CubeIDE/plugins/com.st.stm32cube.ide.mcu.externaltools.gnu-tools-for-stm32.13.3.rel1.win32_1.0.0.202411081344/tools/bin/../lib/gcc/arm-none-eabi/13.3.1/../../../../arm-none-eabi/lib/thumb/v7e-m+fp/hard\libc_nano.a(libc_a-nano-vfprintf_float.o)
                0x08008984                _printf_float
 .text._printf_common
                0x08008dd8       0xda C:/ST/STM32CubeIDE_1.19.0/STM32CubeIDE/plugins/com.st.stm32cube.ide.mcu.externaltools.gnu-tools-for-stm32.13.3.rel1.win32_1.0.0.202411081344/tools/bin/../lib/gcc/arm-none-eabi/13.3.1/../../../../arm-none-eabi/lib/thumb/v7e-m+fp/hard\libc_nano.a(libc_a-nano-vfprintf_i.o)
                0x08008dd8                _printf_common
 *fill*         0x08008eb2        0x2 
 .text._printf_i
                0x08008eb4      0x23c C:/ST/STM32CubeIDE_1.19.0/STM32CubeIDE/plugins/com.st.stm32cube.ide.mcu.externaltools.gnu-tools-for-stm32.13.3.rel1.win32_1.0.0.202411081344/tools/bin/../lib/gcc/arm-none-eabi/13.3.1/../../../../arm-none-eabi/lib/thumb/v7e-m+fp/hard\libc_nano.a(libc_a-nano-vfprintf_i.o)
                0x08008eb4                _printf_i
 .text.std      0x080090f0       0x6c C:/ST/STM32CubeIDE_1.19.0/STM32CubeIDE/plugins/com.st.stm32cube.ide.mcu.externaltools.gnu-tools-for-stm32.13.3.rel1.win32_1.0.0.202411081344/tools/bin/../lib/gcc/arm-none-eabi/13.3.1/../../../../arm-none-eabi/lib/thumb/v7e-m+fp/hard\libc_nano.a(libc_a-findfp.o)
 .text.stdio_exit_handler
                0x0800915c       0x18 C:/ST/STM32CubeIDE_1.19.0/STM32CubeIDE/plugins/com.st.stm32cube.ide.mcu.externaltools.gnu-tools-for-stm32.13.3.rel1.win32_1.0.0.202411081344/tools/bin/../lib/gcc/arm-none-eabi/13.3.1/../../../../arm-none-eabi/lib/thumb/v7e-m+fp/hard\libc_nano.a(libc_a-findfp.o)
 .text.cleanup_stdio
                0x08009174       0x40 C:/ST/STM32CubeIDE_1.19.0/STM32CubeIDE/plugins/com.st.stm32cube.ide.mcu.externaltools.gnu-tools-for-stm32.13.3.rel1.win32_1.0.0.202411081344/tools/bin/../lib/gcc/arm-none-eabi/13.3.1/../../../../arm-none-eabi/lib/thumb/v7e-m+fp/hard\libc_nano.a(libc_a-findfp.o)
 .text.global_stdio_init.part.0
                0x080091b4       0x3c C:/ST/STM32CubeIDE_1.19.0/STM32CubeIDE/plugins/com.st.stm32cube.ide.mcu.externaltools.gnu-tools-for-stm32.13.3.rel1.win32_1.0.0.202411081344/tools/bin/../lib/gcc/arm-none-eabi/13.3.1/../../../../arm-none-eabi/lib/thumb/v7e-m+fp/hard\libc_nano.a(libc_a-findfp.o)
 .text.__sfp_lock_acquire
                0x080091f0        0xc C:/ST/STM32CubeIDE_1.19.0/STM32CubeIDE/plugins/com.st.stm32cube.ide.mcu.externaltools.gnu-tools-for-stm32.13.3.rel1.win32_1.0.0.202411081344/tools/bin/../lib/gcc/arm-none-eabi/13.3.1/../../../../arm-none-eabi/lib/thumb/v7e-m+fp/hard\libc_nano.a(libc_a-findfp.o)
                0x080091f0                __sfp_lock_acquire
 .text.__sfp_lock_release
                0x080091fc        0xc C:/ST/STM32CubeIDE_1.19.0/STM32CubeIDE/plugins/com.st.stm32cube.ide.mcu.externaltools.gnu-tools-for-stm32.13.3.rel1.win32_1.0.0.202411081344/tools/bin/../lib/gcc/arm-none-eabi/13.3.1/../../../../arm-none-eabi/lib/thumb/v7e-m+fp/hard\libc_nano.a(libc_a-findfp.o)
                0x080091fc                __sfp_lock_release
 .text.__sinit  0x08009208       0x30 C:/ST/STM32CubeIDE_1.19.0/STM32CubeIDE/plugins/com.st.stm32cube.ide.mcu.externaltools.gnu-tools-for-stm32.13.3.rel1.win32_1.0.0.202411081344/tools/bin/../lib/gcc/arm-none-eabi/13.3.1/../../../../arm-none-eabi/lib/thumb/v7e-m+fp/hard\libc_nano.a(libc_a-findfp.o)
                0x08009208                __sinit
 .text._fwalk_sglue
                0x08009238       0x3c C:/ST/STM32CubeIDE_1.19.0/STM32CubeIDE/plugins/com.st.stm32cube.ide.mcu.externaltools.gnu-tools-for-stm32.13.3.rel1.win32_1.0.0.202411081344/tools/bin/../lib/gcc/arm-none-eabi/13.3.1/../../../../arm-none-eabi/lib/thumb/v7e-m+fp/hard\libc_nano.a(libc_a-fwalk.o)
                0x08009238                _fwalk_sglue
 .text.__sread  0x08009274       0x22 C:/ST/STM32CubeIDE_1.19.0/STM32CubeIDE/plugins/com.st.stm32cube.ide.mcu.externaltools.gnu-tools-for-stm32.13.3.rel1.win32_1.0.0.202411081344/tools/bin/../lib/gcc/arm-none-eabi/13.3.1/../../../../arm-none-eabi/lib/thumb/v7e-m+fp/hard\libc_nano.a(libc_a-stdio.o)
                0x08009274                __sread
 .text.__swrite
                0x08009296       0x38 C:/ST/STM32CubeIDE_1.19.0/STM32CubeIDE/plugins/com.st.stm32cube.ide.mcu.externaltools.gnu-tools-for-stm32.13.3.rel1.win32_1.0.0.202411081344/tools/bin/../lib/gcc/arm-none-eabi/13.3.1/../../../../arm-none-eabi/lib/thumb/v7e-m+fp/hard\libc_nano.a(libc_a-stdio.o)
                0x08009296                __swrite
 .text.__sseek  0x080092ce       0x24 C:/ST/STM32CubeIDE_1.19.0/STM32CubeIDE/plugins/com.st.stm32cube.ide.mcu.externaltools.gnu-tools-for-stm32.13.3.rel1.win32_1.0.0.202411081344/tools/bin/../lib/gcc/arm-none-eabi/13.3.1/../../../../arm-none-eabi/lib/thumb/v7e-m+fp/hard\libc_nano.a(libc_a-stdio.o)
                0x080092ce                __sseek
 .text.__sclose
                0x080092f2        0x8 C:/ST/STM32CubeIDE_1.19.0/STM32CubeIDE/plugins/com.st.stm32cube.ide.mcu.externaltools.gnu-tools-for-stm32.13.3.rel1.win32_1.0.0.202411081344/tools/bin/../lib/gcc/arm-none-eabi/13.3.1/../../../../arm-none-eabi/lib/thumb/v7e-m+fp/hard\libc_nano.a(libc_a-stdio.o)
                0x080092f2                __sclose
 .text.memset   0x080092fa       0x10 C:/ST/STM32CubeIDE_1.19.0/STM32CubeIDE/plugins/com.st.stm32cube.ide.mcu.externaltools.gnu-tools-for-stm32.13.3.rel1.win32_1.0.0.202411081344/tools/bin/../lib/gcc/arm-none-eabi/13.3.1/../../../../arm-none-eabi/lib/thumb/v7e-m+fp/hard\libc_nano.a(libc_a-memset.o)
                0x080092fa                memset
 *fill*         0x0800930a        0x2 
 .text._localeconv_r
                0x0800930c        0x8 C:/ST/STM32CubeIDE_1.19.0/STM32CubeIDE/plugins/com.st.stm32cube.ide.mcu.externaltools.gnu-tools-for-stm32.13.3.rel1.win32_1.0.0.202411081344/tools/bin/../lib/gcc/arm-none-eabi/13.3.1/../../../../arm-none-eabi/lib/thumb/v7e-m+fp/hard\libc_nano.a(libc_a-localeconv.o)
                0x0800930c                _localeconv_r
 .text._close_r
                0x08009314       0x20 C:/ST/STM32CubeIDE_1.19.0/STM32CubeIDE/plugins/com.st.stm32cube.ide.mcu.externaltools.gnu-tools-for-stm32.13.3.rel1.win32_1.0.0.202411081344/tools/bin/../lib/gcc/arm-none-eabi/13.3.1/../../../../arm-none-eabi/lib/thumb/v7e-m+fp/hard\libc_nano.a(libc_a-closer.o)
                0x08009314                _close_r
 .text._lseek_r
                0x08009334       0x24 C:/ST/STM32CubeIDE_1.19.0/STM32CubeIDE/plugins/com.st.stm32cube.ide.mcu.externaltools.gnu-tools-for-stm32.13.3.rel1.win32_1.0.0.202411081344/tools/bin/../lib/gcc/arm-none-eabi/13.3.1/../../../../arm-none-eabi/lib/thumb/v7e-m+fp/hard\libc_nano.a(libc_a-lseekr.o)
                0x08009334                _lseek_r
 .text._read_r  0x08009358       0x24 C:/ST/STM32CubeIDE_1.19.0/STM32CubeIDE/plugins/com.st.stm32cube.ide.mcu.externaltools.gnu-tools-for-stm32.13.3.rel1.win32_1.0.0.202411081344/tools/bin/../lib/gcc/arm-none-eabi/13.3.1/../../../../arm-none-eabi/lib/thumb/v7e-m+fp/hard\libc_nano.a(libc_a-readr.o)
                0x08009358                _read_r
 .text._sbrk_r  0x0800937c       0x20 C:/ST/STM32CubeIDE_1.19.0/STM32CubeIDE/plugins/com.st.stm32cube.ide.mcu.externaltools.gnu-tools-for-stm32.13.3.rel1.win32_1.0.0.202411081344/tools/bin/../lib/gcc/arm-none-eabi/13.3.1/../../../../arm-none-eabi/lib/thumb/v7e-m+fp/hard\libc_nano.a(libc_a-sbrkr.o)
                0x0800937c                _sbrk_r
 .text._write_r
                0x0800939c       0x24 C:/ST/STM32CubeIDE_1.19.0/STM32CubeIDE/plugins/com.st.stm32cube.ide.mcu.externaltools.gnu-tools-for-stm32.13.3.rel1.win32_1.0.0.202411081344/tools/bin/../lib/gcc/arm-none-eabi/13.3.1/../../../../arm-none-eabi/lib/thumb/v7e-m+fp/hard\libc_nano.a(libc_a-writer.o)
                0x0800939c                _write_r
 .text.__errno  0x080093c0        0xc C:/ST/STM32CubeIDE_1.19.0/STM32CubeIDE/plugins/com.st.stm32cube.ide.mcu.externaltools.gnu-tools-for-stm32.13.3.rel1.win32_1.0.0.202411081344/tools/bin/../lib/gcc/arm-none-eabi/13.3.1/../../../../arm-none-eabi/lib/thumb/v7e-m+fp/hard\libc_nano.a(libc_a-errno.o)
                0x080093c0                __errno
 .text.__libc_init_array
                0x080093cc       0x48 C:/ST/STM32CubeIDE_1.19.0/STM32CubeIDE/plugins/com.st.stm32cube.ide.mcu.externaltools.gnu-tools-for-stm32.13.3.rel1.win32_1.0.0.202411081344/tools/bin/../lib/gcc/arm-none-eabi/13.3.1/../../../../arm-none-eabi/lib/thumb/v7e-m+fp/hard\libc_nano.a(libc_a-init.o)
                0x080093cc                __libc_init_array
 .text.__retarget_lock_init_recursive
                0x08009414        0x2 C:/ST/STM32CubeIDE_1.19.0/STM32CubeIDE/plugins/com.st.stm32cube.ide.mcu.externaltools.gnu-tools-for-stm32.13.3.rel1.win32_1.0.0.202411081344/tools/bin/../lib/gcc/arm-none-eabi/13.3.1/../../../../arm-none-eabi/lib/thumb/v7e-m+fp/hard\libc_nano.a(libc_a-lock.o)
                0x08009414                __retarget_lock_init_recursive
 .text.__retarget_lock_acquire_recursive
                0x08009416        0x2 C:/ST/STM32CubeIDE_1.19.0/STM32CubeIDE/plugins/com.st.stm32cube.ide.mcu.externaltools.gnu-tools-for-stm32.13.3.rel1.win32_1.0.0.202411081344/tools/bin/../lib/gcc/arm-none-eabi/13.3.1/../../../../arm-none-eabi/lib/thumb/v7e-m+fp/hard\libc_nano.a(libc_a-lock.o)
                0x08009416                __retarget_lock_acquire_recursive
 .text.__retarget_lock_release_recursive
                0x08009418        0x2 C:/ST/STM32CubeIDE_1.19.0/STM32CubeIDE/plugins/com.st.stm32cube.ide.mcu.externaltools.gnu-tools-for-stm32.13.3.rel1.win32_1.0.0.202411081344/tools/bin/../lib/gcc/arm-none-eabi/13.3.1/../../../../arm-none-eabi/lib/thumb/v7e-m+fp/hard\libc_nano.a(libc_a-lock.o)
                0x08009418                __retarget_lock_release_recursive
 .text.memcpy   0x0800941a       0x1c C:/ST/STM32CubeIDE_1.19.0/STM32CubeIDE/plugins/com.st.stm32cube.ide.mcu.externaltools.gnu-tools-for-stm32.13.3.rel1.win32_1.0.0.202411081344/tools/bin/../lib/gcc/arm-none-eabi/13.3.1/../../../../arm-none-eabi/lib/thumb/v7e-m+fp/hard\libc_nano.a(libc_a-memcpy-stub.o)
                0x0800941a                memcpy
 .text.quorem   0x08009436      0x110 C:/ST/STM32CubeIDE_1.19.0/STM32CubeIDE/plugins/com.st.stm32cube.ide.mcu.externaltools.gnu-tools-for-stm32.13.3.rel1.win32_1.0.0.202411081344/tools/bin/../lib/gcc/arm-none-eabi/13.3.1/../../../../arm-none-eabi/lib/thumb/v7e-m+fp/hard\libc_nano.a(libc_a-dtoa.o)
 *fill*         0x08009546        0x2 
 .text._dtoa_r  0x08009548      0xba0 C:/ST/STM32CubeIDE_1.19.0/STM32CubeIDE/plugins/com.st.stm32cube.ide.mcu.externaltools.gnu-tools-for-stm32.13.3.rel1.win32_1.0.0.202411081344/tools/bin/../lib/gcc/arm-none-eabi/13.3.1/../../../../arm-none-eabi/lib/thumb/v7e-m+fp/hard\libc_nano.a(libc_a-dtoa.o)
                0x08009548                _dtoa_r
 .text._free_r  0x0800a0e8       0x94 C:/ST/STM32CubeIDE_1.19.0/STM32CubeIDE/plugins/com.st.stm32cube.ide.mcu.externaltools.gnu-tools-for-stm32.13.3.rel1.win32_1.0.0.202411081344/tools/bin/../lib/gcc/arm-none-eabi/13.3.1/../../../../arm-none-eabi/lib/thumb/v7e-m+fp/hard\libc_nano.a(libc_a-freer.o)
                0x0800a0e8                _free_r
 .text._Balloc  0x0800a17c       0x80 C:/ST/STM32CubeIDE_1.19.0/STM32CubeIDE/plugins/com.st.stm32cube.ide.mcu.externaltools.gnu-tools-for-stm32.13.3.rel1.win32_1.0.0.202411081344/tools/bin/../lib/gcc/arm-none-eabi/13.3.1/../../../../arm-none-eabi/lib/thumb/v7e-m+fp/hard\libc_nano.a(libc_a-mprec.o)
                0x0800a17c                _Balloc
 .text._Bfree   0x0800a1fc       0x44 C:/ST/STM32CubeIDE_1.19.0/STM32CubeIDE/plugins/com.st.stm32cube.ide.mcu.externaltools.gnu-tools-for-stm32.13.3.rel1.win32_1.0.0.202411081344/tools/bin/../lib/gcc/arm-none-eabi/13.3.1/../../../../arm-none-eabi/lib/thumb/v7e-m+fp/hard\libc_nano.a(libc_a-mprec.o)
                0x0800a1fc                _Bfree
 .text.__multadd
                0x0800a240       0x8c C:/ST/STM32CubeIDE_1.19.0/STM32CubeIDE/plugins/com.st.stm32cube.ide.mcu.externaltools.gnu-tools-for-stm32.13.3.rel1.win32_1.0.0.202411081344/tools/bin/../lib/gcc/arm-none-eabi/13.3.1/../../../../arm-none-eabi/lib/thumb/v7e-m+fp/hard\libc_nano.a(libc_a-mprec.o)
                0x0800a240                __multadd
 .text.__hi0bits
                0x0800a2cc       0x3e C:/ST/STM32CubeIDE_1.19.0/STM32CubeIDE/plugins/com.st.stm32cube.ide.mcu.externaltools.gnu-tools-for-stm32.13.3.rel1.win32_1.0.0.202411081344/tools/bin/../lib/gcc/arm-none-eabi/13.3.1/../../../../arm-none-eabi/lib/thumb/v7e-m+fp/hard\libc_nano.a(libc_a-mprec.o)
                0x0800a2cc                __hi0bits
 .text.__lo0bits
                0x0800a30a       0x5a C:/ST/STM32CubeIDE_1.19.0/STM32CubeIDE/plugins/com.st.stm32cube.ide.mcu.externaltools.gnu-tools-for-stm32.13.3.rel1.win32_1.0.0.202411081344/tools/bin/../lib/gcc/arm-none-eabi/13.3.1/../../../../arm-none-eabi/lib/thumb/v7e-m+fp/hard\libc_nano.a(libc_a-mprec.o)
                0x0800a30a                __lo0bits
 .text.__i2b    0x0800a364       0x2c C:/ST/STM32CubeIDE_1.19.0/STM32CubeIDE/plugins/com.st.stm32cube.ide.mcu.externaltools.gnu-tools-for-stm32.13.3.rel1.win32_1.0.0.202411081344/tools/bin/../lib/gcc/arm-none-eabi/13.3.1/../../../../arm-none-eabi/lib/thumb/v7e-m+fp/hard\libc_nano.a(libc_a-mprec.o)
                0x0800a364                __i2b
 .text.__multiply
                0x0800a390      0x144 C:/ST/STM32CubeIDE_1.19.0/STM32CubeIDE/plugins/com.st.stm32cube.ide.mcu.externaltools.gnu-tools-for-stm32.13.3.rel1.win32_1.0.0.202411081344/tools/bin/../lib/gcc/arm-none-eabi/13.3.1/../../../../arm-none-eabi/lib/thumb/v7e-m+fp/hard\libc_nano.a(libc_a-mprec.o)
                0x0800a390                __multiply
 .text.__pow5mult
                0x0800a4d4       0xb4 C:/ST/STM32CubeIDE_1.19.0/STM32CubeIDE/plugins/com.st.stm32cube.ide.mcu.externaltools.gnu-tools-for-stm32.13.3.rel1.win32_1.0.0.202411081344/tools/bin/../lib/gcc/arm-none-eabi/13.3.1/../../../../arm-none-eabi/lib/thumb/v7e-m+fp/hard\libc_nano.a(libc_a-mprec.o)
                0x0800a4d4                __pow5mult
 .text.__lshift
                0x0800a588       0xd8 C:/ST/STM32CubeIDE_1.19.0/STM32CubeIDE/plugins/com.st.stm32cube.ide.mcu.externaltools.gnu-tools-for-stm32.13.3.rel1.win32_1.0.0.202411081344/tools/bin/../lib/gcc/arm-none-eabi/13.3.1/../../../../arm-none-eabi/lib/thumb/v7e-m+fp/hard\libc_nano.a(libc_a-mprec.o)
                0x0800a588                __lshift
 .text.__mcmp   0x0800a660       0x36 C:/ST/STM32CubeIDE_1.19.0/STM32CubeIDE/plugins/com.st.stm32cube.ide.mcu.externaltools.gnu-tools-for-stm32.13.3.rel1.win32_1.0.0.202411081344/tools/bin/../lib/gcc/arm-none-eabi/13.3.1/../../../../arm-none-eabi/lib/thumb/v7e-m+fp/hard\libc_nano.a(libc_a-mprec.o)
                0x0800a660                __mcmp
 *fill*         0x0800a696        0x2 
 .text.__mdiff  0x0800a698      0x128 C:/ST/STM32CubeIDE_1.19.0/STM32CubeIDE/plugins/com.st.stm32cube.ide.mcu.externaltools.gnu-tools-for-stm32.13.3.rel1.win32_1.0.0.202411081344/tools/bin/../lib/gcc/arm-none-eabi/13.3.1/../../../../arm-none-eabi/lib/thumb/v7e-m+fp/hard\libc_nano.a(libc_a-mprec.o)
                0x0800a698                __mdiff
 .text.__d2b    0x0800a7c0       0xb0 C:/ST/STM32CubeIDE_1.19.0/STM32CubeIDE/plugins/com.st.stm32cube.ide.mcu.externaltools.gnu-tools-for-stm32.13.3.rel1.win32_1.0.0.202411081344/tools/bin/../lib/gcc/arm-none-eabi/13.3.1/../../../../arm-none-eabi/lib/thumb/v7e-m+fp/hard\libc_nano.a(libc_a-mprec.o)
                0x0800a7c0                __d2b
 .text.__sflush_r
                0x0800a870      0x108 C:/ST/STM32CubeIDE_1.19.0/STM32CubeIDE/plugins/com.st.stm32cube.ide.mcu.externaltools.gnu-tools-for-stm32.13.3.rel1.win32_1.0.0.202411081344/tools/bin/../lib/gcc/arm-none-eabi/13.3.1/../../../../arm-none-eabi/lib/thumb/v7e-m+fp/hard\libc_nano.a(libc_a-fflush.o)
                0x0800a870                __sflush_r
 .text._fflush_r
                0x0800a978       0x50 C:/ST/STM32CubeIDE_1.19.0/STM32CubeIDE/plugins/com.st.stm32cube.ide.mcu.externaltools.gnu-tools-for-stm32.13.3.rel1.win32_1.0.0.202411081344/tools/bin/../lib/gcc/arm-none-eabi/13.3.1/../../../../arm-none-eabi/lib/thumb/v7e-m+fp/hard\libc_nano.a(libc_a-fflush.o)
                0x0800a978                _fflush_r
 .text.__assert_func
                0x0800a9c8       0x3c C:/ST/STM32CubeIDE_1.19.0/STM32CubeIDE/plugins/com.st.stm32cube.ide.mcu.externaltools.gnu-tools-for-stm32.13.3.rel1.win32_1.0.0.202411081344/tools/bin/../lib/gcc/arm-none-eabi/13.3.1/../../../../arm-none-eabi/lib/thumb/v7e-m+fp/hard\libc_nano.a(libc_a-assert.o)
                0x0800a9c8                __assert_func
 .text._calloc_r
                0x0800aa04       0x28 C:/ST/STM32CubeIDE_1.19.0/STM32CubeIDE/plugins/com.st.stm32cube.ide.mcu.externaltools.gnu-tools-for-stm32.13.3.rel1.win32_1.0.0.202411081344/tools/bin/../lib/gcc/arm-none-eabi/13.3.1/../../../../arm-none-eabi/lib/thumb/v7e-m+fp/hard\libc_nano.a(libc_a-callocr.o)
                0x0800aa04                _calloc_r
 .text.__ascii_mbtowc
                0x0800aa2c       0x24 C:/ST/STM32CubeIDE_1.19.0/STM32CubeIDE/plugins/com.st.stm32cube.ide.mcu.externaltools.gnu-tools-for-stm32.13.3.rel1.win32_1.0.0.202411081344/tools/bin/../lib/gcc/arm-none-eabi/13.3.1/../../../../arm-none-eabi/lib/thumb/v7e-m+fp/hard\libc_nano.a(libc_a-mbtowc_r.o)
                0x0800aa2c                __ascii_mbtowc
 .text.__ascii_wctomb
                0x0800aa50       0x1a C:/ST/STM32CubeIDE_1.19.0/STM32CubeIDE/plugins/com.st.stm32cube.ide.mcu.externaltools.gnu-tools-for-stm32.13.3.rel1.win32_1.0.0.202411081344/tools/bin/../lib/gcc/arm-none-eabi/13.3.1/../../../../arm-none-eabi/lib/thumb/v7e-m+fp/hard\libc_nano.a(libc_a-wctomb_r.o)
                0x0800aa50                __ascii_wctomb
 *fill*         0x0800aa6a        0x2 
 .text.fprintf  0x0800aa6c       0x24 C:/ST/STM32CubeIDE_1.19.0/STM32CubeIDE/plugins/com.st.stm32cube.ide.mcu.externaltools.gnu-tools-for-stm32.13.3.rel1.win32_1.0.0.202411081344/tools/bin/../lib/gcc/arm-none-eabi/13.3.1/../../../../arm-none-eabi/lib/thumb/v7e-m+fp/hard\libc_nano.a(libc_a-fprintf.o)
                0x0800aa6c                fiprintf
                0x0800aa6c                fprintf
 .text.abort    0x0800aa90        0xe C:/ST/STM32CubeIDE_1.19.0/STM32CubeIDE/plugins/com.st.stm32cube.ide.mcu.externaltools.gnu-tools-for-stm32.13.3.rel1.win32_1.0.0.202411081344/tools/bin/../lib/gcc/arm-none-eabi/13.3.1/../../../../arm-none-eabi/lib/thumb/v7e-m+fp/hard\libc_nano.a(libc_a-abort.o)
                0x0800aa90                abort
 .text.__sfputc_r
                0x0800aa9e       0x2e C:/ST/STM32CubeIDE_1.19.0/STM32CubeIDE/plugins/com.st.stm32cube.ide.mcu.externaltools.gnu-tools-for-stm32.13.3.rel1.win32_1.0.0.202411081344/tools/bin/../lib/gcc/arm-none-eabi/13.3.1/../../../../arm-none-eabi/lib/thumb/v7e-m+fp/hard\libc_nano.a(libc_a-nano-vfprintf.o)
 .text.__sfputs_r
                0x0800aacc       0x24 C:/ST/STM32CubeIDE_1.19.0/STM32CubeIDE/plugins/com.st.stm32cube.ide.mcu.externaltools.gnu-tools-for-stm32.13.3.rel1.win32_1.0.0.202411081344/tools/bin/../lib/gcc/arm-none-eabi/13.3.1/../../../../arm-none-eabi/lib/thumb/v7e-m+fp/hard\libc_nano.a(libc_a-nano-vfprintf.o)
                0x0800aacc                __sfputs_r
 .text._vfprintf_r
                0x0800aaf0      0x230 C:/ST/STM32CubeIDE_1.19.0/STM32CubeIDE/plugins/com.st.stm32cube.ide.mcu.externaltools.gnu-tools-for-stm32.13.3.rel1.win32_1.0.0.202411081344/tools/bin/../lib/gcc/arm-none-eabi/13.3.1/../../../../arm-none-eabi/lib/thumb/v7e-m+fp/hard\libc_nano.a(libc_a-nano-vfprintf.o)
                0x0800aaf0                _vfprintf_r
                0x0800aaf0                _vfiprintf_r
 .text.__swbuf_r
                0x0800ad20       0x7c C:/ST/STM32CubeIDE_1.19.0/STM32CubeIDE/plugins/com.st.stm32cube.ide.mcu.externaltools.gnu-tools-for-stm32.13.3.rel1.win32_1.0.0.202411081344/tools/bin/../lib/gcc/arm-none-eabi/13.3.1/../../../../arm-none-eabi/lib/thumb/v7e-m+fp/hard\libc_nano.a(libc_a-wbuf.o)
                0x0800ad20                __swbuf_r
 .text.__swsetup_r
                0x0800ad9c       0xac C:/ST/STM32CubeIDE_1.19.0/STM32CubeIDE/plugins/com.st.stm32cube.ide.mcu.externaltools.gnu-tools-for-stm32.13.3.rel1.win32_1.0.0.202411081344/tools/bin/../lib/gcc/arm-none-eabi/13.3.1/../../../../arm-none-eabi/lib/thumb/v7e-m+fp/hard\libc_nano.a(libc_a-wsetup.o)
                0x0800ad9c                __swsetup_r
 .text._raise_r
                0x0800ae48       0x50 C:/ST/STM32CubeIDE_1.19.0/STM32CubeIDE/plugins/com.st.stm32cube.ide.mcu.externaltools.gnu-tools-for-stm32.13.3.rel1.win32_1.0.0.202411081344/tools/bin/../lib/gcc/arm-none-eabi/13.3.1/../../../../arm-none-eabi/lib/thumb/v7e-m+fp/hard\libc_nano.a(libc_a-signal.o)
                0x0800ae48                _raise_r
 .text.raise    0x0800ae98       0x10 C:/ST/STM32CubeIDE_1.19.0/STM32CubeIDE/plugins/com.st.stm32cube.ide.mcu.externaltools.gnu-tools-for-stm32.13.3.rel1.win32_1.0.0.202411081344/tools/bin/../lib/gcc/arm-none-eabi/13.3.1/../../../../arm-none-eabi/lib/thumb/v7e-m+fp/hard\libc_nano.a(libc_a-signal.o)
                0x0800ae98                raise
 .text._kill_r  0x0800aea8       0x24 C:/ST/STM32CubeIDE_1.19.0/STM32CubeIDE/plugins/com.st.stm32cube.ide.mcu.externaltools.gnu-tools-for-stm32.13.3.rel1.win32_1.0.0.202411081344/tools/bin/../lib/gcc/arm-none-eabi/13.3.1/../../../../arm-none-eabi/lib/thumb/v7e-m+fp/hard\libc_nano.a(libc_a-signalr.o)
                0x0800aea8                _kill_r
 .text._getpid_r
                0x0800aecc        0x4 C:/ST/STM32CubeIDE_1.19.0/STM32CubeIDE/plugins/com.st.stm32cube.ide.mcu.externaltools.gnu-tools-for-stm32.13.3.rel1.win32_1.0.0.202411081344/tools/bin/../lib/gcc/arm-none-eabi/13.3.1/../../../../arm-none-eabi/lib/thumb/v7e-m+fp/hard\libc_nano.a(libc_a-signalr.o)
                0x0800aecc                _getpid_r
 .text.__swhatbuf_r
                0x0800aed0       0x4c C:/ST/STM32CubeIDE_1.19.0/STM32CubeIDE/plugins/com.st.stm32cube.ide.mcu.externaltools.gnu-tools-for-stm32.13.3.rel1.win32_1.0.0.202411081344/tools/bin/../lib/gcc/arm-none-eabi/13.3.1/../../../../arm-none-eabi/lib/thumb/v7e-m+fp/hard\libc_nano.a(libc_a-makebuf.o)
                0x0800aed0                __swhatbuf_r
 .text.__smakebuf_r
                0x0800af1c       0x78 C:/ST/STM32CubeIDE_1.19.0/STM32CubeIDE/plugins/com.st.stm32cube.ide.mcu.externaltools.gnu-tools-for-stm32.13.3.rel1.win32_1.0.0.202411081344/tools/bin/../lib/gcc/arm-none-eabi/13.3.1/../../../../arm-none-eabi/lib/thumb/v7e-m+fp/hard\libc_nano.a(libc_a-makebuf.o)
                0x0800af1c                __smakebuf_r
 .text._fstat_r
                0x0800af94       0x24 C:/ST/STM32CubeIDE_1.19.0/STM32CubeIDE/plugins/com.st.stm32cube.ide.mcu.externaltools.gnu-tools-for-stm32.13.3.rel1.win32_1.0.0.202411081344/tools/bin/../lib/gcc/arm-none-eabi/13.3.1/../../../../arm-none-eabi/lib/thumb/v7e-m+fp/hard\libc_nano.a(libc_a-fstatr.o)
                0x0800af94                _fstat_r
 .text._isatty_r
                0x0800afb8       0x20 C:/ST/STM32CubeIDE_1.19.0/STM32CubeIDE/plugins/com.st.stm32cube.ide.mcu.externaltools.gnu-tools-for-stm32.13.3.rel1.win32_1.0.0.202411081344/tools/bin/../lib/gcc/arm-none-eabi/13.3.1/../../../../arm-none-eabi/lib/thumb/v7e-m+fp/hard\libc_nano.a(libc_a-isattyr.o)
                0x0800afb8                _isatty_r
 *(.glue_7)
 .glue_7        0x0800afd8        0x0 linker stubs
 *(.glue_7t)
 .glue_7t       0x0800afd8        0x0 linker stubs
 *(.eh_frame)
 .eh_frame      0x0800afd8        0x0 C:/ST/STM32CubeIDE_1.19.0/STM32CubeIDE/plugins/com.st.stm32cube.ide.mcu.externaltools.gnu-tools-for-stm32.13.3.rel1.win32_1.0.0.202411081344/tools/bin/../lib/gcc/arm-none-eabi/13.3.1/thumb/v7e-m+fp/hard/crtbegin.o
 *(.init)
 .init          0x0800afd8        0x4 C:/ST/STM32CubeIDE_1.19.0/STM32CubeIDE/plugins/com.st.stm32cube.ide.mcu.externaltools.gnu-tools-for-stm32.13.3.rel1.win32_1.0.0.202411081344/tools/bin/../lib/gcc/arm-none-eabi/13.3.1/thumb/v7e-m+fp/hard/crti.o
                0x0800afd8                _init
 .init          0x0800afdc        0x8 C:/ST/STM32CubeIDE_1.19.0/STM32CubeIDE/plugins/com.st.stm32cube.ide.mcu.externaltools.gnu-tools-for-stm32.13.3.rel1.win32_1.0.0.202411081344/tools/bin/../lib/gcc/arm-none-eabi/13.3.1/thumb/v7e-m+fp/hard/crtn.o
 *(.fini)
 .fini          0x0800afe4        0x4 C:/ST/STM32CubeIDE_1.19.0/STM32CubeIDE/plugins/com.st.stm32cube.ide.mcu.externaltools.gnu-tools-for-stm32.13.3.rel1.win32_1.0.0.202411081344/tools/bin/../lib/gcc/arm-none-eabi/13.3.1/thumb/v7e-m+fp/hard/crti.o
                0x0800afe4                _fini
 .fini          0x0800afe8        0x8 C:/ST/STM32CubeIDE_1.19.0/STM32CubeIDE/plugins/com.st.stm32cube.ide.mcu.externaltools.gnu-tools-for-stm32.13.3.rel1.win32_1.0.0.202411081344/tools/bin/../lib/gcc/arm-none-eabi/13.3.1/thumb/v7e-m+fp/hard/crtn.o
                0x0800aff0                        . = ALIGN (0x4)
                0x0800aff0                        _etext = .

.vfp11_veneer   0x0800aff0        0x0
 .vfp11_veneer  0x0800aff0        0x0 linker stubs

.v4_bx          0x0800aff0        0x0
 .v4_bx         0x0800aff0        0x0 linker stubs

.iplt           0x0800aff0        0x0
 .iplt          0x0800aff0        0x0 C:/ST/STM32CubeIDE_1.19.0/STM32CubeIDE/plugins/com.st.stm32cube.ide.mcu.externaltools.gnu-tools-for-stm32.13.3.rel1.win32_1.0.0.202411081344/tools/bin/../lib/gcc/arm-none-eabi/13.3.1/thumb/v7e-m+fp/hard/crtbegin.o

.rodata         0x0800aff0      0x414
                0x0800aff0                        . = ALIGN (0x4)
 *(.rodata)
 *(.rodata*)
 .rodata._ZTV24GenericAdcChannelSampler
                0x0800aff0       0x14 ./Core/PrometheUS/Actuation/Clutch.o
                0x0800aff0                vtable for GenericAdcChannelSampler
 .rodata._ZTV20ClutchCurrentSampler
                0x0800b004       0x14 ./Core/PrometheUS/Sensing/ClutchCurrentSampler.o
                0x0800b004                vtable for ClutchCurrentSampler
 .rodata._ZTV26ClutchesTemperatureSampler
                0x0800b018       0x14 ./Core/PrometheUS/Sensing/ClutchesTemperatureSampler.o
                0x0800b018                vtable for ClutchesTemperatureSampler
 .rodata._ZTV22GenericAdcBurstSampler
                0x0800b02c       0x14 ./Core/PrometheUS/Sensing/ClutchesTemperatureSampler.o
                0x0800b02c                vtable for GenericAdcBurstSampler
 .rodata._ZZN14EncoderSampler14sampleRawValueEvE19TRANSMIT_DUMMY_DATA
                0x0800b040        0x2 ./Core/PrometheUS/Sensing/EncoderSampler.o
 *fill*         0x0800b042        0x2 
 .rodata._ZTV20MotorVelocitySampler
                0x0800b044       0x14 ./Core/PrometheUS/Sensing/MotorVelocitySampler.o
                0x0800b044                vtable for MotorVelocitySampler
 .rodata._ZTV21PotentiometersSampler
                0x0800b058       0x14 ./Core/PrometheUS/Sensing/PotentiometersSampler.o
                0x0800b058                vtable for PotentiometersSampler
 .rodata.AHBPrescTable
                0x0800b06c       0x10 ./Core/Src/system_stm32f4xx.o
                0x0800b06c                AHBPrescTable
 .rodata.APBPrescTable
                0x0800b07c        0x8 ./Core/Src/system_stm32f4xx.o
                0x0800b07c                APBPrescTable
 .rodata.flagBitshiftOffset.0
                0x0800b084        0x8 ./Drivers/STM32F4xx_HAL_Driver/Src/stm32f4xx_hal_dma.o
 .rodata._printf_float.str1.1
                0x0800b08c      0x171 C:/ST/STM32CubeIDE_1.19.0/STM32CubeIDE/plugins/com.st.stm32cube.ide.mcu.externaltools.gnu-tools-for-stm32.13.3.rel1.win32_1.0.0.202411081344/tools/bin/../lib/gcc/arm-none-eabi/13.3.1/../../../../arm-none-eabi/lib/thumb/v7e-m+fp/hard\libc_nano.a(libc_a-nano-vfprintf_float.o)
                                 0x12 (size before relaxing)
 .rodata._printf_i.str1.1
                0x0800b1fd       0x22 C:/ST/STM32CubeIDE_1.19.0/STM32CubeIDE/plugins/com.st.stm32cube.ide.mcu.externaltools.gnu-tools-for-stm32.13.3.rel1.win32_1.0.0.202411081344/tools/bin/../lib/gcc/arm-none-eabi/13.3.1/../../../../arm-none-eabi/lib/thumb/v7e-m+fp/hard\libc_nano.a(libc_a-nano-vfprintf_i.o)
 .rodata._dtoa_r.str1.1