../Core/PrometheUS/System/PrometheUS.cpp:3:1:PrometheUS_Gripper::PrometheUS_Gripper(SystemFlags&, ClutchCurrentSampler&, ClutchCurrentSampler&, ClutchCurrentSampler&, MotorVelocitySampler&)	24	static
../Core/PrometheUS/System/PrometheUS.cpp:205:6:static void PrometheUS_Gripper::startTimers()	8	static
../Core/PrometheUS/System/PrometheUS.cpp:239:6:void PrometheUS_Gripper::start()	8	static
../Core/PrometheUS/System/PrometheUS.cpp:18:6:void PrometheUS_Gripper::init()	32	static
../Core/PrometheUS/System/PrometheUS.cpp:248:6:void PrometheUS_Gripper::stop()	8	static
../Core/PrometheUS/System/PrometheUS.cpp:257:6:void PrometheUS_Gripper::checkForErrors()	8	static
../Core/PrometheUS/System/PrometheUS.cpp:98:6:void PrometheUS_Gripper::controlStateMachine()	16	static
../Core/PrometheUS/System/PrometheUS.cpp:50:6:void PrometheUS_Gripper::systemStateMachine()	0	static
../Core/PrometheUS/System/PrometheUS.cpp:45:6:void PrometheUS_Gripper::execute()	0	static
