../Core/PrometheUS/System/PrometheUS.cpp:3:1:PrometheUS_Gripper::PrometheUS_Gripper(SystemFlags&, ClutchCurrentSampler&, ClutchCurrentSampler&, ClutchCurrentSampler&, MotorVelocitySampler&)	48	static
../Core/PrometheUS/System/PrometheUS.cpp:213:6:static void PrometheUS_Gripper::startTimers()	8	static
../Core/PrometheUS/System/PrometheUS.cpp:247:6:void PrometheUS_Gripper::start()	8	static
../Core/PrometheUS/System/PrometheUS.cpp:17:6:void PrometheUS_Gripper::init()	32	static
../Core/PrometheUS/System/PrometheUS.cpp:256:6:void PrometheUS_Gripper::stop()	8	static
../Core/PrometheUS/System/PrometheUS.cpp:265:6:void PrometheUS_Gripper::checkForErrors()	40	static
../Core/PrometheUS/System/PrometheUS.cpp:111:6:void PrometheUS_Gripper::controlStateMachine()	48	static
../Core/PrometheUS/System/PrometheUS.cpp:49:6:void PrometheUS_Gripper::systemStateMachine()	24	static
../Core/PrometheUS/System/PrometheUS.cpp:44:6:void PrometheUS_Gripper::execute()	0	static
