../Core/PrometheUS/Actuation/DigitalInput.hpp:11:8:void DigitalInput::init(GPIO_TypeDef*, uint16_t)	24	static
../Core/PrometheUS/Actuation/DigitalInput.hpp:17:15:bool DigitalInput::isOn() const	24	static
../Core/PrometheUS/Actuation/DigitalOutput.hpp:11:8:void DigitalOutput::init(GPIO_TypeDef*, uint16_t)	24	static
../Core/PrometheUS/Actuation/DigitalOutput.hpp:17:15:void DigitalOutput::on()	16	static
../Core/PrometheUS/Actuation/DigitalOutput.hpp:22:15:void DigitalOutput::off()	16	static
../Core/PrometheUS/Actuation/DigitalInput.hpp:8:3:constexpr DigitalInput::DigitalInput()	16	static
../Core/PrometheUS/Actuation/PWM.hpp:8:3:PWM::PWM()	16	static
../Core/PrometheUS/Actuation/DigitalOutput.hpp:8:3:constexpr DigitalOutput::DigitalOutput()	16	static
../Core/PrometheUS/Actuation/Motor.cpp:7:1:Motor::Motor(MotorVelocitySampler*)	16	static
../Core/PrometheUS/Actuation/Motor.cpp:13:6:void Motor::init()	16	static
../Core/PrometheUS/Actuation/Motor.cpp:25:6:void Motor::start()	16	static
../Core/PrometheUS/Actuation/Motor.cpp:30:6:void Motor::stop()	16	static
../Core/PrometheUS/Actuation/Motor.cpp:35:6:void Motor::setRPM(float)	32	static
../Core/PrometheUS/Actuation/Motor.cpp:48:7:float Motor::getMotorVelocity()	16	static
../Core/PrometheUS/Actuation/Motor.cpp:53:6:bool Motor::isError()	16	static
