../Core/PrometheUS/Actuation/Clutch.cpp:5:1:Clutch::Clutch(ClutchCurrentSampler*)	0	static
../Core/PrometheUS/Actuation/Clutch.cpp:11:6:void Clutch::init(uint32_t, uint8_t, uint32_t, GPIO_TypeDef*, uint16_t)	24	static
../Core/PrometheUS/Actuation/Clutch.cpp:17:7:float Clutch::calculateCurrentPID(float, float)	8	static
../Core/PrometheUS/Actuation/Clutch.cpp:23:7:float Clutch::getMeasuredCurrent()	8	static
../Core/PrometheUS/Actuation/Clutch.cpp:29:6:bool Clutch::isInError()	0	static
../Core/PrometheUS/Actuation/Clutch.cpp:39:6:void Clutch::updateCommand()	0	static
../Core/PrometheUS/Actuation/Clutch.cpp:44:6:void Clutch::start()	0	static
../Core/PrometheUS/Actuation/Clutch.cpp:49:6:void Clutch::stop()	0	static
