../Core/PrometheUS/Actuation/DebouncedButton.hpp:18:15:bool DebouncedButton::pressed()	16	static
../Core/PrometheUS/Actuation/DigitalOutput.hpp:22:15:void DigitalOutput::off()	0	static
../Core/PrometheUS/Actuation/DigitalOutput.hpp:32:15:void DigitalOutput::pulse()	8	static
../Core/PrometheUS/Tests/TestStateMachines.cpp:141:8:void TestStateMachines::controlStateMachine()	16	static
../Core/PrometheUS/Tests/TestStateMachines.cpp:84:8:void TestStateMachines::systemStateMachine()	8	static
../Core/PrometheUS/Tests/TestStateMachines.cpp:215:6:void Tests::stateMachines(SystemFlags*, ClutchCurrentSampler*, ClutchCurrentSampler*, ClutchCurrentSampler*, MotorVelocitySampler*)	80	static
