../Core/Src/stm32f4xx_hal_msp.c:72:6:HAL_MspInit	8	static
../Core/Src/stm32f4xx_hal_msp.c:95:6:HAL_ADC_MspInit	72	static
../Core/Src/stm32f4xx_hal_msp.c:246:6:HAL_ADC_MspDeInit	8	static
../Core/Src/stm32f4xx_hal_msp.c:325:6:HAL_DAC_MspInit	40	static
../Core/Src/stm32f4xx_hal_msp.c:359:6:HAL_DAC_MspDeInit	0	static
../Core/Src/stm32f4xx_hal_msp.c:387:6:HAL_SPI_MspInit	56	static
../Core/Src/stm32f4xx_hal_msp.c:433:6:HAL_SPI_MspDeInit	8	static
../Core/Src/stm32f4xx_hal_msp.c:465:6:HAL_TIM_PWM_MspInit	8	static
../Core/Src/stm32f4xx_hal_msp.c:488:6:HAL_TIM_Base_MspInit	24	static
../Core/Src/stm32f4xx_hal_msp.c:529:6:HAL_TIM_MspPostInit	64	static
../Core/Src/stm32f4xx_hal_msp.c:647:6:HAL_TIM_PWM_MspDeInit	0	static
../Core/Src/stm32f4xx_hal_msp.c:669:6:HAL_TIM_Base_MspDeInit	0	static
../Core/Src/stm32f4xx_hal_msp.c:716:6:HAL_UART_MspInit	48	static
../Core/Src/stm32f4xx_hal_msp.c:772:6:HAL_UART_MspDeInit	8	static
