../Core/Src/stm32f4xx_hal_msp.c:72:6:HAL_MspInit	8	static
../Core/Src/stm32f4xx_hal_msp.c:95:6:HAL_ADC_MspInit	72	static
../Core/Src/stm32f4xx_hal_msp.c:255:6:HAL_ADC_MspDeInit	8	static
../Core/Src/stm32f4xx_hal_msp.c:364:6:HAL_DAC_MspInit	40	static
../Core/Src/stm32f4xx_hal_msp.c:398:6:HAL_DAC_MspDeInit	0	static
../Core/Src/stm32f4xx_hal_msp.c:426:6:HAL_SPI_MspInit	56	static
../Core/Src/stm32f4xx_hal_msp.c:472:6:HAL_SPI_MspDeInit	8	static
../Core/Src/stm32f4xx_hal_msp.c:504:6:HAL_TIM_PWM_MspInit	8	static
../Core/Src/stm32f4xx_hal_msp.c:537:6:HAL_TIM_Base_MspInit	16	static
../Core/Src/stm32f4xx_hal_msp.c:567:6:HAL_TIM_MspPostInit	56	static
../Core/Src/stm32f4xx_hal_msp.c:661:6:HAL_TIM_PWM_MspDeInit	0	static
../Core/Src/stm32f4xx_hal_msp.c:694:6:HAL_TIM_Base_MspDeInit	0	static
../Core/Src/stm32f4xx_hal_msp.c:730:6:HAL_UART_MspInit	48	static
../Core/Src/stm32f4xx_hal_msp.c:789:6:HAL_UART_MspDeInit	8	static
