../Core/PrometheUS/Sensing/ClutchesTemperatureSampler.hpp:6:7:ClutchesTemperatureSampler::~ClutchesTemperatureSampler()	0	static
../Core/PrometheUS/Sensing/ClutchesTemperatureSampler.hpp:6:7:virtual ClutchesTemperatureSampler::~ClutchesTemperatureSampler()	8	static
../Core/PrometheUS/Sensing/Lookup.hpp:3:14:float lookup1d(float, const float*, const float*, uint16_t)	8	static
../Core/PrometheUS/Sensing/ClutchesTemperatureSampler.cpp:20:6:virtual void ClutchesTemperatureSampler::convertAll(float (&)[3]) const	24	static
../Core/PrometheUS/Sensing/ClutchesTemperatureSampler.cpp:11:1:ClutchesTemperatureSampler::ClutchesTemperatureSampler()	8	static
../Core/PrometheUS/Sensing/ClutchesTemperatureSampler.cpp:32:7:static float ClutchesTemperatureSampler::testConversion(float)	0	static
