../Core/PrometheUS/Sensing/ClutchCurrentSampler.cpp:14:7:virtual float ClutchCurrentSampler::convertRawAdcValue() const	0	static
../Core/PrometheUS/Sensing/ClutchCurrentSampler.hpp:6:7:ClutchCurrentSampler::~ClutchCurrentSampler()	0	static
../Core/PrometheUS/Sensing/ClutchCurrentSampler.hpp:6:7:virtual ClutchCurrentSampler::~ClutchCurrentSampler()	8	static
../Core/PrometheUS/Sensing/ClutchCurrentSampler.cpp:5:6:void ClutchCurrentSampler::init(ADC_HandleTypeDef*, uint32_t, uint8_t)	16	static
../Core/PrometheUS/Sensing/ClutchCurrentSampler.cpp:21:7:static float ClutchCurrentSampler::testConversion(float)	0	static
